Component: ARM Compiler 5.06 update 7 (build 960) Tool: armlink [4d3601]

==============================================================================

Section Cross References

    main.o(.text) refers to misc.o(.text) for NVIC_SetVectorTable
    main.o(.text) refers to delay.o(.text) for delay_init
    main.o(.text) refers to uart.o(.text) for UART_Init
    main.o(.text) refers to led.o(.text) for LED_Init
    main.o(.text) refers to key.o(.text) for Key_Init
    main.o(.text) refers to rc522.o(.text) for RC522_Init
    main.o(.text) refers to pwm.o(.text) for TIM3_PWM_Init
    main.o(.text) refers to iwdg.o(.text) for Iwdg_Init
    main.o(.text) refers to os_core.o(.text) for OSInit
    main.o(.text) refers to os_task.o(.text) for OSTaskCreate
    main.o(.text) refers to systask.o(.bss) for START_TASK_STK
    main.o(.text) refers to systask.o(.text) for start_task
    system_stm32f10x.o(.text) refers to system_stm32f10x.o(.data) for SystemCoreClock
    startup_stm32f10x_md.o(STACK) refers (Special) to heapauxi.o(.text) for __use_two_region_memory
    startup_stm32f10x_md.o(HEAP) refers (Special) to heapauxi.o(.text) for __use_two_region_memory
    startup_stm32f10x_md.o(RESET) refers (Special) to heapauxi.o(.text) for __use_two_region_memory
    startup_stm32f10x_md.o(RESET) refers to startup_stm32f10x_md.o(STACK) for __initial_sp
    startup_stm32f10x_md.o(RESET) refers to startup_stm32f10x_md.o(.text) for Reset_Handler
    startup_stm32f10x_md.o(RESET) refers to stm32f10x_it.o(.text) for NMI_Handler
    startup_stm32f10x_md.o(RESET) refers to os_cpu_a.o(.text) for PendSV_Handler
    startup_stm32f10x_md.o(RESET) refers to delay.o(.text) for SysTick_Handler
    startup_stm32f10x_md.o(RESET) refers to timer.o(.text) for TIM2_IRQHandler
    startup_stm32f10x_md.o(RESET) refers to uart.o(.text) for USART1_IRQHandler
    startup_stm32f10x_md.o(.text) refers (Special) to heapauxi.o(.text) for __use_two_region_memory
    startup_stm32f10x_md.o(.text) refers to system_stm32f10x.o(.text) for SystemInit
    startup_stm32f10x_md.o(.text) refers to __main.o(!!!main) for __main
    startup_stm32f10x_md.o(.text) refers to startup_stm32f10x_md.o(HEAP) for Heap_Mem
    startup_stm32f10x_md.o(.text) refers to startup_stm32f10x_md.o(STACK) for Stack_Mem
    stm32f10x_gpio.o(.text) refers to stm32f10x_rcc.o(.text) for RCC_APB2PeriphResetCmd
    stm32f10x_rcc.o(.text) refers to stm32f10x_rcc.o(.data) for APBAHBPrescTable
    stm32f10x_i2c.o(.text) refers to stm32f10x_rcc.o(.text) for RCC_APB1PeriphResetCmd
    stm32f10x_usart.o(.text) refers to stm32f10x_rcc.o(.text) for RCC_APB2PeriphResetCmd
    stm32f10x_adc.o(.text) refers to stm32f10x_rcc.o(.text) for RCC_APB2PeriphResetCmd
    stm32f10x_tim.o(.text) refers to stm32f10x_rcc.o(.text) for RCC_APB2PeriphResetCmd
    delay.o(.text) refers to os_core.o(.text) for OSSchedLock
    delay.o(.text) refers to os_time.o(.text) for OSTimeDly
    delay.o(.text) refers to misc.o(.text) for SysTick_CLKSourceConfig
    delay.o(.text) refers to os_core.o(.data) for OSRunning
    delay.o(.text) refers to system_stm32f10x.o(.data) for SystemCoreClock
    delay.o(.text) refers to delay.o(.data) for fac_us
    led.o(.text) refers to stm32f10x_rcc.o(.text) for RCC_APB2PeriphClockCmd
    led.o(.text) refers to stm32f10x_gpio.o(.text) for GPIO_Init
    uart.o(.text) refers (Special) to use_no_semi_2.o(.text) for __use_no_semihosting
    uart.o(.text) refers to stm32f10x_rcc.o(.text) for RCC_APB2PeriphClockCmd
    uart.o(.text) refers to stm32f10x_gpio.o(.text) for GPIO_Init
    uart.o(.text) refers to misc.o(.text) for NVIC_Init
    uart.o(.text) refers to stm32f10x_usart.o(.text) for USART_Init
    uart.o(.text) refers to uart.o(.bss) for SendBuff
    uart.o(.text) refers to uart.o(.data) for buffCounter
    uart.o(.bss) refers (Special) to use_no_semi_2.o(.text) for __use_no_semihosting
    uart.o(.data) refers (Special) to use_no_semi_2.o(.text) for __use_no_semihosting
    timer.o(.text) refers to stm32f10x_rcc.o(.text) for RCC_APB1PeriphClockCmd
    timer.o(.text) refers to stm32f10x_tim.o(.text) for TIM_TimeBaseInit
    timer.o(.text) refers to misc.o(.text) for NVIC_Init
    pwm.o(.text) refers to stm32f10x_rcc.o(.text) for RCC_APB1PeriphClockCmd
    pwm.o(.text) refers to stm32f10x_gpio.o(.text) for GPIO_Init
    pwm.o(.text) refers to stm32f10x_tim.o(.text) for TIM_TimeBaseInit
    systask.o(.text) refers to _printf_percent.o(.ARM.Collect$$_printf_percent$$00000000) for _printf_percent
    systask.o(.text) refers to _printf_x.o(.ARM.Collect$$_printf_percent$$0000000C) for _printf_x
    systask.o(.text) refers to _printf_hex_int.o(.text) for _printf_longlong_hex
    systask.o(.text) refers to stm32f10x_iwdg.o(.text) for IWDG_ReloadCounter
    systask.o(.text) refers to delay.o(.text) for delay_ms
    systask.o(.text) refers to noretval__2printf.o(.text) for __2printf
    systask.o(.text) refers to stm32f10x_tim.o(.text) for TIM_SetCompare4
[...]
    ../clib/signal.c                         0x00000000   Number         0  defsig_rtred_inner.o ABSOLUTE
    ../clib/signal.c                         0x00000000   Number         0  defsig_fpe_inner.o ABSOLUTE
    ../clib/signal.c                         0x00000000   Number         0  defsig_abrt_inner.o ABSOLUTE
    ../clib/signal.c                         0x00000000   Number         0  defsig_general.o ABSOLUTE
    ../clib/signal.c                         0x00000000   Number         0  __raise.o ABSOLUTE
    ../clib/signal.c                         0x00000000   Number         0  defsig_rtmem_inner.o ABSOLUTE
    ../clib/signal.c                         0x00000000   Number         0  defsig_exit.o ABSOLUTE
    ../clib/signal.s                         0x00000000   Number         0  defsig.o ABSOLUTE
    ../clib/stdio.c                          0x00000000   Number         0  ferror_locked.o ABSOLUTE
    ../clib/stdio.c                          0x00000000   Number         0  ferror.o ABSOLUTE
    ../clib/stdlib.c                         0x00000000   Number         0  exit.o ABSOLUTE
    ../fplib/fpinit.s                        0x00000000   Number         0  fpinit.o ABSOLUTE
    ..\CORE\core_cm3.c                       0x00000000   Number         0  core_cm3.o ABSOLUTE
    ..\CORE\startup_stm32f10x_md.s           0x00000000   Number         0  startup_stm32f10x_md.o ABSOLUTE
    ..\FWLIB\src\misc.c                      0x00000000   Number         0  misc.o ABSOLUTE
    ..\FWLIB\src\stm32f10x_adc.c             0x00000000   Number         0  stm32f10x_adc.o ABSOLUTE
    ..\FWLIB\src\stm32f10x_dma.c             0x00000000   Number         0  stm32f10x_dma.o ABSOLUTE
    ..\FWLIB\src\stm32f10x_flash.c           0x00000000   Number         0  stm32f10x_flash.o ABSOLUTE
    ..\FWLIB\src\stm32f10x_gpio.c            0x00000000   Number         0  stm32f10x_gpio.o ABSOLUTE
    ..\FWLIB\src\stm32f10x_i2c.c             0x00000000   Number         0  stm32f10x_i2c.o ABSOLUTE
    ..\FWLIB\src\stm32f10x_iwdg.c            0x00000000   Number         0  stm32f10x_iwdg.o ABSOLUTE
    ..\FWLIB\src\stm32f10x_rcc.c             0x00000000   Number         0  stm32f10x_rcc.o ABSOLUTE
    ..\FWLIB\src\stm32f10x_tim.c             0x00000000   Number         0  stm32f10x_tim.o ABSOLUTE
    ..\FWLIB\src\stm32f10x_usart.c           0x00000000   Number         0  stm32f10x_usart.o ABSOLUTE
    ..\MODULE\iwdg.c                         0x00000000   Number         0  iwdg.o ABSOLUTE
    ..\MODULE\key.c                          0x00000000   Number         0  key.o ABSOLUTE
    ..\MODULE\led.c                          0x00000000   Number         0  led.o ABSOLUTE
    ..\MODULE\pwm.c                          0x00000000   Number         0  pwm.o ABSOLUTE
    ..\MODULE\rc522.c                        0x00000000   Number         0  rc522.o ABSOLUTE
    ..\MODULE\stmflash.c                     0x00000000   Number         0  stmflash.o ABSOLUTE
    ..\MODULE\systask.c                      0x00000000   Number         0  systask.o ABSOLUTE
    ..\MODULE\timer.c                        0x00000000   Number         0  timer.o ABSOLUTE
    ..\MODULE\uart.c                         0x00000000   Number         0  uart.o ABSOLUTE
    ..\SYSTEM\delay\delay.c                  0x00000000   Number         0  delay.o ABSOLUTE
    ..\SYSTEM\sys\sys.c                      0x00000000   Number         0  sys.o ABSOLUTE
    ..\UCOSII\CORE\os_core.c                 0x00000000   Number         0  os_core.o ABSOLUTE
    ..\UCOSII\CORE\os_flag.c                 0x00000000   Number         0  os_flag.o ABSOLUTE
    ..\UCOSII\CORE\os_mbox.c                 0x00000000   Number         0  os_mbox.o ABSOLUTE
    ..\UCOSII\CORE\os_mem.c                  0x00000000   Number         0  os_mem.o ABSOLUTE
    ..\UCOSII\CORE\os_mutex.c                0x00000000   Number         0  os_mutex.o ABSOLUTE
    ..\UCOSII\CORE\os_q.c                    0x00000000   Number         0  os_q.o ABSOLUTE
    ..\UCOSII\CORE\os_sem.c                  0x00000000   Number         0  os_sem.o ABSOLUTE
    ..\UCOSII\CORE\os_task.c                 0x00000000   Number         0  os_task.o ABSOLUTE
    ..\UCOSII\CORE\os_time.c                 0x00000000   Number         0  os_time.o ABSOLUTE
    ..\UCOSII\CORE\os_tmr.c                  0x00000000   Number         0  os_tmr.o ABSOLUTE
    ..\UCOSII\PORT\os_cpu_a.asm              0x00000000   Number         0  os_cpu_a.o ABSOLUTE
    ..\UCOSII\PORT\os_cpu_c.c                0x00000000   Number         0  os_cpu_c.o ABSOLUTE
    ..\\CORE\\core_cm3.c                     0x00000000   Number         0  core_cm3.o ABSOLUTE
    ..\\SYSTEM\\sys\\sys.c                   0x00000000   Number         0  sys.o ABSOLUTE
    dc.s                                     0x00000000   Number         0  dc.o ABSOLUTE
    main.c                                   0x00000000   Number         0  main.o ABSOLUTE
    stm32f10x_it.c                           0x00000000   Number         0  stm32f10x_it.o ABSOLUTE
    system_stm32f10x.c                       0x00000000   Number         0  system_stm32f10x.o ABSOLUTE
    RESET                                    0x08002800   Section      236  startup_stm32f10x_md.o(RESET)
    !!!main                                  0x080028ec   Section        8  __main.o(!!!main)
    !!!scatter                               0x080028f4   Section       52  __scatter.o(!!!scatter)
    !!dczerorl2                              0x08002928   Section       90  __dczerorl2.o(!!dczerorl2)
    !!handler_zi                             0x08002984   Section       28  __scatter_zi.o(!!handler_zi)
    .ARM.Collect$$_printf_percent$$00000000  0x080029a0   Section        0  _printf_percent.o(.ARM.Collect$$_printf_percent$$00000000)
    .ARM.Collect$$_printf_percent$$0000000C  0x080029a0   Section        6  _printf_x.o(.ARM.Collect$$_printf_percent$$0000000C)
    .ARM.Collect$$_printf_percent$$00000017  0x080029a6   Section        4  _printf_percent_end.o(.ARM.Collect$$_printf_percent$$00000017)
    .ARM.Collect$$libinit$$00000000          0x080029aa   Section        2  libinit.o(.ARM.Collect$$libinit$$00000000)
    .ARM.Collect$$libinit$$00000002          0x080029ac   Section        0  libinit2.o(.ARM.Collect$$libinit$$00000002)
    .ARM.Collect$$libinit$$00000004          0x080029ac   Section        0  libinit2.o(.ARM.Collect$$libinit$$00000004)
    .ARM.Collect$$libinit$$0000000A          0x080029ac   Section        0  libinit2.o(.ARM.Collect$$libinit$$0000000A)
    .ARM.Collect$$libinit$$0000000C          0x080029ac   Section        0  libinit2.o(.ARM.Collect$$libinit$$0000000C)
    .ARM.Collect$$libinit$$0000000E          0x080029ac   Section        0  libinit2.o(.ARM.Collect$$libinit$$0000000E)
    .ARM.Collect$$libinit$$00000011          0x080029ac   Section        0  libinit2.o(.ARM.Collect$$libinit$$00000011)
    .ARM.Collect$$libinit$$00000013          0x080029ac   Section        0  libinit2.o(.ARM.Collect$$libinit$$00000013)
    .ARM.Collect$$libinit$$00000015          0x080029ac   Section        0  libinit2.o(.ARM.Collect$$libinit$$00000015)
    .ARM.Collect$$libinit$$00000017          0x080029ac   Section        0  libinit2.o(.ARM.Collect$$libinit$$00000017)
    .ARM.Collect$$libinit$$00000019          0x080029ac   Section        0  libinit2.o(.ARM.Collect$$libinit$$00000019)
    .ARM.Collect$$libinit$$0000001B          0x080029ac   Section        0  libinit2.o(.ARM.Collect$$libinit$$0000001B)
    .ARM.Collect$$libinit$$0000001D          0x080029ac   Section        0  libinit2.o(.ARM.Collect$$libinit$$0000001D)
    .ARM.Collect$$libinit$$0000001F          0x080029ac   Section        0  libinit2.o(.ARM.Collect$$libinit$$0000001F)
    .ARM.Collect$$libinit$$00000021          0x080029ac   Section        0  libinit2.o(.ARM.Collect$$libinit$$00000021)
    .ARM.Collect$$libinit$$00000023          0x080029ac   Section        0  libinit2.o(.ARM.Collect$$libinit$$00000023)
    .ARM.Collect$$libinit$$00000025          0x080029ac   Section        0  libinit2.o(.ARM.Collect$$libinit$$00000025)
    .ARM.Collect$$libinit$$0000002C          0x080029ac   Section        0  libinit2.o(.ARM.Collect$$libinit$$0000002C)
    .ARM.Collect$$libinit$$0000002E          0x080029ac   Section        0  libinit2.o(.ARM.Collect$$libinit$$0000002E)
    .ARM.Collect$$libinit$$00000030          0x080029ac   Section        0  libinit2.o(.ARM.Collect$$libinit$$00000030)
    .ARM.Collect$$libinit$$00000032          0x080029ac   Section        0  libinit2.o(.ARM.Collect$$libinit$$00000032)
    .ARM.Collect$$libinit$$00000033          0x080029ac   Section        2  libinit2.o(.ARM.Collect$$libinit$$00000033)
    .ARM.Collect$$libshutdown$$00000000      0x080029ae   Section        2  libshutdown.o(.ARM.Collect$$libshutdown$$00000000)
    .ARM.Collect$$libshutdown$$00000002      0x080029b0   Section        0  libshutdown2.o(.ARM.Collect$$libshutdown$$00000002)
    .ARM.Collect$$libshutdown$$00000004      0x080029b0   Section        0  libshutdown2.o(.ARM.Collect$$libshutdown$$00000004)
    .ARM.Collect$$libshutdown$$00000006      0x080029b0   Section        0  libshutdown2.o(.ARM.Collect$$libshutdown$$00000006)
    .ARM.Collect$$libshutdown$$00000009      0x080029b0   Section        0  libshutdown2.o(.ARM.Collect$$libshutdown$$00000009)
    .ARM.Collect$$libshutdown$$0000000C      0x080029b0   Section        0  libshutdown2.o(.ARM.Collect$$libshutdown$$0000000C)
    .ARM.Collect$$libshutdown$$0000000E      0x080029b0   Section        0  libshutdown2.o(.ARM.Collect$$libshutdown$$0000000E)
    .ARM.Collect$$libshutdown$$00000011      0x080029b0   Section        0  libshutdown2.o(.ARM.Collect$$libshutdown$$00000011)
    .ARM.Collect$$libshutdown$$00000012      0x080029b0   Section        2  libshutdown2.o(.ARM.Collect$$libshutdown$$00000012)
    .ARM.Collect$$rtentry$$00000000          0x080029b2   Section        0  __rtentry.o(.ARM.Collect$$rtentry$$00000000)
    .ARM.Collect$$rtentry$$00000002          0x080029b2   Section        0  __rtentry2.o(.ARM.Collect$$rtentry$$00000002)
    .ARM.Collect$$rtentry$$00000004          0x080029b2   Section        6  __rtentry4.o(.ARM.Collect$$rtentry$$00000004)
    .ARM.Collect$$rtentry$$00000009          0x080029b8   Section        0  __rtentry2.o(.ARM.Collect$$rtentry$$00000009)
    .ARM.Collect$$rtentry$$0000000A          0x080029b8   Section        4  __rtentry2.o(.ARM.Collect$$rtentry$$0000000A)
    .ARM.Collect$$rtentry$$0000000C          0x080029bc   Section        0  __rtentry2.o(.ARM.Collect$$rtentry$$0000000C)
    .ARM.Collect$$rtentry$$0000000D          0x080029bc   Section        8  __rtentry2.o(.ARM.Collect$$rtentry$$0000000D)
    .ARM.Collect$$rtexit$$00000000           0x080029c4   Section        2  rtexit.o(.ARM.Collect$$rtexit$$00000000)
    .ARM.Collect$$rtexit$$00000002           0x080029c6   Section        0  rtexit2.o(.ARM.Collect$$rtexit$$00000002)
    .ARM.Collect$$rtexit$$00000003           0x080029c6   Section        4  rtexit2.o(.ARM.Collect$$rtexit$$00000003)
    .ARM.Collect$$rtexit$$00000004           0x080029ca   Section        6  rtexit2.o(.ARM.Collect$$rtexit$$00000004)
    .text                                    0x080029d0   Section        0  main.o(.text)
    .text                                    0x08002a30   Section        0  stm32f10x_it.o(.text)
    .text                                    0x08002a48   Section        0  system_stm32f10x.o(.text)
    SetSysClockTo72                          0x08002a49   Thumb Code   214  system_stm32f10x.o(.text)
    SetSysClock                              0x08002b1f   Thumb Code     8  system_stm32f10x.o(.text)
    .text                                    0x08002c28   Section       64  startup_stm32f10x_md.o(.text)
    .text                                    0x08002c68   Section        0  misc.o(.text)
    .text                                    0x08002d44   Section        0  stm32f10x_gpio.o(.text)
    .text                                    0x080030a0   Section        0  stm32f10x_rcc.o(.text)
    .text                                    0x08003444   Section        0  stm32f10x_usart.o(.text)
    .text                                    0x0800384c   Section        0  stm32f10x_tim.o(.text)
    TI4_Config                               0x08003cf3   Thumb Code   130  stm32f10x_tim.o(.text)
    TI3_Config                               0x08003d87   Thumb Code   122  stm32f10x_tim.o(.text)
    TI2_Config                               0x08003e1b   Thumb Code   130  stm32f10x_tim.o(.text)
    TI1_Config                               0x08003eaf   Thumb Code   108  stm32f10x_tim.o(.text)
    .text                                    0x08004668   Section        0  stm32f10x_flash.o(.text)
    .text                                    0x08004c24   Section        0  stm32f10x_iwdg.o(.text)
    .text                                    0x08004c64   Section        0  delay.o(.text)
    .text                                    0x08004d94   Section        0  led.o(.text)
    .text                                    0x08004dcc   Section        0  uart.o(.text)
    .text                                    0x08005040   Section        0  timer.o(.text)
    .text                                    0x080050b4   Section        0  pwm.o(.text)
    .text                                    0x08005140   Section        0  systask.o(.text)
    .text                                    0x080054fc   Section        0  stmflash.o(.text)
    .text                                    0x08005640   Section        0  rc522.o(.text)
    RC522_SPI_Config                         0x08005cd1   Thumb Code   168  rc522.o(.text)
    .text                                    0x08005e70   Section        0  iwdg.o(.text)
    .text                                    0x08005e90   Section        0  key.o(.text)
    .text                                    0x08006010   Section        0  os_core.o(.text)
    OS_InitTaskStat                          0x080060bb   Thumb Code    52  os_core.o(.text)
    OS_InitTaskIdle                          0x08006111   Thumb Code    52  os_core.o(.text)
    OS_InitEventList                         0x08006157   Thumb Code    62  os_core.o(.text)
    OS_InitTCBList                           0x08006195   Thumb Code   104  os_core.o(.text)
    OS_InitRdyList                           0x080061fd   Thumb Code    44  os_core.o(.text)
    OS_InitMisc                              0x08006229   Thumb Code    44  os_core.o(.text)
    OS_SchedNew                              0x0800629d   Thumb Code    26  os_core.o(.text)
    .text                                    0x0800688c   Section        0  os_flag.o(.text)
    OS_FlagTaskRdy                           0x08006a03   Thumb Code    82  os_flag.o(.text)
    OS_FlagBlock                             0x08006bbd   Thumb Code   152  os_flag.o(.text)
    .text                                    0x08007098   Section        0  os_q.o(.text)
    .text                                    0x08007680   Section        0  os_task.o(.text)
    .text                                    0x08007e44   Section        0  os_time.o(.text)
    .text                                    0x08007ff4   Section      180  os_cpu_a.o(.text)
    .text                                    0x080080a8   Section        0  os_cpu_c.o(.text)
    .text                                    0x08008156   Section        2  use_no_semi_2.o(.text)
    .text                                    0x08008158   Section        0  noretval__2printf.o(.text)
    .text                                    0x08008170   Section        0  __printf.o(.text)
    .text                                    0x080081d8   Section        0  _printf_hex_int.o(.text)
    .text                                    0x08008230   Section        0  heapauxi.o(.text)
    .text                                    0x08008236   Section        2  use_no_semi.o(.text)
    .text                                    0x08008238   Section        0  _printf_intcommon.o(.text)
    .text                                    0x080082ec   Section        0  _printf_char_file.o(.text)
    .text                                    0x08008310   Section        0  _printf_char_common.o(.text)
    _printf_input_char                       0x08008311   Thumb Code    10  _printf_char_common.o(.text)
    .text                                    0x08008340   Section        0  ferror.o(.text)
    .text                                    0x08008348   Section       74  sys_stackheap_outer.o(.text)
    .text                                    0x08008392   Section        0  exit.o(.text)
    .text                                    0x080083a4   Section        8  libspace.o(.text)
    .constdata                               0x080083ac   Section      256  os_core.o(.constdata)
    .constdata                               0x080084ac   Section       40  _printf_hex_int.o(.constdata)
    uc_hextab                                0x080084ac   Data          20  _printf_hex_int.o(.constdata)
    lc_hextab                                0x080084c0   Data          20  _printf_hex_int.o(.constdata)
    .data                                    0x20000000   Section       20  system_stm32f10x.o(.data)
    .data                                    0x20000014   Section       20  stm32f10x_rcc.o(.data)
    APBAHBPrescTable                         0x20000014   Data          16  stm32f10x_rcc.o(.data)
    ADCPrescTable                            0x20000024   Data           4  stm32f10x_rcc.o(.data)
    .data                                    0x20000028   Section        4  delay.o(.data)
    fac_us                                   0x20000028   Data           1  delay.o(.data)
    fac_ms                                   0x2000002a   Data           2  delay.o(.data)
    .data                                    0x2000002c   Section       10  uart.o(.data)
    buffCounter                              0x20000034   Data           2  uart.o(.data)
    .data                                    0x20000036   Section        6  systask.o(.data)
    .data                                    0x2000003c   Section      518  rc522.o(.data)
    .data                                    0x20000244   Section       68  os_core.o(.data)
    .bss                                     0x20000288   Section      256  uart.o(.bss)
    .bss                                     0x20000388   Section     2572  systask.o(.bss)
    .bss                                     0x20000d94   Section     1024  stmflash.o(.bss)
    .bss                                     0x20001194   Section       32  rc522.o(.bss)
    .bss                                     0x200011b4   Section     2464  os_core.o(.bss)
    .bss                                     0x20001b54   Section       96  libspace.o(.bss)
    HEAP                                     0x20001bb8   Section      512  startup_stm32f10x_md.o(HEAP)
    Heap_Mem                                 0x20001bb8   Data         512  startup_stm32f10x_md.o(HEAP)
    STACK                                    0x20001db8   Section     1024  startup_stm32f10x_md.o(STACK)
    Stack_Mem                                0x20001db8   Data        1024  startup_stm32f10x_md.o(STACK)
    __initial_sp                             0x200021b8   Data           0  startup_stm32f10x_md.o(STACK)

    Global Symbols

    Symbol Name                              Value     Ov Type        Size  Object(Section)

    BuildAttributes$$THM_ISAv4$P$D$K$B$S$PE$A:L22UL41UL21$X:L11$S22US41US21$IEEE1$IW$USESV6$~STKCKD$USESV7$~SHL$OSPACE$ROPI$EBA8$UX$STANDARDLIB$REQ8$PRES8$EABIv2 0x00000000   Number         0  anon$$obj.o ABSOLUTE
    __ARM_use_no_argv                        0x00000000   Number         0  main.o ABSOLUTE
    __ARM_exceptions_init                     - Undefined Weak Reference
    __alloca_initialize                       - Undefined Weak Reference
    __arm_fini_                               - Undefined Weak Reference
    __arm_preinit_                            - Undefined Weak Reference
    __cpp_initialize__aeabi_                  - Undefined Weak Reference
    __cxa_finalize                            - Undefined Weak Reference
    __rt_locale                               - Undefined Weak Reference
    __sigvec_lookup                           - Undefined Weak Reference
    _atexit_init                              - Undefined Weak Reference
    _call_atexit_fns                          - Undefined Weak Reference
    _clock_init                               - Undefined Weak Reference
    _fp_trap_init                             - Undefined Weak Reference
    _fp_trap_shutdown                         - Undefined Weak Reference
    _get_lc_collate                           - Undefined Weak Reference
    _get_lc_ctype                             - Undefined Weak Reference
    _get_lc_monetary                          - Undefined Weak Reference
    _get_lc_numeric                           - Undefined Weak Reference
    _get_lc_time                              - Undefined Weak Reference
    _getenv_init                              - Undefined Weak Reference
    _handle_redirection                       - Undefined Weak Reference
    _init_alloc                               - Undefined Weak Reference
    _init_user_alloc                          - Undefined Weak Reference
    _initio                                   - Undefined Weak Reference
    _mutex_acquire                            - Undefined Weak Reference
    _mutex_release                            - Undefined Weak Reference
    _printf_post_padding                      - Undefined Weak Reference
    _printf_pre_padding                       - Undefined Weak Reference
    _printf_truncate_unsigned                 - Undefined Weak Reference
    _rand_init                                - Undefined Weak Reference
    _signal_finish                            - Undefined Weak Reference
    _signal_init                              - Undefined Weak Reference
    _terminate_alloc                          - Undefined Weak Reference
    _terminate_user_alloc                     - Undefined Weak Reference
    _terminateio                              - Undefined Weak Reference
    __Vectors_Size                           0x000000ec   Number         0  startup_stm32f10x_md.o ABSOLUTE
    __Vectors                                0x08002800   Data           4  startup_stm32f10x_md.o(RESET)
    __Vectors_End                            0x080028ec   Data           0  startup_stm32f10x_md.o(RESET)
    __main                                   0x080028ed   Thumb Code     8  __main.o(!!!main)
    __scatterload                            0x080028f5   Thumb Code     0  __scatter.o(!!!scatter)
    __scatterload_rt2                        0x080028f5   Thumb Code    44  __scatter.o(!!!scatter)
    __scatterload_rt2_thumb_only             0x080028f5   Thumb Code     0  __scatter.o(!!!scatter)
    __scatterload_null                       0x08002903   Thumb Code     0  __scatter.o(!!!scatter)
    __decompress                             0x08002929   Thumb Code    90  __dczerorl2.o(!!dczerorl2)
    __decompress1                            0x08002929   Thumb Code     0  __dczerorl2.o(!!dczerorl2)
    __scatterload_zeroinit                   0x08002985   Thumb Code    28  __scatter_zi.o(!!handler_zi)
    _printf_percent                          0x080029a1   Thumb Code     0  _printf_percent.o(.ARM.Collect$$_printf_percent$$00000000)
    _printf_x                                0x080029a1   Thumb Code     0  _printf_x.o(.ARM.Collect$$_printf_percent$$0000000C)
    _printf_percent_end                      0x080029a7   Thumb Code     0  _printf_percent_end.o(.ARM.Collect$$_printf_percent$$00000017)
    __rt_lib_init                            0x080029ab   Thumb Code     0  libinit.o(.ARM.Collect$$libinit$$00000000)
    __rt_lib_init_alloca_1                   0x080029ad   Thumb Code     0  libinit2.o(.ARM.Collect$$libinit$$0000002E)
    __rt_lib_init_argv_1                     0x080029ad   Thumb Code     0  libinit2.o(.ARM.Collect$$libinit$$0000002C)
    __rt_lib_init_atexit_1                   0x080029ad   Thumb Code     0  libinit2.o(.ARM.Collect$$libinit$$0000001B)
    __rt_lib_init_clock_1                    0x080029ad   Thumb Code     0  libinit2.o(.ARM.Collect$$libinit$$00000021)
    __rt_lib_init_cpp_1                      0x080029ad   Thumb Code     0  libinit2.o(.ARM.Collect$$libinit$$00000032)
    __rt_lib_init_exceptions_1               0x080029ad   Thumb Code     0  libinit2.o(.ARM.Collect$$libinit$$00000030)
    __rt_lib_init_fp_1                       0x080029ad   Thumb Code     0  libinit2.o(.ARM.Collect$$libinit$$00000002)
    __rt_lib_init_fp_trap_1                  0x080029ad   Thumb Code     0  libinit2.o(.ARM.Collect$$libinit$$0000001F)
    __rt_lib_init_getenv_1                   0x080029ad   Thumb Code     0  libinit2.o(.ARM.Collect$$libinit$$00000023)
    __rt_lib_init_heap_1                     0x080029ad   Thumb Code     0  libinit2.o(.ARM.Collect$$libinit$$0000000A)
    __rt_lib_init_lc_collate_1               0x080029ad   Thumb Code     0  libinit2.o(.ARM.Collect$$libinit$$00000011)
    __rt_lib_init_lc_ctype_1                 0x080029ad   Thumb Code     0  libinit2.o(.ARM.Collect$$libinit$$00000013)
    __rt_lib_init_lc_monetary_1              0x080029ad   Thumb Code     0  libinit2.o(.ARM.Collect$$libinit$$00000015)
    __rt_lib_init_lc_numeric_1               0x080029ad   Thumb Code     0  libinit2.o(.ARM.Collect$$libinit$$00000017)
    __rt_lib_init_lc_time_1                  0x080029ad   Thumb Code     0  libinit2.o(.ARM.Collect$$libinit$$00000019)
    __rt_lib_init_preinit_1                  0x080029ad   Thumb Code     0  libinit2.o(.ARM.Collect$$libinit$$00000004)
    __rt_lib_init_rand_1                     0x080029ad   Thumb Code     0  libinit2.o(.ARM.Collect$$libinit$$0000000E)
    __rt_lib_init_return                     0x080029ad   Thumb Code     0  libinit2.o(.ARM.Collect$$libinit$$00000033)
    __rt_lib_init_signal_1                   0x080029ad   Thumb Code     0  libinit2.o(.ARM.Collect$$libinit$$0000001D)
    __rt_lib_init_stdio_1                    0x080029ad   Thumb Code     0  libinit2.o(.ARM.Collect$$libinit$$00000025)
    __rt_lib_init_user_alloc_1               0x080029ad   Thumb Code     0  libinit2.o(.ARM.Collect$$libinit$$0000000C)
    __rt_lib_shutdown                        0x080029af   Thumb Code     0  libshutdown.o(.ARM.Collect$$libshutdown$$00000000)
    __rt_lib_shutdown_cpp_1                  0x080029b1   Thumb Code     0  libshutdown2.o(.ARM.Collect$$libshutdown$$00000004)
    __rt_lib_shutdown_fini_1                 0x080029b1   Thumb Code     0  libshutdown2.o(.ARM.Collect$$libshutdown$$00000002)
    __rt_lib_shutdown_fp_trap_1              0x080029b1   Thumb Code     0  libshutdown2.o(.ARM.Collect$$libshutdown$$00000009)
    __rt_lib_shutdown_heap_1                 0x080029b1   Thumb Code     0  libshutdown2.o(.ARM.Collect$$libshutdown$$00000011)
    __rt_lib_shutdown_return                 0x080029b1   Thumb Code     0  libshutdown2.o(.ARM.Collect$$libshutdown$$00000012)
    __rt_lib_shutdown_signal_1               0x080029b1   Thumb Code     0  libshutdown2.o(.ARM.Collect$$libshutdown$$0000000C)
    __rt_lib_shutdown_stdio_1                0x080029b1   Thumb Code     0  libshutdown2.o(.ARM.Collect$$libshutdown$$00000006)
    __rt_lib_shutdown_user_alloc_1           0x080029b1   Thumb Code     0  libshutdown2.o(.ARM.Collect$$libshutdown$$0000000E)
    __rt_entry                               0x080029b3   Thumb Code     0  __rtentry.o(.ARM.Collect$$rtentry$$00000000)
    __rt_entry_presh_1                       0x080029b3   Thumb Code     0  __rtentry2.o(.ARM.Collect$$rtentry$$00000002)
    __rt_entry_sh                            0x080029b3   Thumb Code     0  __rtentry4.o(.ARM.Collect$$rtentry$$00000004)
    __rt_entry_li                            0x080029b9   Thumb Code     0  __rtentry2.o(.ARM.Collect$$rtentry$$0000000A)
    __rt_entry_postsh_1                      0x080029b9   Thumb Code     0  __rtentry2.o(.ARM.Collect$$rtentry$$00000009)
    __rt_entry_main                          0x080029bd   Thumb Code     0  __rtentry2.o(.ARM.Collect$$rtentry$$0000000D)
    __rt_entry_postli_1                      0x080029bd   Thumb Code     0  __rtentry2.o(.ARM.Collect$$rtentry$$0000000C)
    __rt_exit                                0x080029c5   Thumb Code     0  rtexit.o(.ARM.Collect$$rtexit$$00000000)
    __rt_exit_ls                             0x080029c7   Thumb Code     0  rtexit2.o(.ARM.Collect$$rtexit$$00000003)
    __rt_exit_prels_1                        0x080029c7   Thumb Code     0  rtexit2.o(.ARM.Collect$$rtexit$$00000002)
    __rt_exit_exit                           0x080029cb   Thumb Code     0  rtexit2.o(.ARM.Collect$$rtexit$$00000004)
    main                                     0x080029d1   Thumb Code    86  main.o(.text)
    NMI_Handler                              0x08002a31   Thumb Code     2  stm32f10x_it.o(.text)
    HardFault_Handler                        0x08002a33   Thumb Code     4  stm32f10x_it.o(.text)
    MemManage_Handler                        0x08002a37   Thumb Code     4  stm32f10x_it.o(.text)
    BusFault_Handler                         0x08002a3b   Thumb Code     4  stm32f10x_it.o(.text)
    UsageFault_Handler                       0x08002a3f   Thumb Code     4  stm32f10x_it.o(.text)
    SVC_Handler                              0x08002a43   Thumb Code     2  stm32f10x_it.o(.text)
    DebugMon_Handler                         0x08002a45   Thumb Code     2  stm32f10x_it.o(.text)
    SystemInit                               0x08002b27   Thumb Code    78  system_stm32f10x.o(.text)
    SystemCoreClockUpdate                    0x08002b75   Thumb Code   142  system_stm32f10x.o(.text)
    Reset_Handler                            0x08002c29   Thumb Code     8  startup_stm32f10x_md.o(.text)
    ADC1_2_IRQHandler                        0x08002c43   Thumb Code     0  startup_stm32f10x_md.o(.text)
    CAN1_RX1_IRQHandler                      0x08002c43   Thumb Code     0  startup_stm32f10x_md.o(.text)
    CAN1_SCE_IRQHandler                      0x08002c43   Thumb Code     0  startup_stm32f10x_md.o(.text)
    DMA1_Channel1_IRQHandler                 0x08002c43   Thumb Code     0  startup_stm32f10x_md.o(.text)
    DMA1_Channel2_IRQHandler                 0x08002c43   Thumb Code     0  startup_stm32f10x_md.o(.text)
    DMA1_Channel3_IRQHandler                 0x08002c43   Thumb Code     0  startup_stm32f10x_md.o(.text)
    DMA1_Channel4_IRQHandler                 0x08002c43   Thumb Code     0  startup_stm32f10x_md.o(.text)
    DMA1_Channel5_IRQHandler                 0x08002c43   Thumb Code     0  startup_stm32f10x_md.o(.text)
    DMA1_Channel6_IRQHandler                 0x08002c43   Thumb Code     0  startup_stm32f10x_md.o(.text)
    DMA1_Channel7_IRQHandler                 0x08002c43   Thumb Code     0  startup_stm32f10x_md.o(.text)
    EXTI0_IRQHandler                         0x08002c43   Thumb Code     0  startup_stm32f10x_md.o(.text)
    EXTI15_10_IRQHandler                     0x08002c43   Thumb Code     0  startup_stm32f10x_md.o(.text)
    EXTI1_IRQHandler                         0x08002c43   Thumb Code     0  startup_stm32f10x_md.o(.text)
    EXTI2_IRQHandler                         0x08002c43   Thumb Code     0  startup_stm32f10x_md.o(.text)
    EXTI3_IRQHandler                         0x08002c43   Thumb Code     0  startup_stm32f10x_md.o(.text)
    EXTI4_IRQHandler                         0x08002c43   Thumb Code     0  startup_stm32f10x_md.o(.text)
    EXTI9_5_IRQHandler                       0x08002c43   Thumb Code     0  startup_stm32f10x_md.o(.text)
    FLASH_IRQHandler                         0x08002c43   Thumb Code     0  startup_stm32f10x_md.o(.text)
    I2C1_ER_IRQHandler                       0x08002c43   Thumb Code     0  startup_stm32f10x_md.o(.text)
    I2C1_EV_IRQHandler                       0x08002c43   Thumb Code     0  startup_stm32f10x_md.o(.text)
    I2C2_ER_IRQHandler                       0x08002c43   Thumb Code     0  startup_stm32f10x_md.o(.text)
    I2C2_EV_IRQHandler                       0x08002c43   Thumb Code     0  startup_stm32f10x_md.o(.text)
    PVD_IRQHandler                           0x08002c43   Thumb Code     0  startup_stm32f10x_md.o(.text)
    RCC_IRQHandler                           0x08002c43   Thumb Code     0  startup_stm32f10x_md.o(.text)
    RTCAlarm_IRQHandler                      0x08002c43   Thumb Code     0  startup_stm32f10x_md.o(.text)
    RTC_IRQHandler                           0x08002c43   Thumb Code     0  startup_stm32f10x_md.o(.text)
    SPI1_IRQHandler                          0x08002c43   Thumb Code     0  startup_stm32f10x_md.o(.text)
    SPI2_IRQHandler                          0x08002c43   Thumb Code     0  startup_stm32f10x_md.o(.text)
    TAMPER_IRQHandler                        0x08002c43   Thumb Code     0  startup_stm32f10x_md.o(.text)
    TIM1_BRK_IRQHandler                      0x08002c43   Thumb Code     0  startup_stm32f10x_md.o(.text)
    TIM1_CC_IRQHandler                       0x08002c43   Thumb Code     0  startup_stm32f10x_md.o(.text)
    TIM1_TRG_COM_IRQHandler                  0x08002c43   Thumb Code     0  startup_stm32f10x_md.o(.text)
    TIM1_UP_IRQHandler                       0x08002c43   Thumb Code     0  startup_stm32f10x_md.o(.text)
    TIM3_IRQHandler                          0x08002c43   Thumb Code     0  startup_stm32f10x_md.o(.text)
    TIM4_IRQHandler                          0x08002c43   Thumb Code     0  startup_stm32f10x_md.o(.text)
    USART2_IRQHandler                        0x08002c43   Thumb Code     0  startup_stm32f10x_md.o(.text)
    USART3_IRQHandler                        0x08002c43   Thumb Code     0  startup_stm32f10x_md.o(.text)
    USBWakeUp_IRQHandler                     0x08002c43   Thumb Code     0  startup_stm32f10x_md.o(.text)
    USB_HP_CAN1_TX_IRQHandler                0x08002c43   Thumb Code     0  startup_stm32f10x_md.o(.text)
    USB_LP_CAN1_RX0_IRQHandler               0x08002c43   Thumb Code     0  startup_stm32f10x_md.o(.text)
    WWDG_IRQHandler                          0x08002c43   Thumb Code     0  startup_stm32f10x_md.o(.text)
    __user_initial_stackheap                 0x08002c45   Thumb Code     0  startup_stm32f10x_md.o(.text)
    NVIC_PriorityGroupConfig                 0x08002c69   Thumb Code    10  misc.o(.text)
    NVIC_Init                                0x08002c73   Thumb Code   100  misc.o(.text)
    NVIC_SetVectorTable                      0x08002cd7   Thumb Code    14  misc.o(.text)
    NVIC_SystemLPConfig                      0x08002ce5   Thumb Code    34  misc.o(.text)
    SysTick_CLKSourceConfig                  0x08002d07   Thumb Code    40  misc.o(.text)
    GPIO_DeInit                              0x08002d45   Thumb Code   172  stm32f10x_gpio.o(.text)
    GPIO_AFIODeInit                          0x08002df1   Thumb Code    20  stm32f10x_gpio.o(.text)
    GPIO_Init                                0x08002e05   Thumb Code   278  stm32f10x_gpio.o(.text)
    GPIO_StructInit                          0x08002f1b   Thumb Code    16  stm32f10x_gpio.o(.text)
    GPIO_ReadInputDataBit                    0x08002f2b   Thumb Code    18  stm32f10x_gpio.o(.text)
    GPIO_ReadInputData                       0x08002f3d   Thumb Code     8  stm32f10x_gpio.o(.text)
    GPIO_ReadOutputDataBit                   0x08002f45   Thumb Code    18  stm32f10x_gpio.o(.text)
    GPIO_ReadOutputData                      0x08002f57   Thumb Code     8  stm32f10x_gpio.o(.text)
    GPIO_SetBits                             0x08002f5f   Thumb Code     4  stm32f10x_gpio.o(.text)
    GPIO_ResetBits                           0x08002f63   Thumb Code     4  stm32f10x_gpio.o(.text)
    GPIO_WriteBit                            0x08002f67   Thumb Code    10  stm32f10x_gpio.o(.text)
    GPIO_Write                               0x08002f71   Thumb Code     4  stm32f10x_gpio.o(.text)
    GPIO_PinLockConfig                       0x08002f75   Thumb Code    18  stm32f10x_gpio.o(.text)
    GPIO_EventOutputConfig                   0x08002f87   Thumb Code    26  stm32f10x_gpio.o(.text)
    GPIO_EventOutputCmd                      0x08002fa1   Thumb Code     6  stm32f10x_gpio.o(.text)
    GPIO_PinRemapConfig                      0x08002fa7   Thumb Code   138  stm32f10x_gpio.o(.text)
    GPIO_EXTILineConfig                      0x08003031   Thumb Code    66  stm32f10x_gpio.o(.text)
    GPIO_ETH_MediaInterfaceConfig            0x08003073   Thumb Code     8  stm32f10x_gpio.o(.text)
    RCC_DeInit                               0x080030a1   Thumb Code    64  stm32f10x_rcc.o(.text)
    RCC_HSEConfig                            0x080030e1   Thumb Code    70  stm32f10x_rcc.o(.text)
    RCC_GetFlagStatus                        0x08003127   Thumb Code    56  stm32f10x_rcc.o(.text)
    RCC_WaitForHSEStartUp                    0x0800315f   Thumb Code    56  stm32f10x_rcc.o(.text)
    RCC_AdjustHSICalibrationValue            0x08003197   Thumb Code    20  stm32f10x_rcc.o(.text)
    RCC_HSICmd                               0x080031ab   Thumb Code     6  stm32f10x_rcc.o(.text)
    RCC_PLLConfig                            0x080031b1   Thumb Code    24  stm32f10x_rcc.o(.text)
    RCC_PLLCmd                               0x080031c9   Thumb Code     6  stm32f10x_rcc.o(.text)
    RCC_SYSCLKConfig                         0x080031cf   Thumb Code    18  stm32f10x_rcc.o(.text)
    RCC_GetSYSCLKSource                      0x080031e1   Thumb Code    10  stm32f10x_rcc.o(.text)
    RCC_HCLKConfig                           0x080031eb   Thumb Code    18  stm32f10x_rcc.o(.text)
    RCC_PCLK1Config                          0x080031fd   Thumb Code    18  stm32f10x_rcc.o(.text)
    RCC_PCLK2Config                          0x0800320f   Thumb Code    20  stm32f10x_rcc.o(.text)
    RCC_ITConfig                             0x08003223   Thumb Code    26  stm32f10x_rcc.o(.text)
    RCC_USBCLKConfig                         0x0800323d   Thumb Code     8  stm32f10x_rcc.o(.text)
    RCC_ADCCLKConfig                         0x08003245   Thumb Code    18  stm32f10x_rcc.o(.text)
    RCC_LSEConfig                            0x08003257   Thumb Code    50  stm32f10x_rcc.o(.text)
    RCC_LSICmd                               0x08003289   Thumb Code     6  stm32f10x_rcc.o(.text)
    RCC_RTCCLKConfig                         0x0800328f   Thumb Code    12  stm32f10x_rcc.o(.text)
    RCC_RTCCLKCmd                            0x0800329b   Thumb Code     8  stm32f10x_rcc.o(.text)
    RCC_GetClocksFreq                        0x080032a3   Thumb Code   192  stm32f10x_rcc.o(.text)
    RCC_AHBPeriphClockCmd                    0x08003363   Thumb Code    26  stm32f10x_rcc.o(.text)
    RCC_APB2PeriphClockCmd                   0x0800337d   Thumb Code    26  stm32f10x_rcc.o(.text)
    RCC_APB1PeriphClockCmd                   0x08003397   Thumb Code    26  stm32f10x_rcc.o(.text)
    RCC_APB2PeriphResetCmd                   0x080033b1   Thumb Code    26  stm32f10x_rcc.o(.text)
    RCC_APB1PeriphResetCmd                   0x080033cb   Thumb Code    26  stm32f10x_rcc.o(.text)
    RCC_BackupResetCmd                       0x080033e5   Thumb Code     8  stm32f10x_rcc.o(.text)
    RCC_ClockSecuritySystemCmd               0x080033ed   Thumb Code     6  stm32f10x_rcc.o(.text)
    RCC_MCOConfig                            0x080033f3   Thumb Code     6  stm32f10x_rcc.o(.text)
    RCC_ClearFlag                            0x080033f9   Thumb Code    14  stm32f10x_rcc.o(.text)
    RCC_GetITStatus                          0x08003407   Thumb Code    20  stm32f10x_rcc.o(.text)
    RCC_ClearITPendingBit                    0x0800341b   Thumb Code     6  stm32f10x_rcc.o(.text)
    USART_DeInit                             0x08003445   Thumb Code   134  stm32f10x_usart.o(.text)
    USART_Init                               0x080034cb   Thumb Code   210  stm32f10x_usart.o(.text)
    USART_StructInit                         0x0800359d   Thumb Code    24  stm32f10x_usart.o(.text)
    USART_ClockInit                          0x080035b5   Thumb Code    34  stm32f10x_usart.o(.text)
    USART_ClockStructInit                    0x080035d7   Thumb Code    12  stm32f10x_usart.o(.text)
    USART_Cmd                                0x080035e3   Thumb Code    24  stm32f10x_usart.o(.text)
    USART_ITConfig                           0x080035fb   Thumb Code    74  stm32f10x_usart.o(.text)
    USART_DMACmd                             0x08003645   Thumb Code    18  stm32f10x_usart.o(.text)
    USART_SetAddress                         0x08003657   Thumb Code    18  stm32f10x_usart.o(.text)
    USART_WakeUpConfig                       0x08003669   Thumb Code    18  stm32f10x_usart.o(.text)
    USART_ReceiverWakeUpCmd                  0x0800367b   Thumb Code    24  stm32f10x_usart.o(.text)
    USART_LINBreakDetectLengthConfig         0x08003693   Thumb Code    18  stm32f10x_usart.o(.text)
    USART_LINCmd                             0x080036a5   Thumb Code    24  stm32f10x_usart.o(.text)
    USART_SendData                           0x080036bd   Thumb Code     8  stm32f10x_usart.o(.text)
    USART_ReceiveData                        0x080036c5   Thumb Code    10  stm32f10x_usart.o(.text)
    USART_SendBreak                          0x080036cf   Thumb Code    10  stm32f10x_usart.o(.text)
    USART_SetGuardTime                       0x080036d9   Thumb Code    16  stm32f10x_usart.o(.text)
    USART_SetPrescaler                       0x080036e9   Thumb Code    16  stm32f10x_usart.o(.text)
    USART_SmartCardCmd                       0x080036f9   Thumb Code    24  stm32f10x_usart.o(.text)
    USART_SmartCardNACKCmd                   0x08003711   Thumb Code    24  stm32f10x_usart.o(.text)
    USART_HalfDuplexCmd                      0x08003729   Thumb Code    24  stm32f10x_usart.o(.text)
    USART_OverSampling8Cmd                   0x08003741   Thumb Code    22  stm32f10x_usart.o(.text)
    USART_OneBitMethodCmd                    0x08003757   Thumb Code    24  stm32f10x_usart.o(.text)
    USART_IrDAConfig                         0x0800376f   Thumb Code    18  stm32f10x_usart.o(.text)
    USART_IrDACmd                            0x08003781   Thumb Code    24  stm32f10x_usart.o(.text)
    USART_GetFlagStatus                      0x08003799   Thumb Code    26  stm32f10x_usart.o(.text)
    USART_ClearFlag                          0x080037b3   Thumb Code    18  stm32f10x_usart.o(.text)
    USART_GetITStatus                        0x080037c5   Thumb Code    84  stm32f10x_usart.o(.text)
    USART_ClearITPendingBit                  0x08003819   Thumb Code    52  stm32f10x_usart.o(.text)
    TIM_DeInit                               0x0800384d   Thumb Code   424  stm32f10x_tim.o(.text)
    TIM_TimeBaseInit                         0x080039f5   Thumb Code   122  stm32f10x_tim.o(.text)
    TIM_OC1Init                              0x08003a6f   Thumb Code   132  stm32f10x_tim.o(.text)
    TIM_OC2Init                              0x08003af3   Thumb Code   154  stm32f10x_tim.o(.text)
    TIM_OC3Init                              0x08003b8d   Thumb Code   150  stm32f10x_tim.o(.text)
    TIM_OC4Init                              0x08003c23   Thumb Code   182  stm32f10x_tim.o(.text)
    TIM_SetIC4Prescaler                      0x08003cd9   Thumb Code    26  stm32f10x_tim.o(.text)
    TIM_SetIC3Prescaler                      0x08003d75   Thumb Code    18  stm32f10x_tim.o(.text)
    TIM_SetIC2Prescaler                      0x08003e01   Thumb Code    26  stm32f10x_tim.o(.text)
    TIM_SetIC1Prescaler                      0x08003e9d   Thumb Code    18  stm32f10x_tim.o(.text)
    TIM_ICInit                               0x08003f1b   Thumb Code   150  stm32f10x_tim.o(.text)
    TIM_PWMIConfig                           0x08003fb1   Thumb Code   124  stm32f10x_tim.o(.text)
    TIM_BDTRConfig                           0x0800402d   Thumb Code    32  stm32f10x_tim.o(.text)
    TIM_TimeBaseStructInit                   0x0800404d   Thumb Code    18  stm32f10x_tim.o(.text)
    TIM_OCStructInit                         0x0800405f   Thumb Code    20  stm32f10x_tim.o(.text)
    TIM_ICStructInit                         0x08004073   Thumb Code    18  stm32f10x_tim.o(.text)
    TIM_BDTRStructInit                       0x08004085   Thumb Code    40  stm32f10x_tim.o(.text)
    TIM_Cmd                                  0x080040ad   Thumb Code    24  stm32f10x_tim.o(.text)
    TIM_CtrlPWMOutputs                       0x080040c5   Thumb Code    30  stm32f10x_tim.o(.text)
    TIM_ITConfig                             0x080040e3   Thumb Code    18  stm32f10x_tim.o(.text)
    TIM_GenerateEvent                        0x080040f5   Thumb Code     4  stm32f10x_tim.o(.text)
    TIM_DMAConfig                            0x080040f9   Thumb Code    10  stm32f10x_tim.o(.text)
    TIM_DMACmd                               0x08004103   Thumb Code    18  stm32f10x_tim.o(.text)
    TIM_InternalClockConfig                  0x08004115   Thumb Code    12  stm32f10x_tim.o(.text)
    TIM_SelectInputTrigger                   0x08004121   Thumb Code    18  stm32f10x_tim.o(.text)
    TIM_ITRxExternalClockConfig              0x08004133   Thumb Code    24  stm32f10x_tim.o(.text)
    TIM_TIxExternalClockConfig               0x0800414b   Thumb Code    62  stm32f10x_tim.o(.text)
    TIM_ETRConfig                            0x08004189   Thumb Code    28  stm32f10x_tim.o(.text)
    TIM_ETRClockMode1Config                  0x080041a5   Thumb Code    54  stm32f10x_tim.o(.text)
    TIM_ETRClockMode2Config                  0x080041db   Thumb Code    32  stm32f10x_tim.o(.text)
    TIM_PrescalerConfig                      0x080041fb   Thumb Code     6  stm32f10x_tim.o(.text)
    TIM_CounterModeConfig                    0x08004201   Thumb Code    18  stm32f10x_tim.o(.text)
    TIM_EncoderInterfaceConfig               0x08004213   Thumb Code    66  stm32f10x_tim.o(.text)
    TIM_ForcedOC1Config                      0x08004255   Thumb Code    18  stm32f10x_tim.o(.text)
    TIM_ForcedOC2Config                      0x08004267   Thumb Code    26  stm32f10x_tim.o(.text)
    TIM_ForcedOC3Config                      0x08004281   Thumb Code    18  stm32f10x_tim.o(.text)
    TIM_ForcedOC4Config                      0x08004293   Thumb Code    26  stm32f10x_tim.o(.text)
    TIM_ARRPreloadConfig                     0x080042ad   Thumb Code    24  stm32f10x_tim.o(.text)
    TIM_SelectCOM                            0x080042c5   Thumb Code    24  stm32f10x_tim.o(.text)
    TIM_SelectCCDMA                          0x080042dd   Thumb Code    24  stm32f10x_tim.o(.text)
    TIM_CCPreloadControl                     0x080042f5   Thumb Code    24  stm32f10x_tim.o(.text)
    TIM_OC1PreloadConfig                     0x0800430d   Thumb Code    18  stm32f10x_tim.o(.text)
    TIM_OC2PreloadConfig                     0x0800431f   Thumb Code    26  stm32f10x_tim.o(.text)
    TIM_OC3PreloadConfig                     0x08004339   Thumb Code    18  stm32f10x_tim.o(.text)
    TIM_OC4PreloadConfig                     0x0800434b   Thumb Code    26  stm32f10x_tim.o(.text)
    TIM_OC1FastConfig                        0x08004365   Thumb Code    18  stm32f10x_tim.o(.text)
    TIM_OC2FastConfig                        0x08004377   Thumb Code    26  stm32f10x_tim.o(.text)
    TIM_OC3FastConfig                        0x08004391   Thumb Code    18  stm32f10x_tim.o(.text)
    TIM_OC4FastConfig                        0x080043a3   Thumb Code    26  stm32f10x_tim.o(.text)
    TIM_ClearOC1Ref                          0x080043bd   Thumb Code    18  stm32f10x_tim.o(.text)
    TIM_ClearOC2Ref                          0x080043cf   Thumb Code    24  stm32f10x_tim.o(.text)
    TIM_ClearOC3Ref                          0x080043e7   Thumb Code    18  stm32f10x_tim.o(.text)
    TIM_ClearOC4Ref                          0x080043f9   Thumb Code    24  stm32f10x_tim.o(.text)
    TIM_OC1PolarityConfig                    0x08004411   Thumb Code    18  stm32f10x_tim.o(.text)
    TIM_OC1NPolarityConfig                   0x08004423   Thumb Code    18  stm32f10x_tim.o(.text)
    TIM_OC2PolarityConfig                    0x08004435   Thumb Code    26  stm32f10x_tim.o(.text)
    TIM_OC2NPolarityConfig                   0x0800444f   Thumb Code    26  stm32f10x_tim.o(.text)
    TIM_OC3PolarityConfig                    0x08004469   Thumb Code    26  stm32f10x_tim.o(.text)
    TIM_OC3NPolarityConfig                   0x08004483   Thumb Code    26  stm32f10x_tim.o(.text)
    TIM_OC4PolarityConfig                    0x0800449d   Thumb Code    26  stm32f10x_tim.o(.text)
    TIM_CCxCmd                               0x080044b7   Thumb Code    30  stm32f10x_tim.o(.text)
    TIM_CCxNCmd                              0x080044d5   Thumb Code    30  stm32f10x_tim.o(.text)
    TIM_SelectOCxM                           0x080044f3   Thumb Code    82  stm32f10x_tim.o(.text)
    TIM_UpdateDisableConfig                  0x08004545   Thumb Code    24  stm32f10x_tim.o(.text)
    TIM_UpdateRequestConfig                  0x0800455d   Thumb Code    24  stm32f10x_tim.o(.text)
    TIM_SelectHallSensor                     0x08004575   Thumb Code    24  stm32f10x_tim.o(.text)
    TIM_SelectOnePulseMode                   0x0800458d   Thumb Code    18  stm32f10x_tim.o(.text)
    TIM_SelectOutputTrigger                  0x0800459f   Thumb Code    18  stm32f10x_tim.o(.text)
    TIM_SelectSlaveMode                      0x080045b1   Thumb Code    18  stm32f10x_tim.o(.text)
    TIM_SelectMasterSlaveMode                0x080045c3   Thumb Code    18  stm32f10x_tim.o(.text)
    TIM_SetCounter                           0x080045d5   Thumb Code     4  stm32f10x_tim.o(.text)
    TIM_SetAutoreload                        0x080045d9   Thumb Code     4  stm32f10x_tim.o(.text)
    TIM_SetCompare1                          0x080045dd   Thumb Code     4  stm32f10x_tim.o(.text)
    TIM_SetCompare2                          0x080045e1   Thumb Code     4  stm32f10x_tim.o(.text)
    TIM_SetCompare3                          0x080045e5   Thumb Code     4  stm32f10x_tim.o(.text)
    TIM_SetCompare4                          0x080045e9   Thumb Code     6  stm32f10x_tim.o(.text)
    TIM_SetClockDivision                     0x080045ef   Thumb Code    18  stm32f10x_tim.o(.text)
    TIM_GetCapture1                          0x08004601   Thumb Code     6  stm32f10x_tim.o(.text)
    TIM_GetCapture2                          0x08004607   Thumb Code     6  stm32f10x_tim.o(.text)
    TIM_GetCapture3                          0x0800460d   Thumb Code     6  stm32f10x_tim.o(.text)
    TIM_GetCapture4                          0x08004613   Thumb Code     8  stm32f10x_tim.o(.text)
    TIM_GetCounter                           0x0800461b   Thumb Code     6  stm32f10x_tim.o(.text)
    TIM_GetPrescaler                         0x08004621   Thumb Code     6  stm32f10x_tim.o(.text)
    TIM_GetFlagStatus                        0x08004627   Thumb Code    18  stm32f10x_tim.o(.text)
    TIM_ClearFlag                            0x08004639   Thumb Code     6  stm32f10x_tim.o(.text)
    TIM_GetITStatus                          0x0800463f   Thumb Code    34  stm32f10x_tim.o(.text)
    TIM_ClearITPendingBit                    0x08004661   Thumb Code     6  stm32f10x_tim.o(.text)
    FLASH_SetLatency                         0x08004669   Thumb Code    18  stm32f10x_flash.o(.text)
    FLASH_HalfCycleAccessCmd                 0x0800467b   Thumb Code    22  stm32f10x_flash.o(.text)
    FLASH_PrefetchBufferCmd                  0x08004691   Thumb Code    22  stm32f10x_flash.o(.text)
    FLASH_Unlock                             0x080046a7   Thumb Code    12  stm32f10x_flash.o(.text)
    FLASH_UnlockBank1                        0x080046b3   Thumb Code    12  stm32f10x_flash.o(.text)
    FLASH_Lock                               0x080046bf   Thumb Code    14  stm32f10x_flash.o(.text)
    FLASH_LockBank1                          0x080046cd   Thumb Code    14  stm32f10x_flash.o(.text)
    FLASH_GetBank1Status                     0x080046db   Thumb Code    48  stm32f10x_flash.o(.text)
    FLASH_WaitForLastOperation               0x0800470b   Thumb Code    38  stm32f10x_flash.o(.text)
    FLASH_ErasePage                          0x08004731   Thumb Code    72  stm32f10x_flash.o(.text)
    FLASH_EraseAllPages                      0x08004779   Thumb Code    68  stm32f10x_flash.o(.text)
    FLASH_WaitForLastBank1Operation          0x080047bd   Thumb Code    38  stm32f10x_flash.o(.text)
    FLASH_EraseAllBank1Pages                 0x080047e3   Thumb Code    68  stm32f10x_flash.o(.text)
    FLASH_GetReadOutProtectionStatus         0x08004827   Thumb Code    20  stm32f10x_flash.o(.text)
    FLASH_EraseOptionBytes                   0x0800483b   Thumb Code   150  stm32f10x_flash.o(.text)
    FLASH_ProgramWord                        0x080048d1   Thumb Code   102  stm32f10x_flash.o(.text)
    FLASH_ProgramHalfWord                    0x08004937   Thumb Code    60  stm32f10x_flash.o(.text)
    FLASH_ProgramOptionByteData              0x08004973   Thumb Code    72  stm32f10x_flash.o(.text)
    FLASH_EnableWriteProtection              0x080049bb   Thumb Code   200  stm32f10x_flash.o(.text)
    FLASH_ReadOutProtection                  0x08004a83   Thumb Code   156  stm32f10x_flash.o(.text)
    FLASH_UserOptionByteConfig               0x08004b1f   Thumb Code    88  stm32f10x_flash.o(.text)
    FLASH_GetUserOptionByte                  0x08004b77   Thumb Code     8  stm32f10x_flash.o(.text)
    FLASH_GetWriteProtectionOptionByte       0x08004b7f   Thumb Code     6  stm32f10x_flash.o(.text)
    FLASH_GetPrefetchBufferStatus            0x08004b85   Thumb Code    20  stm32f10x_flash.o(.text)
    FLASH_ITConfig                           0x08004b99   Thumb Code    26  stm32f10x_flash.o(.text)
    FLASH_GetFlagStatus                      0x08004bb3   Thumb Code    42  stm32f10x_flash.o(.text)
    FLASH_ClearFlag                          0x08004bdd   Thumb Code     6  stm32f10x_flash.o(.text)
    FLASH_GetStatus                          0x08004be3   Thumb Code    48  stm32f10x_flash.o(.text)
    IWDG_WriteAccessCmd                      0x08004c25   Thumb Code     6  stm32f10x_iwdg.o(.text)
    IWDG_SetPrescaler                        0x08004c2b   Thumb Code     6  stm32f10x_iwdg.o(.text)
    IWDG_SetReload                           0x08004c31   Thumb Code     6  stm32f10x_iwdg.o(.text)
    IWDG_ReloadCounter                       0x08004c37   Thumb Code    10  stm32f10x_iwdg.o(.text)
    IWDG_Enable                              0x08004c41   Thumb Code    10  stm32f10x_iwdg.o(.text)
    IWDG_GetFlagStatus                       0x08004c4b   Thumb Code    20  stm32f10x_iwdg.o(.text)
    delay_osschedlock                        0x08004c65   Thumb Code     8  delay.o(.text)
    delay_osschedunlock                      0x08004c6d   Thumb Code     8  delay.o(.text)
    delay_ostimedly                          0x08004c75   Thumb Code    12  delay.o(.text)
    SysTick_Handler                          0x08004c81   Thumb Code    24  delay.o(.text)
    delay_init                               0x08004c99   Thumb Code    76  delay.o(.text)
    delay_us                                 0x08004ce5   Thumb Code    86  delay.o(.text)
    delay_ms                                 0x08004d3b   Thumb Code    66  delay.o(.text)
    LED_Init                                 0x08004d95   Thumb Code    50  led.o(.text)
    _sys_exit                                0x08004dcd   Thumb Code     4  uart.o(.text)
    _ttywrch                                 0x08004dd1   Thumb Code     4  uart.o(.text)
    fputc                                    0x08004dd5   Thumb Code    24  uart.o(.text)
    UART_Init                                0x08004ded   Thumb Code   152  uart.o(.text)
    SendByte                                 0x08004e85   Thumb Code    28  uart.o(.text)
    CRCCheckout                              0x08004ea1   Thumb Code    64  uart.o(.text)
    SendData                                 0x08004ee1   Thumb Code    84  uart.o(.text)
    USART1_IRQHandler                        0x08004f35   Thumb Code   236  uart.o(.text)
    TIM2_Int_Init                            0x08005041   Thumb Code    92  timer.o(.text)
    TIM2_IRQHandler                          0x0800509d   Thumb Code    22  timer.o(.text)
    TIM3_PWM_Init                            0x080050b5   Thumb Code   130  pwm.o(.text)
    iwdg_task                                0x08005141   Thumb Code    16  systask.o(.text)
    led_task                                 0x08005151   Thumb Code    12  systask.o(.text)
    display_task                             0x0800515d   Thumb Code   136  systask.o(.text)
    OpenDoor                                 0x080051e5   Thumb Code    72  systask.o(.text)
    handle_task                              0x0800522d   Thumb Code   462  systask.o(.text)
    start_task                               0x080053fb   Thumb Code    88  systask.o(.text)
    STMFLASH_ReadHalfWord                    0x080054fd   Thumb Code     6  stmflash.o(.text)
    STMFLASH_Write_NoCheck                   0x08005503   Thumb Code    38  stmflash.o(.text)
    STMFLASH_Read                            0x08005529   Thumb Code    34  stmflash.o(.text)
    STMFLASH_Write                           0x0800554b   Thumb Code   222  stmflash.o(.text)
    Test_Write                               0x08005629   Thumb Code    16  stmflash.o(.text)
    SPI_RC522_SendByte                       0x08005641   Thumb Code    62  rc522.o(.text)
    WriteRawRC                               0x0800567f   Thumb Code    42  rc522.o(.text)
    SPI_RC522_ReadByte                       0x080056a9   Thumb Code    54  rc522.o(.text)
    ReadRawRC                                0x080056df   Thumb Code    46  rc522.o(.text)
    SetBitMask                               0x0800570d   Thumb Code    26  rc522.o(.text)
    ClearBitMask                             0x08005727   Thumb Code    26  rc522.o(.text)
    PcdComMF522                              0x08005741   Thumb Code   306  rc522.o(.text)
    CalulateCRC                              0x08005873   Thumb Code   108  rc522.o(.text)
    PcdSelect                                0x080058df   Thumb Code   114  rc522.o(.text)
    PcdAnticoll                              0x08005951   Thumb Code   114  rc522.o(.text)
    PcdRequest                               0x080059c3   Thumb Code    86  rc522.o(.text)
    PrepareOperateCard                       0x08005a19   Thumb Code    52  rc522.o(.text)
    PcdHalt                                  0x08005a4d   Thumb Code    50  rc522.o(.text)
    GetICID                                  0x08005a7f   Thumb Code    24  rc522.o(.text)
    PcdRead                                  0x08005a97   Thumb Code    86  rc522.o(.text)
    PcdAuthState                             0x08005aed   Thumb Code   112  rc522.o(.text)
    ReadBlock                                0x08005b5d   Thumb Code    48  rc522.o(.text)
    PcdWrite                                 0x08005b8d   Thumb Code   152  rc522.o(.text)
    WriteBlock                               0x08005c25   Thumb Code    48  rc522.o(.text)
    PcdReset                                 0x08005c55   Thumb Code   124  rc522.o(.text)
    RC522_Init                               0x08005d79   Thumb Code    28  rc522.o(.text)
    PcdAntennaOn                             0x08005d95   Thumb Code    26  rc522.o(.text)
    PcdAntennaOff                            0x08005daf   Thumb Code    12  rc522.o(.text)
    M500PcdConfigISOType                     0x08005dbb   Thumb Code    84  rc522.o(.text)
    IC_CMT                                   0x08005e0f   Thumb Code    72  rc522.o(.text)
    Iwdg_Init                                0x08005e71   Thumb Code    32  iwdg.o(.text)
    Key_Init                                 0x08005e91   Thumb Code   148  key.o(.text)
    ScanKey                                  0x08005f25   Thumb Code   196  key.o(.text)
    OS_TaskStatStkChk                        0x08006011   Thumb Code    54  os_core.o(.text)
    OS_TaskStat                              0x08006047   Thumb Code   116  os_core.o(.text)
    OS_TaskIdle                              0x080060ef   Thumb Code    34  os_core.o(.text)
    OS_MemClr                                0x08006145   Thumb Code    18  os_core.o(.text)
    OSInit                                   0x08006255   Thumb Code    44  os_core.o(.text)
    OSIntEnter                               0x08006281   Thumb Code    28  os_core.o(.text)
    OSIntExit                                0x080062b7   Thumb Code   112  os_core.o(.text)
    OSSchedLock                              0x08006327   Thumb Code    50  os_core.o(.text)
    OS_Sched                                 0x08006359   Thumb Code    88  os_core.o(.text)
    OSSchedUnlock                            0x080063b1   Thumb Code   232  os_core.o(.text)
    OSStart                                  0x08006499   Thumb Code    48  os_core.o(.text)
    OSStatInit                               0x080064c9   Thumb Code    62  os_core.o(.text)
    OSTimeTick                               0x08006507   Thumb Code   210  os_core.o(.text)
    OSVersion                                0x080065d9   Thumb Code     6  os_core.o(.text)
    OS_Dummy                                 0x080065df   Thumb Code     2  os_core.o(.text)
    OS_EventTaskRemove                       0x080065e1   Thumb Code    42  os_core.o(.text)
    OS_EventTaskRdy                          0x0800660b   Thumb Code   114  os_core.o(.text)
    OS_EventTaskWait                         0x0800667d   Thumb Code   112  os_core.o(.text)
    OS_EventWaitListInit                     0x080066ed   Thumb Code    28  os_core.o(.text)
    OS_MemCopy                               0x08006709   Thumb Code    20  os_core.o(.text)
    OS_StrLen                                0x0800671d   Thumb Code    20  os_core.o(.text)
    OS_TCBInit                               0x08006731   Thumb Code   280  os_core.o(.text)
    OSFlagAccept                             0x0800688d   Thumb Code   252  os_flag.o(.text)
    OSFlagCreate                             0x08006989   Thumb Code    86  os_flag.o(.text)
    OS_FlagUnlink                            0x080069df   Thumb Code    36  os_flag.o(.text)
    OSFlagDel                                0x08006a55   Thumb Code   214  os_flag.o(.text)
    OSFlagNameGet                            0x08006b2b   Thumb Code    80  os_flag.o(.text)
    OSFlagNameSet                            0x08006b7b   Thumb Code    66  os_flag.o(.text)
    OSFlagPend                               0x08006c55   Thumb Code   614  os_flag.o(.text)
    OSFlagPendGetFlagsRdy                    0x08006ebb   Thumb Code    26  os_flag.o(.text)
    OSFlagPost                               0x08006ed5   Thumb Code   312  os_flag.o(.text)
    OSFlagQuery                              0x0800700d   Thumb Code    48  os_flag.o(.text)
    OS_FlagInit                              0x0800703d   Thumb Code    78  os_flag.o(.text)
    OSQAccept                                0x08007099   Thumb Code    88  os_q.o(.text)
    OSQCreate                                0x080070f1   Thumb Code   140  os_q.o(.text)
    OSQDel                                   0x0800717d   Thumb Code   236  os_q.o(.text)
    OSQFlush                                 0x08007269   Thumb Code    36  os_q.o(.text)
    OSQPend                                  0x0800728d   Thumb Code   272  os_q.o(.text)
    OSQPendAbort                             0x0800739d   Thumb Code   128  os_q.o(.text)
    OSQPost                                  0x0800741d   Thumb Code   114  os_q.o(.text)
    OSQPostFront                             0x0800748f   Thumb Code   136  os_q.o(.text)
    OSQPostOpt                               0x08007517   Thumb Code   182  os_q.o(.text)
    OSQQuery                                 0x080075cd   Thumb Code    98  os_q.o(.text)
    OS_QInit                                 0x0800762f   Thumb Code    72  os_q.o(.text)
    OSTaskChangePrio                         0x08007681   Thumb Code   308  os_task.o(.text)
    OSTaskCreate                             0x080077b5   Thumb Code   148  os_task.o(.text)
    OS_TaskStkClr                            0x08007849   Thumb Code    26  os_task.o(.text)
    OSTaskCreateExt                          0x08007863   Thumb Code   170  os_task.o(.text)
    OSTaskDel                                0x0800790d   Thumb Code   294  os_task.o(.text)
    OSTaskDelReq                             0x08007a33   Thumb Code   144  os_task.o(.text)
    OSTaskNameGet                            0x08007ac3   Thumb Code   114  os_task.o(.text)
    OSTaskNameSet                            0x08007b35   Thumb Code    98  os_task.o(.text)
    OSTaskResume                             0x08007b97   Thumb Code   154  os_task.o(.text)
    OSTaskStkChk                             0x08007c31   Thumb Code   132  os_task.o(.text)
    OSTaskSuspend                            0x08007cb5   Thumb Code   152  os_task.o(.text)
    OSTaskQuery                              0x08007d4d   Thumb Code    82  os_task.o(.text)
    OSTaskRegGet                             0x08007d9f   Thumb Code    60  os_task.o(.text)
    OSTaskRegSet                             0x08007ddb   Thumb Code    62  os_task.o(.text)
    OS_TaskReturn                            0x08007e19   Thumb Code    18  os_task.o(.text)
    OSTimeDly                                0x08007e45   Thumb Code   100  os_time.o(.text)
    OSTimeDlyHMSM                            0x08007ea9   Thumb Code    86  os_time.o(.text)
    OSTimeDlyResume                          0x08007eff   Thumb Code   168  os_time.o(.text)
    OSTimeGet                                0x08007fa7   Thumb Code    24  os_time.o(.text)
    OSTimeSet                                0x08007fbf   Thumb Code    24  os_time.o(.text)
    OS_CPU_SR_Save                           0x08007ff5   Thumb Code     0  os_cpu_a.o(.text)
    OS_CPU_SR_Restore                        0x08007ffd   Thumb Code     0  os_cpu_a.o(.text)
    OSStartHighRdy                           0x08008003   Thumb Code     0  os_cpu_a.o(.text)
    OSCtxSw                                  0x08008025   Thumb Code     0  os_cpu_a.o(.text)
    OSIntCtxSw                               0x08008033   Thumb Code     0  os_cpu_a.o(.text)
    PendSV_Handler                           0x08008043   Thumb Code     0  os_cpu_a.o(.text)
    OSInitHookBegin                          0x080080a9   Thumb Code     2  os_cpu_c.o(.text)
    OSInitHookEnd                            0x080080ab   Thumb Code     2  os_cpu_c.o(.text)
    OSTaskCreateHook                         0x080080ad   Thumb Code     2  os_cpu_c.o(.text)
    OSTaskDelHook                            0x080080af   Thumb Code     2  os_cpu_c.o(.text)
    OSTaskIdleHook                           0x080080b1   Thumb Code     2  os_cpu_c.o(.text)
    OSTaskStatHook                           0x080080b3   Thumb Code     2  os_cpu_c.o(.text)
    OSTaskStkInit                            0x080080b5   Thumb Code   154  os_cpu_c.o(.text)
    OSTaskSwHook                             0x0800814f   Thumb Code     2  os_cpu_c.o(.text)
    OSTCBInitHook                            0x08008151   Thumb Code     2  os_cpu_c.o(.text)
    OSTimeTickHook                           0x08008153   Thumb Code     2  os_cpu_c.o(.text)
    OSTaskReturnHook                         0x08008155   Thumb Code     2  os_cpu_c.o(.text)
    __use_no_semihosting                     0x08008157   Thumb Code     2  use_no_semi_2.o(.text)
    __2printf                                0x08008159   Thumb Code    20  noretval__2printf.o(.text)
    __printf                                 0x08008171   Thumb Code   104  __printf.o(.text)
    _printf_int_hex                          0x080081d9   Thumb Code    84  _printf_hex_int.o(.text)
    _printf_longlong_hex                     0x080081d9   Thumb Code     0  _printf_hex_int.o(.text)
    __use_two_region_memory                  0x08008231   Thumb Code     2  heapauxi.o(.text)
    __rt_heap_escrow$2region                 0x08008233   Thumb Code     2  heapauxi.o(.text)
    __rt_heap_expand$2region                 0x08008235   Thumb Code     2  heapauxi.o(.text)
    __I$use$semihosting                      0x08008237   Thumb Code     0  use_no_semi.o(.text)
    __use_no_semihosting_swi                 0x08008237   Thumb Code     2  use_no_semi.o(.text)
    _printf_int_common                       0x08008239   Thumb Code   178  _printf_intcommon.o(.text)
    _printf_char_file                        0x080082ed   Thumb Code    32  _printf_char_file.o(.text)
    _printf_char_common                      0x0800831b   Thumb Code    32  _printf_char_common.o(.text)
    ferror                                   0x08008341   Thumb Code     8  ferror.o(.text)
    __user_setup_stackheap                   0x08008349   Thumb Code    74  sys_stackheap_outer.o(.text)
    exit                                     0x08008393   Thumb Code    18  exit.o(.text)
    __user_libspace                          0x080083a5   Thumb Code     8  libspace.o(.text)
    __user_perproc_libspace                  0x080083a5   Thumb Code     0  libspace.o(.text)
    __user_perthread_libspace                0x080083a5   Thumb Code     0  libspace.o(.text)
    OSUnMapTbl                               0x080083ac   Data         256  os_core.o(.constdata)
    Region$$Table$$Base                      0x080084d4   Number         0  anon$$obj.o(Region$$Table)
    Region$$Table$$Limit                     0x080084f4   Number         0  anon$$obj.o(Region$$Table)
    SystemCoreClock                          0x20000000   Data           4  system_stm32f10x.o(.data)
    AHBPrescTable                            0x20000004   Data          16  system_stm32f10x.o(.data)
    __stdout                                 0x2000002c   Data           4  uart.o(.data)
    FunCode                                  0x20000030   Data           1  uart.o(.data)
    Progress                                 0x20000032   Data           2  uart.o(.data)
    CurrentState                             0x20000036   Data           1  systask.o(.data)
    CurrentUser                              0x20000038   Data           4  systask.o(.data)
    sectorKeyA                               0x2000003c   Data         256  rc522.o(.data)
    sectorNewsectorKeyA                      0x2000013c   Data         256  rc522.o(.data)
    ICID                                     0x2000023c   Data           4  rc522.o(.data)
    ReadFlag                                 0x20000240   Data           1  rc522.o(.data)
    WriteFlag                                0x20000241   Data           1  rc522.o(.data)
    OSCtxSwCtr                               0x20000244   Data           4  os_core.o(.data)
    OSEventFreeList                          0x20000248   Data           4  os_core.o(.data)
    OSFlagFreeList                           0x2000024c   Data           4  os_core.o(.data)
    OSCPUUsage                               0x20000250   Data           1  os_core.o(.data)
    OSIdleCtrMax                             0x20000254   Data           4  os_core.o(.data)
    OSIdleCtrRun                             0x20000258   Data           4  os_core.o(.data)
    OSStatRdy                                0x2000025c   Data           1  os_core.o(.data)
    OSIntNesting                             0x2000025d   Data           1  os_core.o(.data)
    OSLockNesting                            0x2000025e   Data           1  os_core.o(.data)
    OSPrioCur                                0x2000025f   Data           1  os_core.o(.data)
    OSPrioHighRdy                            0x20000260   Data           1  os_core.o(.data)
    OSRdyGrp                                 0x20000261   Data           1  os_core.o(.data)
    OSRdyTbl                                 0x20000262   Data           3  os_core.o(.data)
    OSRunning                                0x20000265   Data           1  os_core.o(.data)
    OSTaskCtr                                0x20000266   Data           1  os_core.o(.data)
    OSIdleCtr                                0x20000268   Data           4  os_core.o(.data)
    OSTCBCur                                 0x2000026c   Data           4  os_core.o(.data)
    OSTCBFreeList                            0x20000270   Data           4  os_core.o(.data)
    OSTCBHighRdy                             0x20000274   Data           4  os_core.o(.data)
    OSTCBList                                0x20000278   Data           4  os_core.o(.data)
    OSTickStepState                          0x2000027c   Data           1  os_core.o(.data)
    OSQFreeList                              0x20000280   Data           4  os_core.o(.data)
    OSTime                                   0x20000284   Data           4  os_core.o(.data)
    SendBuff                                 0x20000288   Data         128  uart.o(.bss)
    RecBuff                                  0x20000308   Data         128  uart.o(.bss)
    START_TASK_STK                           0x20000388   Data         512  systask.o(.bss)
    HANDLE_TASK_STK                          0x20000588   Data         512  systask.o(.bss)
    DISPLAY_TASK_STK                         0x20000788   Data         512  systask.o(.bss)
    LED_TASK_STK                             0x20000988   Data         512  systask.o(.bss)
    IWDG_TASK_STK                            0x20000b88   Data         512  systask.o(.bss)
    StoredUser                               0x20000d88   Data          12  systask.o(.bss)
    STMFLASH_BUF                             0x20000d94   Data        1024  stmflash.o(.bss)
    ReadBuff                                 0x20001194   Data          16  rc522.o(.bss)
    WriteBuff                                0x200011a4   Data          16  rc522.o(.bss)
    OSEventTbl                               0x200011b4   Data         160  os_core.o(.bss)
    OSFlagTbl                                0x20001254   Data          80  os_core.o(.bss)
    OSTaskStatStk                            0x200012a4   Data         512  os_core.o(.bss)
    OSTaskIdleStk                            0x200014a4   Data         512  os_core.o(.bss)
    OSTCBPrioTbl                             0x200016a4   Data          72  os_core.o(.bss)
    OSTCBTbl                                 0x200016ec   Data        1008  os_core.o(.bss)
    OSQTbl                                   0x20001adc   Data         120  os_core.o(.bss)
    __libspace_start                         0x20001b54   Data          96  libspace.o(.bss)
    __temporary_stack_top$libspace           0x20001bb4   Data           0  libspace.o(.bss)



==============================================================================

Memory Map of the image

  Image Entry point : 0x080028ed

  Load Region LR_IROM1 (Base: 0x08002800, Size: 0x00005f7c, Max: 0x0001d800, ABSOLUTE, COMPRESSED[0x00005d24])

    Execution Region ER_IROM1 (Exec base: 0x08002800, Load base: 0x08002800, Size: 0x00005cf4, Max: 0x0001d800, ABSOLUTE)

    Exec Addr    Load Addr    Size         Type   Attr      Idx    E Section Name        Object

    0x08002800   0x08002800   0x000000ec   Data   RO          241    RESET               startup_stm32f10x_md.o
    0x080028ec   0x080028ec   0x00000008   Code   RO          749  * !!!main             c_w.l(__main.o)
    0x080028f4   0x080028f4   0x00000034   Code   RO          919    !!!scatter          c_w.l(__scatter.o)
    0x08002928   0x08002928   0x0000005a   Code   RO          917    !!dczerorl2         c_w.l(__dczerorl2.o)
    0x08002982   0x08002982   0x00000002   PAD
    0x08002984   0x08002984   0x0000001c   Code   RO          921    !!handler_zi        c_w.l(__scatter_zi.o)
    0x080029a0   0x080029a0   0x00000000   Code   RO          746    .ARM.Collect$$_printf_percent$$00000000  c_w.l(_printf_percent.o)
    0x080029a0   0x080029a0   0x00000006   Code   RO          745    .ARM.Collect$$_printf_percent$$0000000C  c_w.l(_printf_x.o)
    0x080029a6   0x080029a6   0x00000004   Code   RO          758    .ARM.Collect$$_printf_percent$$00000017  c_w.l(_printf_percent_end.o)
    0x080029aa   0x080029aa   0x00000002   Code   RO          791    .ARM.Collect$$libinit$$00000000  c_w.l(libinit.o)
    0x080029ac   0x080029ac   0x00000000   Code   RO          798    .ARM.Collect$$libinit$$00000002  c_w.l(libinit2.o)
    0x080029ac   0x080029ac   0x00000000   Code   RO          800    .ARM.Collect$$libinit$$00000004  c_w.l(libinit2.o)
    0x080029ac   0x080029ac   0x00000000   Code   RO          803    .ARM.Collect$$libinit$$0000000A  c_w.l(libinit2.o)
    0x080029ac   0x080029ac   0x00000000   Code   RO          805    .ARM.Collect$$libinit$$0000000C  c_w.l(libinit2.o)
    0x080029ac   0x080029ac   0x00000000   Code   RO          807    .ARM.Collect$$libinit$$0000000E  c_w.l(libinit2.o)
    0x080029ac   0x080029ac   0x00000000   Code   RO          810    .ARM.Collect$$libinit$$00000011  c_w.l(libinit2.o)
    0x080029ac   0x080029ac   0x00000000   Code   RO          812    .ARM.Collect$$libinit$$00000013  c_w.l(libinit2.o)
    0x080029ac   0x080029ac   0x00000000   Code   RO          814    .ARM.Collect$$libinit$$00000015  c_w.l(libinit2.o)
    0x080029ac   0x080029ac   0x00000000   Code   RO          816    .ARM.Collect$$libinit$$00000017  c_w.l(libinit2.o)
    0x080029ac   0x080029ac   0x00000000   Code   RO          818    .ARM.Collect$$libinit$$00000019  c_w.l(libinit2.o)
    0x080029ac   0x080029ac   0x00000000   Code   RO          820    .ARM.Collect$$libinit$$0000001B  c_w.l(libinit2.o)
    0x080029ac   0x080029ac   0x00000000   Code   RO          822    .ARM.Collect$$libinit$$0000001D  c_w.l(libinit2.o)
    0x080029ac   0x080029ac   0x00000000   Code   RO          824    .ARM.Collect$$libinit$$0000001F  c_w.l(libinit2.o)
    0x080029ac   0x080029ac   0x00000000   Code   RO          826    .ARM.Collect$$libinit$$00000021  c_w.l(libinit2.o)
    0x080029ac   0x080029ac   0x00000000   Code   RO          828    .ARM.Collect$$libinit$$00000023  c_w.l(libinit2.o)
    0x080029ac   0x080029ac   0x00000000   Code   RO          830    .ARM.Collect$$libinit$$00000025  c_w.l(libinit2.o)
    0x080029ac   0x080029ac   0x00000000   Code   RO          834    .ARM.Collect$$libinit$$0000002C  c_w.l(libinit2.o)
    0x080029ac   0x080029ac   0x00000000   Code   RO          836    .ARM.Collect$$libinit$$0000002E  c_w.l(libinit2.o)
    0x080029ac   0x080029ac   0x00000000   Code   RO          838    .ARM.Collect$$libinit$$00000030  c_w.l(libinit2.o)
    0x080029ac   0x080029ac   0x00000000   Code   RO          840    .ARM.Collect$$libinit$$00000032  c_w.l(libinit2.o)
    0x080029ac   0x080029ac   0x00000002   Code   RO          841    .ARM.Collect$$libinit$$00000033  c_w.l(libinit2.o)
    0x080029ae   0x080029ae   0x00000002   Code   RO          859    .ARM.Collect$$libshutdown$$00000000  c_w.l(libshutdown.o)
    0x080029b0   0x080029b0   0x00000000   Code   RO          869    .ARM.Collect$$libshutdown$$00000002  c_w.l(libshutdown2.o)
    0x080029b0   0x080029b0   0x00000000   Code   RO          871    .ARM.Collect$$libshutdown$$00000004  c_w.l(libshutdown2.o)
    0x080029b0   0x080029b0   0x00000000   Code   RO          873    .ARM.Collect$$libshutdown$$00000006  c_w.l(libshutdown2.o)
    0x080029b0   0x080029b0   0x00000000   Code   RO          876    .ARM.Collect$$libshutdown$$00000009  c_w.l(libshutdown2.o)
    0x080029b0   0x080029b0   0x00000000   Code   RO          879    .ARM.Collect$$libshutdown$$0000000C  c_w.l(libshutdown2.o)
    0x080029b0   0x080029b0   0x00000000   Code   RO          881    .ARM.Collect$$libshutdown$$0000000E  c_w.l(libshutdown2.o)
    0x080029b0   0x080029b0   0x00000000   Code   RO          884    .ARM.Collect$$libshutdown$$00000011  c_w.l(libshutdown2.o)
    0x080029b0   0x080029b0   0x00000002   Code   RO          885    .ARM.Collect$$libshutdown$$00000012  c_w.l(libshutdown2.o)
    0x080029b2   0x080029b2   0x00000000   Code   RO          753    .ARM.Collect$$rtentry$$00000000  c_w.l(__rtentry.o)
    0x080029b2   0x080029b2   0x00000000   Code   RO          760    .ARM.Collect$$rtentry$$00000002  c_w.l(__rtentry2.o)
    0x080029b2   0x080029b2   0x00000006   Code   RO          772    .ARM.Collect$$rtentry$$00000004  c_w.l(__rtentry4.o)
    0x080029b8   0x080029b8   0x00000000   Code   RO          762    .ARM.Collect$$rtentry$$00000009  c_w.l(__rtentry2.o)
    0x080029b8   0x080029b8   0x00000004   Code   RO          763    .ARM.Collect$$rtentry$$0000000A  c_w.l(__rtentry2.o)
    0x080029bc   0x080029bc   0x00000000   Code   RO          765    .ARM.Collect$$rtentry$$0000000C  c_w.l(__rtentry2.o)
    0x080029bc   0x080029bc   0x00000008   Code   RO          766    .ARM.Collect$$rtentry$$0000000D  c_w.l(__rtentry2.o)
    0x080029c4   0x080029c4   0x00000002   Code   RO          795    .ARM.Collect$$rtexit$$00000000  c_w.l(rtexit.o)
    0x080029c6   0x080029c6   0x00000000   Code   RO          843    .ARM.Collect$$rtexit$$00000002  c_w.l(rtexit2.o)
    0x080029c6   0x080029c6   0x00000004   Code   RO          844    .ARM.Collect$$rtexit$$00000003  c_w.l(rtexit2.o)
    0x080029ca   0x080029ca   0x00000006   Code   RO          845    .ARM.Collect$$rtexit$$00000004  c_w.l(rtexit2.o)
    0x080029d0   0x080029d0   0x00000060   Code   RO            1    .text               main.o
    0x08002a30   0x08002a30   0x00000016   Code   RO          169    .text               stm32f10x_it.o
    0x08002a46   0x08002a46   0x00000002   PAD
    0x08002a48   0x08002a48   0x000001e0   Code   RO          210    .text               system_stm32f10x.o
    0x08002c28   0x08002c28   0x00000040   Code   RO          242    .text               startup_stm32f10x_md.o
    0x08002c68   0x08002c68   0x000000dc   Code   RO          246    .text               misc.o
    0x08002d44   0x08002d44   0x0000035c   Code   RO          258    .text               stm32f10x_gpio.o
    0x080030a0   0x080030a0   0x000003a4   Code   RO          270    .text               stm32f10x_rcc.o
    0x08003444   0x08003444   0x00000408   Code   RO          296    .text               stm32f10x_usart.o
    0x0800384c   0x0800384c   0x00000e1a   Code   RO          320    .text               stm32f10x_tim.o
    0x08004666   0x08004666   0x00000002   PAD
    0x08004668   0x08004668   0x000005bc   Code   RO          332    .text               stm32f10x_flash.o
    0x08004c24   0x08004c24   0x00000040   Code   RO          344    .text               stm32f10x_iwdg.o
    0x08004c64   0x08004c64   0x00000130   Code   RO          368    .text               delay.o
    0x08004d94   0x08004d94   0x00000038   Code   RO          398    .text               led.o
    0x08004dcc   0x08004dcc   0x00000274   Code   RO          410    .text               uart.o
    0x08005040   0x08005040   0x00000072   Code   RO          437    .text               timer.o
    0x080050b2   0x080050b2   0x00000002   PAD
    0x080050b4   0x080050b4   0x0000008c   Code   RO          449    .text               pwm.o
    0x08005140   0x08005140   0x000003bc   Code   RO          468    .text               systask.o
    0x080054fc   0x080054fc   0x00000144   Code   RO          487    .text               stmflash.o
    0x08005640   0x08005640   0x00000830   Code   RO          510    .text               rc522.o
    0x08005e70   0x08005e70   0x00000020   Code   RO          529    .text               iwdg.o
    0x08005e90   0x08005e90   0x00000180   Code   RO          541    .text               key.o
    0x08006010   0x08006010   0x0000087c   Code   RO          553    .text               os_core.o
    0x0800688c   0x0800688c   0x0000080c   Code   RO          573    .text               os_flag.o
    0x08007098   0x08007098   0x000005e8   Code   RO          615    .text               os_q.o
    0x08007680   0x08007680   0x000007c4   Code   RO          639    .text               os_task.o
    0x08007e44   0x08007e44   0x000001b0   Code   RO          651    .text               os_time.o
    0x08007ff4   0x08007ff4   0x000000b4   Code   RO          669    .text               os_cpu_a.o
    0x080080a8   0x080080a8   0x000000ae   Code   RO          672    .text               os_cpu_c.o
    0x08008156   0x08008156   0x00000002   Code   RO          696    .text               c_w.l(use_no_semi_2.o)
    0x08008158   0x08008158   0x00000018   Code   RO          700    .text               c_w.l(noretval__2printf.o)
    0x08008170   0x08008170   0x00000068   Code   RO          702    .text               c_w.l(__printf.o)
    0x080081d8   0x080081d8   0x00000058   Code   RO          707    .text               c_w.l(_printf_hex_int.o)
    0x08008230   0x08008230   0x00000006   Code   RO          747    .text               c_w.l(heapauxi.o)
    0x08008236   0x08008236   0x00000002   Code   RO          751    .text               c_w.l(use_no_semi.o)
    0x08008238   0x08008238   0x000000b2   Code   RO          754    .text               c_w.l(_printf_intcommon.o)
    0x080082ea   0x080082ea   0x00000002   PAD
    0x080082ec   0x080082ec   0x00000024   Code   RO          756    .text               c_w.l(_printf_char_file.o)
    0x08008310   0x08008310   0x00000030   Code   RO          774    .text               c_w.l(_printf_char_common.o)
    0x08008340   0x08008340   0x00000008   Code   RO          776    .text               c_w.l(ferror.o)
    0x08008348   0x08008348   0x0000004a   Code   RO          780    .text               c_w.l(sys_stackheap_outer.o)
    0x08008392   0x08008392   0x00000012   Code   RO          784    .text               c_w.l(exit.o)
    0x080083a4   0x080083a4   0x00000008   Code   RO          792    .text               c_w.l(libspace.o)
    0x080083ac   0x080083ac   0x00000100   Data   RO          555    .constdata          os_core.o
    0x080084ac   0x080084ac   0x00000028   Data   RO          708    .constdata          c_w.l(_printf_hex_int.o)
    0x080084d4   0x080084d4   0x00000020   Data   RO          915    Region$$Table       anon$$obj.o


    Execution Region RW_IRAM1 (Exec base: 0x20000000, Load base: 0x080084f4, Size: 0x000021b8, Max: 0x00005000, ABSOLUTE, COMPRESSED[0x00000030])

    Exec Addr    Load Addr    Size         Type   Attr      Idx    E Section Name        Object

    0x20000000   COMPRESSED   0x00000014   Data   RW          211    .data               system_stm32f10x.o
    0x20000014   COMPRESSED   0x00000014   Data   RW          271    .data               stm32f10x_rcc.o
    0x20000028   COMPRESSED   0x00000004   Data   RW          369    .data               delay.o
    0x2000002c   COMPRESSED   0x0000000a   Data   RW          412    .data               uart.o
    0x20000036   COMPRESSED   0x00000006   Data   RW          470    .data               systask.o
    0x2000003c   COMPRESSED   0x00000206   Data   RW          512    .data               rc522.o
    0x20000242   COMPRESSED   0x00000002   PAD
    0x20000244   COMPRESSED   0x00000044   Data   RW          556    .data               os_core.o
    0x20000288        -       0x00000100   Zero   RW          411    .bss                uart.o
    0x20000388        -       0x00000a0c   Zero   RW          469    .bss                systask.o
    0x20000d94        -       0x00000400   Zero   RW          488    .bss                stmflash.o
    0x20001194        -       0x00000020   Zero   RW          511    .bss                rc522.o
    0x200011b4        -       0x000009a0   Zero   RW          554    .bss                os_core.o
    0x20001b54        -       0x00000060   Zero   RW          793    .bss                c_w.l(libspace.o)
    0x20001bb4   COMPRESSED   0x00000004   PAD
    0x20001bb8        -       0x00000200   Zero   RW          240    HEAP                startup_stm32f10x_md.o
    0x20001db8        -       0x00000400   Zero   RW          239    STACK               startup_stm32f10x_md.o


==============================================================================

Image component sizes


      Code (inc. data)   RO Data    RW Data    ZI Data      Debug   Object Name

         0          0          0          0          0         32   core_cm3.o
       304         24          0          4          0       1733   delay.o
        32          0          0          0          0        420   iwdg.o
       384         40          0          0          0        779   key.o
        56          6          0          0          0        451   led.o
        96         10          0          0          0     266096   main.o
       220         22          0          0          0       1705   misc.o
      2172        216        256         68       2464      14879   os_core.o
       180         36          0          0          0        312   os_cpu_a.o
       174          0          0          0          0      10302   os_cpu_c.o
      2060         42          0          0          0       7060   os_flag.o
      1512         30          0          0          0       5725   os_q.o
      1988         70          0          0          0       7745   os_task.o
       432         30          0          0          0       1826   os_time.o
       140         10          0          0          0        692   pwm.o
      2096         36          0        518         32       8671   rc522.o
        64         26        236          0       1536        780   startup_stm32f10x_md.o
      1468         34          0          0          0       8118   stm32f10x_flash.o
       860         38          0          0          0       5641   stm32f10x_gpio.o
        22          0          0          0          0        975   stm32f10x_it.o
        64          6          0          0          0       1237   stm32f10x_iwdg.o
       932         36          0         20          0       8788   stm32f10x_rcc.o
      3610         88          0          0          0      22748   stm32f10x_tim.o
      1032         22          0          0          0       8364   stm32f10x_usart.o
       324          8          0          0       1024       2594   stmflash.o
       956        170          0          6       2572       3307   systask.o
       480         38          0         20          0       1671   system_stm32f10x.o
       114          0          0          0          0        748   timer.o
       628         32          0         10        256      19300   uart.o

    ----------------------------------------------------------------------
     22406       1070        524        648       7884     412699   Object Totals
         0          0         32          0          0          0   (incl. Generated)
         6          0          0          2          0          0   (incl. Padding)

    ----------------------------------------------------------------------

      Code (inc. data)   RO Data    RW Data    ZI Data      Debug   Library Member Name

        90          0          0          0          0          0   __dczerorl2.o
         8          0          0          0          0         68   __main.o
       104          0          0          0          0         84   __printf.o
         0          0          0          0          0          0   __rtentry.o
        12          0          0          0          0          0   __rtentry2.o
         6          0          0          0          0          0   __rtentry4.o
        52          8          0          0          0          0   __scatter.o
        28          0          0          0          0          0   __scatter_zi.o
        48          6          0          0          0         96   _printf_char_common.o
        36          4          0          0          0         80   _printf_char_file.o
        88          4         40          0          0         88   _printf_hex_int.o
       178          0          0          0          0         88   _printf_intcommon.o
         0          0          0          0          0          0   _printf_percent.o
         4          0          0          0          0          0   _printf_percent_end.o
         6          0          0          0          0          0   _printf_x.o
        18          0          0          0          0         80   exit.o
         8          0          0          0          0         68   ferror.o
         6          0          0          0          0        152   heapauxi.o
         2          0          0          0          0          0   libinit.o
         2          0          0          0          0          0   libinit2.o
         2          0          0          0          0          0   libshutdown.o
         2          0          0          0          0          0   libshutdown2.o
         8          4          0          0         96         68   libspace.o
        24          4          0          0          0         84   noretval__2printf.o
         2          0          0          0          0          0   rtexit.o
        10          0          0          0          0          0   rtexit2.o
        74          0          0          0          0         80   sys_stackheap_outer.o
         2          0          0          0          0         68   use_no_semi.o
         2          0          0          0          0         68   use_no_semi_2.o

    ----------------------------------------------------------------------
       826         30         40          0        100       1172   Library Totals
         4          0          0          0          4          0   (incl. Padding)

    ----------------------------------------------------------------------

      Code (inc. data)   RO Data    RW Data    ZI Data      Debug   Library Name

       822         30         40          0         96       1172   c_w.l

    ----------------------------------------------------------------------
       826         30         40          0        100       1172   Library Totals

    ----------------------------------------------------------------------

==============================================================================


      Code (inc. data)   RO Data    RW Data    ZI Data      Debug   

     23232       1100        564        648       7984     411111   Grand Totals
     23232       1100        564         48       7984     411111   ELF Image Totals (compressed)
     23232       1100        564         48          0          0   ROM Totals

==============================================================================

    Total RO  Size (Code + RO Data)                23796 (  23.24kB)
    Total RW  Size (RW Data + ZI Data)              8632 (   8.43kB)
    Total ROM Size (Code + RO Data + RW Data)      23844 (  23.29kB)

==============================================================================

