Component: ARM Compiler 5.06 update 7 (build 960) Tool: armlink [4d3601]

==============================================================================

Section Cross References

    main.o(.text) refers to delay.o(.text) for delay_init
    main.o(.text) refers to misc.o(.text) for NVIC_PriorityGroupConfig
    main.o(.text) refers to uart.o(.text) for UART_Init
    main.o(.text) refers to led.o(.text) for LED_Init
    main.o(.text) refers to key.o(.text) for Key_Init
    main.o(.text) refers to dht11.o(.text) for DHT11_Init
    main.o(.text) refers to oled.o(.text) for OLED_Init
    main.o(.text) refers to str.o(.text) for ClearStr
    main.o(.text) refers to pwm.o(.text) for TIM3_PWM_Init
    main.o(.text) refers to timer.o(.text) for TIM2_Int_Init
    main.o(.text) refers to iwdg.o(.text) for Iwdg_Init
    main.o(.text) refers to os_core.o(.text) for OSInit
    main.o(.text) refers to os_task.o(.text) for OSTaskCreate
    main.o(.text) refers to systask.o(.bss) for START_TASK_STK
    main.o(.text) refers to systask.o(.text) for start_task
    system_stm32f10x.o(.text) refers to system_stm32f10x.o(.data) for SystemCoreClock
    startup_stm32f10x_ld.o(STACK) refers (Special) to heapauxi.o(.text) for __use_two_region_memory
    startup_stm32f10x_ld.o(HEAP) refers (Special) to heapauxi.o(.text) for __use_two_region_memory
    startup_stm32f10x_ld.o(RESET) refers (Special) to heapauxi.o(.text) for __use_two_region_memory
    startup_stm32f10x_ld.o(RESET) refers to startup_stm32f10x_ld.o(STACK) for __initial_sp
    startup_stm32f10x_ld.o(RESET) refers to startup_stm32f10x_ld.o(.text) for Reset_Handler
    startup_stm32f10x_ld.o(RESET) refers to stm32f10x_it.o(.text) for NMI_Handler
    startup_stm32f10x_ld.o(RESET) refers to os_cpu_a.o(.text) for PendSV_Handler
    startup_stm32f10x_ld.o(RESET) refers to delay.o(.text) for SysTick_Handler
    startup_stm32f10x_ld.o(RESET) refers to timer.o(.text) for TIM2_IRQHandler
    startup_stm32f10x_ld.o(RESET) refers to uart.o(.text) for USART1_IRQHandler
    startup_stm32f10x_ld.o(.text) refers (Special) to heapauxi.o(.text) for __use_two_region_memory
    startup_stm32f10x_ld.o(.text) refers to system_stm32f10x.o(.text) for SystemInit
    startup_stm32f10x_ld.o(.text) refers to __main.o(!!!main) for __main
    startup_stm32f10x_ld.o(.text) refers to startup_stm32f10x_ld.o(HEAP) for Heap_Mem
    startup_stm32f10x_ld.o(.text) refers to startup_stm32f10x_ld.o(STACK) for Stack_Mem
    stm32f10x_gpio.o(.text) refers to stm32f10x_rcc.o(.text) for RCC_APB2PeriphResetCmd
    stm32f10x_rcc.o(.text) refers to stm32f10x_rcc.o(.data) for APBAHBPrescTable
    stm32f10x_i2c.o(.text) refers to stm32f10x_rcc.o(.text) for RCC_APB1PeriphResetCmd
    stm32f10x_usart.o(.text) refers to stm32f10x_rcc.o(.text) for RCC_APB2PeriphResetCmd
    stm32f10x_adc.o(.text) refers to stm32f10x_rcc.o(.text) for RCC_APB2PeriphResetCmd
    stm32f10x_tim.o(.text) refers to stm32f10x_rcc.o(.text) for RCC_APB2PeriphResetCmd
    delay.o(.text) refers to os_core.o(.text) for OSSchedLock
    delay.o(.text) refers to os_time.o(.text) for OSTimeDly
    delay.o(.text) refers to misc.o(.text) for SysTick_CLKSourceConfig
    delay.o(.text) refers to os_core.o(.data) for OSRunning
    delay.o(.text) refers to system_stm32f10x.o(.data) for SystemCoreClock
    delay.o(.text) refers to delay.o(.data) for fac_us
    led.o(.text) refers to stm32f10x_rcc.o(.text) for RCC_APB2PeriphClockCmd
    led.o(.text) refers to stm32f10x_gpio.o(.text) for GPIO_Init
    uart.o(.text) refers to stm32f10x_rcc.o(.text) for RCC_APB2PeriphClockCmd
    uart.o(.text) refers to stm32f10x_gpio.o(.text) for GPIO_Init
    uart.o(.text) refers to misc.o(.text) for NVIC_Init
    uart.o(.text) refers to stm32f10x_usart.o(.text) for USART_Init
    uart.o(.text) refers to str.o(.text) for FloatToString
    uart.o(.text) refers to uart.o(.bss) for SendBuff
    uart.o(.text) refers to main.o(.data) for Temperature
    uart.o(.text) refers to uart.o(.data) for buffCounter
    str.o(.text) refers to dleqf.o(x$fpl$dleqf) for __aeabi_cdcmple
    str.o(.text) refers to dfix.o(x$fpl$dfix) for __aeabi_d2iz
    str.o(.text) refers to dflt_clz.o(x$fpl$dflt) for __aeabi_i2d
    str.o(.text) refers to daddsub_clz.o(x$fpl$drsb) for __aeabi_drsub
    str.o(.text) refers to dmul.o(x$fpl$dmul) for __aeabi_dmul
    str.o(.text) refers to daddsub_clz.o(x$fpl$dadd) for __aeabi_dadd
    str.o(.text) refers to ddiv.o(x$fpl$ddiv) for __aeabi_ddiv
    str.o(.text) refers to str.o(.bss) for str
    oled.o(.text) refers to stm32f10x_rcc.o(.text) for RCC_APB2PeriphClockCmd
    oled.o(.text) refers to stm32f10x_gpio.o(.text) for GPIO_Init
    oled.o(.text) refers to delay.o(.text) for delay_ms
    oled.o(.text) refers to oled.o(.constdata) for F6x8
    oled.o(.text) refers to rt_memclr_w.o(.text) for __aeabi_memclr4
    oled.o(.text) refers to str.o(.text) for ClearStr
    oled.o(.text) refers to dflt_clz.o(x$fpl$dfltu) for __aeabi_ui2d
[...]
    ..\MODULE\uart.c                         0x00000000   Number         0  uart.o ABSOLUTE
    ..\MODULE\warning.c                      0x00000000   Number         0  warning.o ABSOLUTE
    ..\SYSTEM\delay\delay.c                  0x00000000   Number         0  delay.o ABSOLUTE
    ..\SYSTEM\sys\sys.c                      0x00000000   Number         0  sys.o ABSOLUTE
    ..\UCOSII\CORE\os_core.c                 0x00000000   Number         0  os_core.o ABSOLUTE
    ..\UCOSII\CORE\os_flag.c                 0x00000000   Number         0  os_flag.o ABSOLUTE
    ..\UCOSII\CORE\os_mbox.c                 0x00000000   Number         0  os_mbox.o ABSOLUTE
    ..\UCOSII\CORE\os_mem.c                  0x00000000   Number         0  os_mem.o ABSOLUTE
    ..\UCOSII\CORE\os_mutex.c                0x00000000   Number         0  os_mutex.o ABSOLUTE
    ..\UCOSII\CORE\os_q.c                    0x00000000   Number         0  os_q.o ABSOLUTE
    ..\UCOSII\CORE\os_sem.c                  0x00000000   Number         0  os_sem.o ABSOLUTE
    ..\UCOSII\CORE\os_task.c                 0x00000000   Number         0  os_task.o ABSOLUTE
    ..\UCOSII\CORE\os_time.c                 0x00000000   Number         0  os_time.o ABSOLUTE
    ..\UCOSII\CORE\os_tmr.c                  0x00000000   Number         0  os_tmr.o ABSOLUTE
    ..\UCOSII\PORT\os_cpu_a.asm              0x00000000   Number         0  os_cpu_a.o ABSOLUTE
    ..\UCOSII\PORT\os_cpu_c.c                0x00000000   Number         0  os_cpu_c.o ABSOLUTE
    ..\\CORE\\core_cm3.c                     0x00000000   Number         0  core_cm3.o ABSOLUTE
    ..\\SYSTEM\\sys\\sys.c                   0x00000000   Number         0  sys.o ABSOLUTE
    dc.s                                     0x00000000   Number         0  dc.o ABSOLUTE
    main.c                                   0x00000000   Number         0  main.o ABSOLUTE
    stm32f10x_it.c                           0x00000000   Number         0  stm32f10x_it.o ABSOLUTE
    system_stm32f10x.c                       0x00000000   Number         0  system_stm32f10x.o ABSOLUTE
    RESET                                    0x08000000   Section      236  startup_stm32f10x_ld.o(RESET)
    !!!main                                  0x080000ec   Section        8  __main.o(!!!main)
    !!!scatter                               0x080000f4   Section       52  __scatter.o(!!!scatter)
    !!dclz77c                                0x08000128   Section      100  __dclz77c.o(!!dclz77c)
    !!handler_zi                             0x0800018c   Section       28  __scatter_zi.o(!!handler_zi)
    .ARM.Collect$$libinit$$00000000          0x080001a8   Section        2  libinit.o(.ARM.Collect$$libinit$$00000000)
    .ARM.Collect$$libinit$$00000002          0x080001aa   Section        0  libinit2.o(.ARM.Collect$$libinit$$00000002)
    .ARM.Collect$$libinit$$00000004          0x080001aa   Section        0  libinit2.o(.ARM.Collect$$libinit$$00000004)
    .ARM.Collect$$libinit$$0000000A          0x080001aa   Section        0  libinit2.o(.ARM.Collect$$libinit$$0000000A)
    .ARM.Collect$$libinit$$0000000C          0x080001aa   Section        0  libinit2.o(.ARM.Collect$$libinit$$0000000C)
    .ARM.Collect$$libinit$$0000000E          0x080001aa   Section        0  libinit2.o(.ARM.Collect$$libinit$$0000000E)
    .ARM.Collect$$libinit$$00000011          0x080001aa   Section        0  libinit2.o(.ARM.Collect$$libinit$$00000011)
    .ARM.Collect$$libinit$$00000013          0x080001aa   Section        0  libinit2.o(.ARM.Collect$$libinit$$00000013)
    .ARM.Collect$$libinit$$00000015          0x080001aa   Section        0  libinit2.o(.ARM.Collect$$libinit$$00000015)
    .ARM.Collect$$libinit$$00000017          0x080001aa   Section        0  libinit2.o(.ARM.Collect$$libinit$$00000017)
    .ARM.Collect$$libinit$$00000019          0x080001aa   Section        0  libinit2.o(.ARM.Collect$$libinit$$00000019)
    .ARM.Collect$$libinit$$0000001B          0x080001aa   Section        0  libinit2.o(.ARM.Collect$$libinit$$0000001B)
    .ARM.Collect$$libinit$$0000001D          0x080001aa   Section        0  libinit2.o(.ARM.Collect$$libinit$$0000001D)
    .ARM.Collect$$libinit$$0000001F          0x080001aa   Section        0  libinit2.o(.ARM.Collect$$libinit$$0000001F)
    .ARM.Collect$$libinit$$00000021          0x080001aa   Section        0  libinit2.o(.ARM.Collect$$libinit$$00000021)
    .ARM.Collect$$libinit$$00000023          0x080001aa   Section        0  libinit2.o(.ARM.Collect$$libinit$$00000023)
    .ARM.Collect$$libinit$$00000025          0x080001aa   Section        0  libinit2.o(.ARM.Collect$$libinit$$00000025)
    .ARM.Collect$$libinit$$0000002C          0x080001aa   Section        0  libinit2.o(.ARM.Collect$$libinit$$0000002C)
    .ARM.Collect$$libinit$$0000002E          0x080001aa   Section        0  libinit2.o(.ARM.Collect$$libinit$$0000002E)
    .ARM.Collect$$libinit$$00000030          0x080001aa   Section        0  libinit2.o(.ARM.Collect$$libinit$$00000030)
    .ARM.Collect$$libinit$$00000032          0x080001aa   Section        0  libinit2.o(.ARM.Collect$$libinit$$00000032)
    .ARM.Collect$$libinit$$00000033          0x080001aa   Section        2  libinit2.o(.ARM.Collect$$libinit$$00000033)
    .ARM.Collect$$libshutdown$$00000000      0x080001ac   Section        2  libshutdown.o(.ARM.Collect$$libshutdown$$00000000)
    .ARM.Collect$$libshutdown$$00000002      0x080001ae   Section        0  libshutdown2.o(.ARM.Collect$$libshutdown$$00000002)
    .ARM.Collect$$libshutdown$$00000004      0x080001ae   Section        0  libshutdown2.o(.ARM.Collect$$libshutdown$$00000004)
    .ARM.Collect$$libshutdown$$00000006      0x080001ae   Section        0  libshutdown2.o(.ARM.Collect$$libshutdown$$00000006)
    .ARM.Collect$$libshutdown$$00000009      0x080001ae   Section        0  libshutdown2.o(.ARM.Collect$$libshutdown$$00000009)
    .ARM.Collect$$libshutdown$$0000000C      0x080001ae   Section        0  libshutdown2.o(.ARM.Collect$$libshutdown$$0000000C)
    .ARM.Collect$$libshutdown$$0000000E      0x080001ae   Section        0  libshutdown2.o(.ARM.Collect$$libshutdown$$0000000E)
    .ARM.Collect$$libshutdown$$00000011      0x080001ae   Section        0  libshutdown2.o(.ARM.Collect$$libshutdown$$00000011)
    .ARM.Collect$$libshutdown$$00000012      0x080001ae   Section        2  libshutdown2.o(.ARM.Collect$$libshutdown$$00000012)
    .ARM.Collect$$rtentry$$00000000          0x080001b0   Section        0  __rtentry.o(.ARM.Collect$$rtentry$$00000000)
    .ARM.Collect$$rtentry$$00000002          0x080001b0   Section        0  __rtentry2.o(.ARM.Collect$$rtentry$$00000002)
    .ARM.Collect$$rtentry$$00000004          0x080001b0   Section        6  __rtentry4.o(.ARM.Collect$$rtentry$$00000004)
    .ARM.Collect$$rtentry$$00000009          0x080001b6   Section        0  __rtentry2.o(.ARM.Collect$$rtentry$$00000009)
    .ARM.Collect$$rtentry$$0000000A          0x080001b6   Section        4  __rtentry2.o(.ARM.Collect$$rtentry$$0000000A)
    .ARM.Collect$$rtentry$$0000000C          0x080001ba   Section        0  __rtentry2.o(.ARM.Collect$$rtentry$$0000000C)
    .ARM.Collect$$rtentry$$0000000D          0x080001ba   Section        8  __rtentry2.o(.ARM.Collect$$rtentry$$0000000D)
    .ARM.Collect$$rtexit$$00000000           0x080001c2   Section        2  rtexit.o(.ARM.Collect$$rtexit$$00000000)
    .ARM.Collect$$rtexit$$00000002           0x080001c4   Section        0  rtexit2.o(.ARM.Collect$$rtexit$$00000002)
    .ARM.Collect$$rtexit$$00000003           0x080001c4   Section        4  rtexit2.o(.ARM.Collect$$rtexit$$00000003)
    .ARM.Collect$$rtexit$$00000004           0x080001c8   Section        6  rtexit2.o(.ARM.Collect$$rtexit$$00000004)
    .text                                    0x080001d0   Section        0  main.o(.text)
    .text                                    0x08000280   Section        0  stm32f10x_it.o(.text)
    .text                                    0x08000298   Section        0  system_stm32f10x.o(.text)
    SetSysClockTo72                          0x08000299   Thumb Code   214  system_stm32f10x.o(.text)
    SetSysClock                              0x0800036f   Thumb Code     8  system_stm32f10x.o(.text)
    .text                                    0x08000478   Section       64  startup_stm32f10x_ld.o(.text)
    .text                                    0x080004b8   Section        0  misc.o(.text)
    .text                                    0x08000594   Section        0  stm32f10x_gpio.o(.text)
    .text                                    0x080008f0   Section        0  stm32f10x_rcc.o(.text)
    .text                                    0x08000c94   Section        0  stm32f10x_usart.o(.text)
    .text                                    0x0800109c   Section        0  stm32f10x_tim.o(.text)
    TI4_Config                               0x08001543   Thumb Code   130  stm32f10x_tim.o(.text)
    TI3_Config                               0x080015d7   Thumb Code   122  stm32f10x_tim.o(.text)
    TI2_Config                               0x0800166b   Thumb Code   130  stm32f10x_tim.o(.text)
    TI1_Config                               0x080016ff   Thumb Code   108  stm32f10x_tim.o(.text)
    .text                                    0x08001eb8   Section        0  stm32f10x_iwdg.o(.text)
    .text                                    0x08001ef8   Section        0  delay.o(.text)
    .text                                    0x08002028   Section        0  led.o(.text)
    .text                                    0x080020d4   Section        0  uart.o(.text)
    .text                                    0x080023b4   Section        0  str.o(.text)
    .text                                    0x08002798   Section        0  oled.o(.text)
    .text                                    0x08002ec8   Section        0  dht11.o(.text)
    GetOneByte                               0x08002f83   Thumb Code    88  dht11.o(.text)
    .text                                    0x080030f4   Section        0  timer.o(.text)
    .text                                    0x08003168   Section        0  pwm.o(.text)
    .text                                    0x080031fc   Section        0  systask.o(.text)
    .text                                    0x080032ec   Section        0  iwdg.o(.text)
    .text                                    0x0800330c   Section        0  key.o(.text)
    .text                                    0x08003374   Section        0  os_core.o(.text)
    OS_InitTaskStat                          0x0800341f   Thumb Code    52  os_core.o(.text)
    OS_InitTaskIdle                          0x08003475   Thumb Code    52  os_core.o(.text)
    OS_InitEventList                         0x080034bb   Thumb Code    62  os_core.o(.text)
    OS_InitTCBList                           0x080034f9   Thumb Code   104  os_core.o(.text)
    OS_InitRdyList                           0x08003561   Thumb Code    44  os_core.o(.text)
    OS_InitMisc                              0x0800358d   Thumb Code    44  os_core.o(.text)
    OS_SchedNew                              0x08003601   Thumb Code    26  os_core.o(.text)
    .text                                    0x08003bf0   Section        0  os_flag.o(.text)
    OS_FlagTaskRdy                           0x08003d67   Thumb Code    82  os_flag.o(.text)
    OS_FlagBlock                             0x08003f21   Thumb Code   152  os_flag.o(.text)
    .text                                    0x080043fc   Section        0  os_q.o(.text)
    .text                                    0x080049e4   Section        0  os_task.o(.text)
    .text                                    0x080051a8   Section        0  os_time.o(.text)
    .text                                    0x08005358   Section      180  os_cpu_a.o(.text)
    .text                                    0x0800540c   Section        0  os_cpu_c.o(.text)
    .text                                    0x080054ba   Section       78  rt_memclr_w.o(.text)
    .text                                    0x08005508   Section        0  heapauxi.o(.text)
    .text                                    0x0800550e   Section       74  sys_stackheap_outer.o(.text)
    .text                                    0x08005558   Section        0  exit.o(.text)
    .text                                    0x0800556c   Section        8  libspace.o(.text)
    .text                                    0x08005574   Section        0  sys_exit.o(.text)
    .text                                    0x08005580   Section        2  use_no_semi.o(.text)
    .text                                    0x08005582   Section        0  indicate_semi.o(.text)
    x$fpl$d2f                                0x08005584   Section       98  d2f.o(x$fpl$d2f)
    x$fpl$dadd                               0x080055e8   Section      336  daddsub_clz.o(x$fpl$dadd)
    _dadd1                                   0x080055f9   Thumb Code     0  daddsub_clz.o(x$fpl$dadd)
    x$fpl$dcmpinf                            0x08005738   Section       24  dcmpi.o(x$fpl$dcmpinf)
    x$fpl$ddiv                               0x08005750   Section      688  ddiv.o(x$fpl$ddiv)
    ddiv_entry                               0x08005757   Thumb Code     0  ddiv.o(x$fpl$ddiv)
    x$fpl$dfix                               0x08005a00   Section       94  dfix.o(x$fpl$dfix)
    x$fpl$dflt                               0x08005a5e   Section       46  dflt_clz.o(x$fpl$dflt)
    x$fpl$dfltu                              0x08005a8c   Section       38  dflt_clz.o(x$fpl$dfltu)
    x$fpl$dleqf                              0x08005ab4   Section      120  dleqf.o(x$fpl$dleqf)
    x$fpl$dmul                               0x08005b2c   Section      340  dmul.o(x$fpl$dmul)
    x$fpl$dnaninf                            0x08005c80   Section      156  dnaninf.o(x$fpl$dnaninf)
    x$fpl$dretinf                            0x08005d1c   Section       12  dretinf.o(x$fpl$dretinf)
    x$fpl$drsb                               0x08005d28   Section       22  daddsub_clz.o(x$fpl$drsb)
    x$fpl$dsub                               0x08005d40   Section      468  daddsub_clz.o(x$fpl$dsub)
    _dsub1                                   0x08005d51   Thumb Code     0  daddsub_clz.o(x$fpl$dsub)
    x$fpl$ffixu                              0x08005f14   Section       62  ffixu.o(x$fpl$ffixu)
    x$fpl$fmul                               0x08005f54   Section      258  fmul.o(x$fpl$fmul)
    x$fpl$fnaninf                            0x08006056   Section      140  fnaninf.o(x$fpl$fnaninf)
    x$fpl$fretinf                            0x080060e2   Section       10  fretinf.o(x$fpl$fretinf)
    .constdata                               0x080060ec   Section     2232  oled.o(.constdata)
    x$fpl$usenofp                            0x080060ec   Section        0  usenofp.o(x$fpl$usenofp)
    .constdata                               0x080069a4   Section      256  os_core.o(.constdata)
    .data                                    0x20000000   Section     1767  main.o(.data)
    .data                                    0x200006e8   Section       20  system_stm32f10x.o(.data)
    .data                                    0x200006fc   Section       20  stm32f10x_rcc.o(.data)
    APBAHBPrescTable                         0x200006fc   Data          16  stm32f10x_rcc.o(.data)
    ADCPrescTable                            0x2000070c   Data           4  stm32f10x_rcc.o(.data)
    .data                                    0x20000710   Section        4  delay.o(.data)
    fac_us                                   0x20000710   Data           1  delay.o(.data)
    fac_ms                                   0x20000712   Data           2  delay.o(.data)
    .data                                    0x20000714   Section        1  uart.o(.data)
    buffCounter                              0x20000714   Data           1  uart.o(.data)
    .data                                    0x20000715   Section        1  oled.o(.data)
    page                                     0x20000715   Data           1  oled.o(.data)
    .data                                    0x20000716   Section        1  systask.o(.data)
    delayer                                  0x20000716   Data           1  systask.o(.data)
    .data                                    0x20000718   Section       68  os_core.o(.data)
    .bss                                     0x2000075c   Section      256  uart.o(.bss)
    .bss                                     0x2000085c   Section       40  str.o(.bss)
    str                                      0x2000085c   Data          20  str.o(.bss)
    str                                      0x20000870   Data          20  str.o(.bss)
    .bss                                     0x20000884   Section     2560  systask.o(.bss)
    .bss                                     0x20001284   Section     2464  os_core.o(.bss)
    .bss                                     0x20001c24   Section       96  libspace.o(.bss)
    HEAP                                     0x20001c88   Section      512  startup_stm32f10x_ld.o(HEAP)
    Heap_Mem                                 0x20001c88   Data         512  startup_stm32f10x_ld.o(HEAP)
    STACK                                    0x20001e88   Section     1024  startup_stm32f10x_ld.o(STACK)
    Stack_Mem                                0x20001e88   Data        1024  startup_stm32f10x_ld.o(STACK)
    __initial_sp                             0x20002288   Data           0  startup_stm32f10x_ld.o(STACK)

    Global Symbols

    Symbol Name                              Value     Ov Type        Size  Object(Section)

    BuildAttributes$$THM_ISAv4$P$D$K$B$S$PE$A:L22UL41UL21$X:L11$S22US41US21$IEEE1$IW$USESV6$~STKCKD$USESV7$~SHL$OSPACE$ROPI$EBA8$UX$STANDARDLIB$REQ8$PRES8$EABIv2 0x00000000   Number         0  anon$$obj.o ABSOLUTE
    __ARM_use_no_argv                        0x00000000   Number         0  main.o ABSOLUTE
    __ARM_exceptions_init                     - Undefined Weak Reference
    __alloca_initialize                       - Undefined Weak Reference
    __arm_fini_                               - Undefined Weak Reference
    __arm_preinit_                            - Undefined Weak Reference
    __cpp_initialize__aeabi_                  - Undefined Weak Reference
    __cxa_finalize                            - Undefined Weak Reference
    __rt_locale                               - Undefined Weak Reference
    __sigvec_lookup                           - Undefined Weak Reference
    _atexit_init                              - Undefined Weak Reference
    _call_atexit_fns                          - Undefined Weak Reference
    _clock_init                               - Undefined Weak Reference
    _fp_trap_init                             - Undefined Weak Reference
    _fp_trap_shutdown                         - Undefined Weak Reference
    _get_lc_collate                           - Undefined Weak Reference
    _get_lc_ctype                             - Undefined Weak Reference
    _get_lc_monetary                          - Undefined Weak Reference
    _get_lc_numeric                           - Undefined Weak Reference
    _get_lc_time                              - Undefined Weak Reference
    _getenv_init                              - Undefined Weak Reference
    _handle_redirection                       - Undefined Weak Reference
    _init_alloc                               - Undefined Weak Reference
    _init_user_alloc                          - Undefined Weak Reference
    _initio                                   - Undefined Weak Reference
    _rand_init                                - Undefined Weak Reference
    _signal_finish                            - Undefined Weak Reference
    _signal_init                              - Undefined Weak Reference
    _terminate_alloc                          - Undefined Weak Reference
    _terminate_user_alloc                     - Undefined Weak Reference
    _terminateio                              - Undefined Weak Reference
    __Vectors_Size                           0x000000ec   Number         0  startup_stm32f10x_ld.o ABSOLUTE
    __Vectors                                0x08000000   Data           4  startup_stm32f10x_ld.o(RESET)
    __Vectors_End                            0x080000ec   Data           0  startup_stm32f10x_ld.o(RESET)
    __main                                   0x080000ed   Thumb Code     8  __main.o(!!!main)
    __scatterload                            0x080000f5   Thumb Code     0  __scatter.o(!!!scatter)
    __scatterload_rt2                        0x080000f5   Thumb Code    44  __scatter.o(!!!scatter)
    __scatterload_rt2_thumb_only             0x080000f5   Thumb Code     0  __scatter.o(!!!scatter)
    __scatterload_null                       0x08000103   Thumb Code     0  __scatter.o(!!!scatter)
    __decompress                             0x08000129   Thumb Code   100  __dclz77c.o(!!dclz77c)
    __decompress2                            0x08000129   Thumb Code     0  __dclz77c.o(!!dclz77c)
    __scatterload_zeroinit                   0x0800018d   Thumb Code    28  __scatter_zi.o(!!handler_zi)
    __rt_lib_init                            0x080001a9   Thumb Code     0  libinit.o(.ARM.Collect$$libinit$$00000000)
    __rt_lib_init_alloca_1                   0x080001ab   Thumb Code     0  libinit2.o(.ARM.Collect$$libinit$$0000002E)
    __rt_lib_init_argv_1                     0x080001ab   Thumb Code     0  libinit2.o(.ARM.Collect$$libinit$$0000002C)
    __rt_lib_init_atexit_1                   0x080001ab   Thumb Code     0  libinit2.o(.ARM.Collect$$libinit$$0000001B)
    __rt_lib_init_clock_1                    0x080001ab   Thumb Code     0  libinit2.o(.ARM.Collect$$libinit$$00000021)
    __rt_lib_init_cpp_1                      0x080001ab   Thumb Code     0  libinit2.o(.ARM.Collect$$libinit$$00000032)
    __rt_lib_init_exceptions_1               0x080001ab   Thumb Code     0  libinit2.o(.ARM.Collect$$libinit$$00000030)
    __rt_lib_init_fp_1                       0x080001ab   Thumb Code     0  libinit2.o(.ARM.Collect$$libinit$$00000002)
    __rt_lib_init_fp_trap_1                  0x080001ab   Thumb Code     0  libinit2.o(.ARM.Collect$$libinit$$0000001F)
    __rt_lib_init_getenv_1                   0x080001ab   Thumb Code     0  libinit2.o(.ARM.Collect$$libinit$$00000023)
    __rt_lib_init_heap_1                     0x080001ab   Thumb Code     0  libinit2.o(.ARM.Collect$$libinit$$0000000A)
    __rt_lib_init_lc_collate_1               0x080001ab   Thumb Code     0  libinit2.o(.ARM.Collect$$libinit$$00000011)
    __rt_lib_init_lc_ctype_1                 0x080001ab   Thumb Code     0  libinit2.o(.ARM.Collect$$libinit$$00000013)
    __rt_lib_init_lc_monetary_1              0x080001ab   Thumb Code     0  libinit2.o(.ARM.Collect$$libinit$$00000015)
    __rt_lib_init_lc_numeric_1               0x080001ab   Thumb Code     0  libinit2.o(.ARM.Collect$$libinit$$00000017)
    __rt_lib_init_lc_time_1                  0x080001ab   Thumb Code     0  libinit2.o(.ARM.Collect$$libinit$$00000019)
    __rt_lib_init_preinit_1                  0x080001ab   Thumb Code     0  libinit2.o(.ARM.Collect$$libinit$$00000004)
    __rt_lib_init_rand_1                     0x080001ab   Thumb Code     0  libinit2.o(.ARM.Collect$$libinit$$0000000E)
    __rt_lib_init_return                     0x080001ab   Thumb Code     0  libinit2.o(.ARM.Collect$$libinit$$00000033)
    __rt_lib_init_signal_1                   0x080001ab   Thumb Code     0  libinit2.o(.ARM.Collect$$libinit$$0000001D)
    __rt_lib_init_stdio_1                    0x080001ab   Thumb Code     0  libinit2.o(.ARM.Collect$$libinit$$00000025)
    __rt_lib_init_user_alloc_1               0x080001ab   Thumb Code     0  libinit2.o(.ARM.Collect$$libinit$$0000000C)
    __rt_lib_shutdown                        0x080001ad   Thumb Code     0  libshutdown.o(.ARM.Collect$$libshutdown$$00000000)
    __rt_lib_shutdown_cpp_1                  0x080001af   Thumb Code     0  libshutdown2.o(.ARM.Collect$$libshutdown$$00000004)
    __rt_lib_shutdown_fini_1                 0x080001af   Thumb Code     0  libshutdown2.o(.ARM.Collect$$libshutdown$$00000002)
    __rt_lib_shutdown_fp_trap_1              0x080001af   Thumb Code     0  libshutdown2.o(.ARM.Collect$$libshutdown$$00000009)
    __rt_lib_shutdown_heap_1                 0x080001af   Thumb Code     0  libshutdown2.o(.ARM.Collect$$libshutdown$$00000011)
    __rt_lib_shutdown_return                 0x080001af   Thumb Code     0  libshutdown2.o(.ARM.Collect$$libshutdown$$00000012)
    __rt_lib_shutdown_signal_1               0x080001af   Thumb Code     0  libshutdown2.o(.ARM.Collect$$libshutdown$$0000000C)
    __rt_lib_shutdown_stdio_1                0x080001af   Thumb Code     0  libshutdown2.o(.ARM.Collect$$libshutdown$$00000006)
    __rt_lib_shutdown_user_alloc_1           0x080001af   Thumb Code     0  libshutdown2.o(.ARM.Collect$$libshutdown$$0000000E)
    __rt_entry                               0x080001b1   Thumb Code     0  __rtentry.o(.ARM.Collect$$rtentry$$00000000)
    __rt_entry_presh_1                       0x080001b1   Thumb Code     0  __rtentry2.o(.ARM.Collect$$rtentry$$00000002)
    __rt_entry_sh                            0x080001b1   Thumb Code     0  __rtentry4.o(.ARM.Collect$$rtentry$$00000004)
    __rt_entry_li                            0x080001b7   Thumb Code     0  __rtentry2.o(.ARM.Collect$$rtentry$$0000000A)
    __rt_entry_postsh_1                      0x080001b7   Thumb Code     0  __rtentry2.o(.ARM.Collect$$rtentry$$00000009)
    __rt_entry_main                          0x080001bb   Thumb Code     0  __rtentry2.o(.ARM.Collect$$rtentry$$0000000D)
    __rt_entry_postli_1                      0x080001bb   Thumb Code     0  __rtentry2.o(.ARM.Collect$$rtentry$$0000000C)
    __rt_exit                                0x080001c3   Thumb Code     0  rtexit.o(.ARM.Collect$$rtexit$$00000000)
    __rt_exit_ls                             0x080001c5   Thumb Code     0  rtexit2.o(.ARM.Collect$$rtexit$$00000003)
    __rt_exit_prels_1                        0x080001c5   Thumb Code     0  rtexit2.o(.ARM.Collect$$rtexit$$00000002)
    __rt_exit_exit                           0x080001c9   Thumb Code     0  rtexit2.o(.ARM.Collect$$rtexit$$00000004)
    main                                     0x080001d1   Thumb Code   156  main.o(.text)
    NMI_Handler                              0x08000281   Thumb Code     2  stm32f10x_it.o(.text)
    HardFault_Handler                        0x08000283   Thumb Code     4  stm32f10x_it.o(.text)
    MemManage_Handler                        0x08000287   Thumb Code     4  stm32f10x_it.o(.text)
    BusFault_Handler                         0x0800028b   Thumb Code     4  stm32f10x_it.o(.text)
    UsageFault_Handler                       0x0800028f   Thumb Code     4  stm32f10x_it.o(.text)
    SVC_Handler                              0x08000293   Thumb Code     2  stm32f10x_it.o(.text)
    DebugMon_Handler                         0x08000295   Thumb Code     2  stm32f10x_it.o(.text)
    SystemInit                               0x08000377   Thumb Code    78  system_stm32f10x.o(.text)
    SystemCoreClockUpdate                    0x080003c5   Thumb Code   142  system_stm32f10x.o(.text)
    Reset_Handler                            0x08000479   Thumb Code     8  startup_stm32f10x_ld.o(.text)
    ADC1_2_IRQHandler                        0x08000493   Thumb Code     0  startup_stm32f10x_ld.o(.text)
    CAN1_RX1_IRQHandler                      0x08000493   Thumb Code     0  startup_stm32f10x_ld.o(.text)
    CAN1_SCE_IRQHandler                      0x08000493   Thumb Code     0  startup_stm32f10x_ld.o(.text)
    DMA1_Channel1_IRQHandler                 0x08000493   Thumb Code     0  startup_stm32f10x_ld.o(.text)
    DMA1_Channel2_IRQHandler                 0x08000493   Thumb Code     0  startup_stm32f10x_ld.o(.text)
    DMA1_Channel3_IRQHandler                 0x08000493   Thumb Code     0  startup_stm32f10x_ld.o(.text)
    DMA1_Channel4_IRQHandler                 0x08000493   Thumb Code     0  startup_stm32f10x_ld.o(.text)
    DMA1_Channel5_IRQHandler                 0x08000493   Thumb Code     0  startup_stm32f10x_ld.o(.text)
    DMA1_Channel6_IRQHandler                 0x08000493   Thumb Code     0  startup_stm32f10x_ld.o(.text)
    DMA1_Channel7_IRQHandler                 0x08000493   Thumb Code     0  startup_stm32f10x_ld.o(.text)
    EXTI0_IRQHandler                         0x08000493   Thumb Code     0  startup_stm32f10x_ld.o(.text)
    EXTI15_10_IRQHandler                     0x08000493   Thumb Code     0  startup_stm32f10x_ld.o(.text)
    EXTI1_IRQHandler                         0x08000493   Thumb Code     0  startup_stm32f10x_ld.o(.text)
    EXTI2_IRQHandler                         0x08000493   Thumb Code     0  startup_stm32f10x_ld.o(.text)
    EXTI3_IRQHandler                         0x08000493   Thumb Code     0  startup_stm32f10x_ld.o(.text)
    EXTI4_IRQHandler                         0x08000493   Thumb Code     0  startup_stm32f10x_ld.o(.text)
    EXTI9_5_IRQHandler                       0x08000493   Thumb Code     0  startup_stm32f10x_ld.o(.text)
    FLASH_IRQHandler                         0x08000493   Thumb Code     0  startup_stm32f10x_ld.o(.text)
    I2C1_ER_IRQHandler                       0x08000493   Thumb Code     0  startup_stm32f10x_ld.o(.text)
    I2C1_EV_IRQHandler                       0x08000493   Thumb Code     0  startup_stm32f10x_ld.o(.text)
    PVD_IRQHandler                           0x08000493   Thumb Code     0  startup_stm32f10x_ld.o(.text)
    RCC_IRQHandler                           0x08000493   Thumb Code     0  startup_stm32f10x_ld.o(.text)
    RTCAlarm_IRQHandler                      0x08000493   Thumb Code     0  startup_stm32f10x_ld.o(.text)
    RTC_IRQHandler                           0x08000493   Thumb Code     0  startup_stm32f10x_ld.o(.text)
    SPI1_IRQHandler                          0x08000493   Thumb Code     0  startup_stm32f10x_ld.o(.text)
    TAMPER_IRQHandler                        0x08000493   Thumb Code     0  startup_stm32f10x_ld.o(.text)
    TIM1_BRK_IRQHandler                      0x08000493   Thumb Code     0  startup_stm32f10x_ld.o(.text)
    TIM1_CC_IRQHandler                       0x08000493   Thumb Code     0  startup_stm32f10x_ld.o(.text)
    TIM1_TRG_COM_IRQHandler                  0x08000493   Thumb Code     0  startup_stm32f10x_ld.o(.text)
    TIM1_UP_IRQHandler                       0x08000493   Thumb Code     0  startup_stm32f10x_ld.o(.text)
    TIM3_IRQHandler                          0x08000493   Thumb Code     0  startup_stm32f10x_ld.o(.text)
    USART2_IRQHandler                        0x08000493   Thumb Code     0  startup_stm32f10x_ld.o(.text)
    USBWakeUp_IRQHandler                     0x08000493   Thumb Code     0  startup_stm32f10x_ld.o(.text)
    USB_HP_CAN1_TX_IRQHandler                0x08000493   Thumb Code     0  startup_stm32f10x_ld.o(.text)
    USB_LP_CAN1_RX0_IRQHandler               0x08000493   Thumb Code     0  startup_stm32f10x_ld.o(.text)
    WWDG_IRQHandler                          0x08000493   Thumb Code     0  startup_stm32f10x_ld.o(.text)
    __user_initial_stackheap                 0x08000495   Thumb Code     0  startup_stm32f10x_ld.o(.text)
    NVIC_PriorityGroupConfig                 0x080004b9   Thumb Code    10  misc.o(.text)
    NVIC_Init                                0x080004c3   Thumb Code   100  misc.o(.text)
    NVIC_SetVectorTable                      0x08000527   Thumb Code    14  misc.o(.text)
    NVIC_SystemLPConfig                      0x08000535   Thumb Code    34  misc.o(.text)
    SysTick_CLKSourceConfig                  0x08000557   Thumb Code    40  misc.o(.text)
    GPIO_DeInit                              0x08000595   Thumb Code   172  stm32f10x_gpio.o(.text)
    GPIO_AFIODeInit                          0x08000641   Thumb Code    20  stm32f10x_gpio.o(.text)
    GPIO_Init                                0x08000655   Thumb Code   278  stm32f10x_gpio.o(.text)
    GPIO_StructInit                          0x0800076b   Thumb Code    16  stm32f10x_gpio.o(.text)
    GPIO_ReadInputDataBit                    0x0800077b   Thumb Code    18  stm32f10x_gpio.o(.text)
    GPIO_ReadInputData                       0x0800078d   Thumb Code     8  stm32f10x_gpio.o(.text)
    GPIO_ReadOutputDataBit                   0x08000795   Thumb Code    18  stm32f10x_gpio.o(.text)
    GPIO_ReadOutputData                      0x080007a7   Thumb Code     8  stm32f10x_gpio.o(.text)
    GPIO_SetBits                             0x080007af   Thumb Code     4  stm32f10x_gpio.o(.text)
    GPIO_ResetBits                           0x080007b3   Thumb Code     4  stm32f10x_gpio.o(.text)
    GPIO_WriteBit                            0x080007b7   Thumb Code    10  stm32f10x_gpio.o(.text)
    GPIO_Write                               0x080007c1   Thumb Code     4  stm32f10x_gpio.o(.text)
    GPIO_PinLockConfig                       0x080007c5   Thumb Code    18  stm32f10x_gpio.o(.text)
    GPIO_EventOutputConfig                   0x080007d7   Thumb Code    26  stm32f10x_gpio.o(.text)
    GPIO_EventOutputCmd                      0x080007f1   Thumb Code     6  stm32f10x_gpio.o(.text)
    GPIO_PinRemapConfig                      0x080007f7   Thumb Code   138  stm32f10x_gpio.o(.text)
    GPIO_EXTILineConfig                      0x08000881   Thumb Code    66  stm32f10x_gpio.o(.text)
    GPIO_ETH_MediaInterfaceConfig            0x080008c3   Thumb Code     8  stm32f10x_gpio.o(.text)
    RCC_DeInit                               0x080008f1   Thumb Code    64  stm32f10x_rcc.o(.text)
    RCC_HSEConfig                            0x08000931   Thumb Code    70  stm32f10x_rcc.o(.text)
    RCC_GetFlagStatus                        0x08000977   Thumb Code    56  stm32f10x_rcc.o(.text)
    RCC_WaitForHSEStartUp                    0x080009af   Thumb Code    56  stm32f10x_rcc.o(.text)
    RCC_AdjustHSICalibrationValue            0x080009e7   Thumb Code    20  stm32f10x_rcc.o(.text)
    RCC_HSICmd                               0x080009fb   Thumb Code     6  stm32f10x_rcc.o(.text)
    RCC_PLLConfig                            0x08000a01   Thumb Code    24  stm32f10x_rcc.o(.text)
    RCC_PLLCmd                               0x08000a19   Thumb Code     6  stm32f10x_rcc.o(.text)
    RCC_SYSCLKConfig                         0x08000a1f   Thumb Code    18  stm32f10x_rcc.o(.text)
    RCC_GetSYSCLKSource                      0x08000a31   Thumb Code    10  stm32f10x_rcc.o(.text)
    RCC_HCLKConfig                           0x08000a3b   Thumb Code    18  stm32f10x_rcc.o(.text)
    RCC_PCLK1Config                          0x08000a4d   Thumb Code    18  stm32f10x_rcc.o(.text)
    RCC_PCLK2Config                          0x08000a5f   Thumb Code    20  stm32f10x_rcc.o(.text)
    RCC_ITConfig                             0x08000a73   Thumb Code    26  stm32f10x_rcc.o(.text)
    RCC_USBCLKConfig                         0x08000a8d   Thumb Code     8  stm32f10x_rcc.o(.text)
    RCC_ADCCLKConfig                         0x08000a95   Thumb Code    18  stm32f10x_rcc.o(.text)
    RCC_LSEConfig                            0x08000aa7   Thumb Code    50  stm32f10x_rcc.o(.text)
    RCC_LSICmd                               0x08000ad9   Thumb Code     6  stm32f10x_rcc.o(.text)
    RCC_RTCCLKConfig                         0x08000adf   Thumb Code    12  stm32f10x_rcc.o(.text)
    RCC_RTCCLKCmd                            0x08000aeb   Thumb Code     8  stm32f10x_rcc.o(.text)
    RCC_GetClocksFreq                        0x08000af3   Thumb Code   192  stm32f10x_rcc.o(.text)
    RCC_AHBPeriphClockCmd                    0x08000bb3   Thumb Code    26  stm32f10x_rcc.o(.text)
    RCC_APB2PeriphClockCmd                   0x08000bcd   Thumb Code    26  stm32f10x_rcc.o(.text)
    RCC_APB1PeriphClockCmd                   0x08000be7   Thumb Code    26  stm32f10x_rcc.o(.text)
    RCC_APB2PeriphResetCmd                   0x08000c01   Thumb Code    26  stm32f10x_rcc.o(.text)
    RCC_APB1PeriphResetCmd                   0x08000c1b   Thumb Code    26  stm32f10x_rcc.o(.text)
    RCC_BackupResetCmd                       0x08000c35   Thumb Code     8  stm32f10x_rcc.o(.text)
    RCC_ClockSecuritySystemCmd               0x08000c3d   Thumb Code     6  stm32f10x_rcc.o(.text)
    RCC_MCOConfig                            0x08000c43   Thumb Code     6  stm32f10x_rcc.o(.text)
    RCC_ClearFlag                            0x08000c49   Thumb Code    14  stm32f10x_rcc.o(.text)
    RCC_GetITStatus                          0x08000c57   Thumb Code    20  stm32f10x_rcc.o(.text)
    RCC_ClearITPendingBit                    0x08000c6b   Thumb Code     6  stm32f10x_rcc.o(.text)
    USART_DeInit                             0x08000c95   Thumb Code   134  stm32f10x_usart.o(.text)
    USART_Init                               0x08000d1b   Thumb Code   210  stm32f10x_usart.o(.text)
    USART_StructInit                         0x08000ded   Thumb Code    24  stm32f10x_usart.o(.text)
    USART_ClockInit                          0x08000e05   Thumb Code    34  stm32f10x_usart.o(.text)
    USART_ClockStructInit                    0x08000e27   Thumb Code    12  stm32f10x_usart.o(.text)
    USART_Cmd                                0x08000e33   Thumb Code    24  stm32f10x_usart.o(.text)
    USART_ITConfig                           0x08000e4b   Thumb Code    74  stm32f10x_usart.o(.text)
    USART_DMACmd                             0x08000e95   Thumb Code    18  stm32f10x_usart.o(.text)
    USART_SetAddress                         0x08000ea7   Thumb Code    18  stm32f10x_usart.o(.text)
    USART_WakeUpConfig                       0x08000eb9   Thumb Code    18  stm32f10x_usart.o(.text)
    USART_ReceiverWakeUpCmd                  0x08000ecb   Thumb Code    24  stm32f10x_usart.o(.text)
    USART_LINBreakDetectLengthConfig         0x08000ee3   Thumb Code    18  stm32f10x_usart.o(.text)
    USART_LINCmd                             0x08000ef5   Thumb Code    24  stm32f10x_usart.o(.text)
    USART_SendData                           0x08000f0d   Thumb Code     8  stm32f10x_usart.o(.text)
    USART_ReceiveData                        0x08000f15   Thumb Code    10  stm32f10x_usart.o(.text)
    USART_SendBreak                          0x08000f1f   Thumb Code    10  stm32f10x_usart.o(.text)
    USART_SetGuardTime                       0x08000f29   Thumb Code    16  stm32f10x_usart.o(.text)
    USART_SetPrescaler                       0x08000f39   Thumb Code    16  stm32f10x_usart.o(.text)
    USART_SmartCardCmd                       0x08000f49   Thumb Code    24  stm32f10x_usart.o(.text)
    USART_SmartCardNACKCmd                   0x08000f61   Thumb Code    24  stm32f10x_usart.o(.text)
    USART_HalfDuplexCmd                      0x08000f79   Thumb Code    24  stm32f10x_usart.o(.text)
    USART_OverSampling8Cmd                   0x08000f91   Thumb Code    22  stm32f10x_usart.o(.text)
    USART_OneBitMethodCmd                    0x08000fa7   Thumb Code    24  stm32f10x_usart.o(.text)
    USART_IrDAConfig                         0x08000fbf   Thumb Code    18  stm32f10x_usart.o(.text)
    USART_IrDACmd                            0x08000fd1   Thumb Code    24  stm32f10x_usart.o(.text)
    USART_GetFlagStatus                      0x08000fe9   Thumb Code    26  stm32f10x_usart.o(.text)
    USART_ClearFlag                          0x08001003   Thumb Code    18  stm32f10x_usart.o(.text)
    USART_GetITStatus                        0x08001015   Thumb Code    84  stm32f10x_usart.o(.text)
    USART_ClearITPendingBit                  0x08001069   Thumb Code    52  stm32f10x_usart.o(.text)
    TIM_DeInit                               0x0800109d   Thumb Code   424  stm32f10x_tim.o(.text)
    TIM_TimeBaseInit                         0x08001245   Thumb Code   122  stm32f10x_tim.o(.text)
    TIM_OC1Init                              0x080012bf   Thumb Code   132  stm32f10x_tim.o(.text)
    TIM_OC2Init                              0x08001343   Thumb Code   154  stm32f10x_tim.o(.text)
    TIM_OC3Init                              0x080013dd   Thumb Code   150  stm32f10x_tim.o(.text)
    TIM_OC4Init                              0x08001473   Thumb Code   182  stm32f10x_tim.o(.text)
    TIM_SetIC4Prescaler                      0x08001529   Thumb Code    26  stm32f10x_tim.o(.text)
    TIM_SetIC3Prescaler                      0x080015c5   Thumb Code    18  stm32f10x_tim.o(.text)
    TIM_SetIC2Prescaler                      0x08001651   Thumb Code    26  stm32f10x_tim.o(.text)
    TIM_SetIC1Prescaler                      0x080016ed   Thumb Code    18  stm32f10x_tim.o(.text)
    TIM_ICInit                               0x0800176b   Thumb Code   150  stm32f10x_tim.o(.text)
    TIM_PWMIConfig                           0x08001801   Thumb Code   124  stm32f10x_tim.o(.text)
    TIM_BDTRConfig                           0x0800187d   Thumb Code    32  stm32f10x_tim.o(.text)
    TIM_TimeBaseStructInit                   0x0800189d   Thumb Code    18  stm32f10x_tim.o(.text)
    TIM_OCStructInit                         0x080018af   Thumb Code    20  stm32f10x_tim.o(.text)
    TIM_ICStructInit                         0x080018c3   Thumb Code    18  stm32f10x_tim.o(.text)
    TIM_BDTRStructInit                       0x080018d5   Thumb Code    40  stm32f10x_tim.o(.text)
    TIM_Cmd                                  0x080018fd   Thumb Code    24  stm32f10x_tim.o(.text)
    TIM_CtrlPWMOutputs                       0x08001915   Thumb Code    30  stm32f10x_tim.o(.text)
    TIM_ITConfig                             0x08001933   Thumb Code    18  stm32f10x_tim.o(.text)
    TIM_GenerateEvent                        0x08001945   Thumb Code     4  stm32f10x_tim.o(.text)
    TIM_DMAConfig                            0x08001949   Thumb Code    10  stm32f10x_tim.o(.text)
    TIM_DMACmd                               0x08001953   Thumb Code    18  stm32f10x_tim.o(.text)
    TIM_InternalClockConfig                  0x08001965   Thumb Code    12  stm32f10x_tim.o(.text)
    TIM_SelectInputTrigger                   0x08001971   Thumb Code    18  stm32f10x_tim.o(.text)
    TIM_ITRxExternalClockConfig              0x08001983   Thumb Code    24  stm32f10x_tim.o(.text)
    TIM_TIxExternalClockConfig               0x0800199b   Thumb Code    62  stm32f10x_tim.o(.text)
    TIM_ETRConfig                            0x080019d9   Thumb Code    28  stm32f10x_tim.o(.text)
    TIM_ETRClockMode1Config                  0x080019f5   Thumb Code    54  stm32f10x_tim.o(.text)
    TIM_ETRClockMode2Config                  0x08001a2b   Thumb Code    32  stm32f10x_tim.o(.text)
    TIM_PrescalerConfig                      0x08001a4b   Thumb Code     6  stm32f10x_tim.o(.text)
    TIM_CounterModeConfig                    0x08001a51   Thumb Code    18  stm32f10x_tim.o(.text)
    TIM_EncoderInterfaceConfig               0x08001a63   Thumb Code    66  stm32f10x_tim.o(.text)
    TIM_ForcedOC1Config                      0x08001aa5   Thumb Code    18  stm32f10x_tim.o(.text)
    TIM_ForcedOC2Config                      0x08001ab7   Thumb Code    26  stm32f10x_tim.o(.text)
    TIM_ForcedOC3Config                      0x08001ad1   Thumb Code    18  stm32f10x_tim.o(.text)
    TIM_ForcedOC4Config                      0x08001ae3   Thumb Code    26  stm32f10x_tim.o(.text)
    TIM_ARRPreloadConfig                     0x08001afd   Thumb Code    24  stm32f10x_tim.o(.text)
    TIM_SelectCOM                            0x08001b15   Thumb Code    24  stm32f10x_tim.o(.text)
    TIM_SelectCCDMA                          0x08001b2d   Thumb Code    24  stm32f10x_tim.o(.text)
    TIM_CCPreloadControl                     0x08001b45   Thumb Code    24  stm32f10x_tim.o(.text)
    TIM_OC1PreloadConfig                     0x08001b5d   Thumb Code    18  stm32f10x_tim.o(.text)
    TIM_OC2PreloadConfig                     0x08001b6f   Thumb Code    26  stm32f10x_tim.o(.text)
    TIM_OC3PreloadConfig                     0x08001b89   Thumb Code    18  stm32f10x_tim.o(.text)
    TIM_OC4PreloadConfig                     0x08001b9b   Thumb Code    26  stm32f10x_tim.o(.text)
    TIM_OC1FastConfig                        0x08001bb5   Thumb Code    18  stm32f10x_tim.o(.text)
    TIM_OC2FastConfig                        0x08001bc7   Thumb Code    26  stm32f10x_tim.o(.text)
    TIM_OC3FastConfig                        0x08001be1   Thumb Code    18  stm32f10x_tim.o(.text)
    TIM_OC4FastConfig                        0x08001bf3   Thumb Code    26  stm32f10x_tim.o(.text)
    TIM_ClearOC1Ref                          0x08001c0d   Thumb Code    18  stm32f10x_tim.o(.text)
    TIM_ClearOC2Ref                          0x08001c1f   Thumb Code    24  stm32f10x_tim.o(.text)
    TIM_ClearOC3Ref                          0x08001c37   Thumb Code    18  stm32f10x_tim.o(.text)
    TIM_ClearOC4Ref                          0x08001c49   Thumb Code    24  stm32f10x_tim.o(.text)
    TIM_OC1PolarityConfig                    0x08001c61   Thumb Code    18  stm32f10x_tim.o(.text)
    TIM_OC1NPolarityConfig                   0x08001c73   Thumb Code    18  stm32f10x_tim.o(.text)
    TIM_OC2PolarityConfig                    0x08001c85   Thumb Code    26  stm32f10x_tim.o(.text)
    TIM_OC2NPolarityConfig                   0x08001c9f   Thumb Code    26  stm32f10x_tim.o(.text)
    TIM_OC3PolarityConfig                    0x08001cb9   Thumb Code    26  stm32f10x_tim.o(.text)
    TIM_OC3NPolarityConfig                   0x08001cd3   Thumb Code    26  stm32f10x_tim.o(.text)
    TIM_OC4PolarityConfig                    0x08001ced   Thumb Code    26  stm32f10x_tim.o(.text)
    TIM_CCxCmd                               0x08001d07   Thumb Code    30  stm32f10x_tim.o(.text)
    TIM_CCxNCmd                              0x08001d25   Thumb Code    30  stm32f10x_tim.o(.text)
    TIM_SelectOCxM                           0x08001d43   Thumb Code    82  stm32f10x_tim.o(.text)
    TIM_UpdateDisableConfig                  0x08001d95   Thumb Code    24  stm32f10x_tim.o(.text)
    TIM_UpdateRequestConfig                  0x08001dad   Thumb Code    24  stm32f10x_tim.o(.text)
    TIM_SelectHallSensor                     0x08001dc5   Thumb Code    24  stm32f10x_tim.o(.text)
    TIM_SelectOnePulseMode                   0x08001ddd   Thumb Code    18  stm32f10x_tim.o(.text)
    TIM_SelectOutputTrigger                  0x08001def   Thumb Code    18  stm32f10x_tim.o(.text)
    TIM_SelectSlaveMode                      0x08001e01   Thumb Code    18  stm32f10x_tim.o(.text)
    TIM_SelectMasterSlaveMode                0x08001e13   Thumb Code    18  stm32f10x_tim.o(.text)
    TIM_SetCounter                           0x08001e25   Thumb Code     4  stm32f10x_tim.o(.text)
    TIM_SetAutoreload                        0x08001e29   Thumb Code     4  stm32f10x_tim.o(.text)
    TIM_SetCompare1                          0x08001e2d   Thumb Code     4  stm32f10x_tim.o(.text)
    TIM_SetCompare2                          0x08001e31   Thumb Code     4  stm32f10x_tim.o(.text)
    TIM_SetCompare3                          0x08001e35   Thumb Code     4  stm32f10x_tim.o(.text)
    TIM_SetCompare4                          0x08001e39   Thumb Code     6  stm32f10x_tim.o(.text)
    TIM_SetClockDivision                     0x08001e3f   Thumb Code    18  stm32f10x_tim.o(.text)
    TIM_GetCapture1                          0x08001e51   Thumb Code     6  stm32f10x_tim.o(.text)
    TIM_GetCapture2                          0x08001e57   Thumb Code     6  stm32f10x_tim.o(.text)
    TIM_GetCapture3                          0x08001e5d   Thumb Code     6  stm32f10x_tim.o(.text)
    TIM_GetCapture4                          0x08001e63   Thumb Code     8  stm32f10x_tim.o(.text)
    TIM_GetCounter                           0x08001e6b   Thumb Code     6  stm32f10x_tim.o(.text)
    TIM_GetPrescaler                         0x08001e71   Thumb Code     6  stm32f10x_tim.o(.text)
    TIM_GetFlagStatus                        0x08001e77   Thumb Code    18  stm32f10x_tim.o(.text)
    TIM_ClearFlag                            0x08001e89   Thumb Code     6  stm32f10x_tim.o(.text)
    TIM_GetITStatus                          0x08001e8f   Thumb Code    34  stm32f10x_tim.o(.text)
    TIM_ClearITPendingBit                    0x08001eb1   Thumb Code     6  stm32f10x_tim.o(.text)
    IWDG_WriteAccessCmd                      0x08001eb9   Thumb Code     6  stm32f10x_iwdg.o(.text)
    IWDG_SetPrescaler                        0x08001ebf   Thumb Code     6  stm32f10x_iwdg.o(.text)
    IWDG_SetReload                           0x08001ec5   Thumb Code     6  stm32f10x_iwdg.o(.text)
    IWDG_ReloadCounter                       0x08001ecb   Thumb Code    10  stm32f10x_iwdg.o(.text)
    IWDG_Enable                              0x08001ed5   Thumb Code    10  stm32f10x_iwdg.o(.text)
    IWDG_GetFlagStatus                       0x08001edf   Thumb Code    20  stm32f10x_iwdg.o(.text)
    delay_osschedlock                        0x08001ef9   Thumb Code     8  delay.o(.text)
    delay_osschedunlock                      0x08001f01   Thumb Code     8  delay.o(.text)
    delay_ostimedly                          0x08001f09   Thumb Code    12  delay.o(.text)
    SysTick_Handler                          0x08001f15   Thumb Code    24  delay.o(.text)
    delay_init                               0x08001f2d   Thumb Code    76  delay.o(.text)
    delay_us                                 0x08001f79   Thumb Code    86  delay.o(.text)
    delay_ms                                 0x08001fcf   Thumb Code    66  delay.o(.text)
    LED_Init                                 0x08002029   Thumb Code   152  led.o(.text)
    UART_Init                                0x080020d5   Thumb Code   152  uart.o(.text)
    SendByte                                 0x0800216d   Thumb Code    28  uart.o(.text)
    PrintFloat                               0x08002189   Thumb Code    48  uart.o(.text)
    PrintInt                                 0x080021b9   Thumb Code    36  uart.o(.text)
    PrintText                                0x080021dd   Thumb Code    28  uart.o(.text)
    CRCCheckout                              0x080021f9   Thumb Code    64  uart.o(.text)
    SendData                                 0x08002239   Thumb Code   142  uart.o(.text)
    USART1_IRQHandler                        0x080022c7   Thumb Code   196  uart.o(.text)
    AddEndChar                               0x080023b5   Thumb Code    30  str.o(.text)
    CutEndChar                               0x080023d3   Thumb Code    24  str.o(.text)
    ClearStr                                 0x080023eb   Thumb Code    22  str.o(.text)
    GetStrLen                                0x08002401   Thumb Code    20  str.o(.text)
    AddStr                                   0x08002415   Thumb Code    42  str.o(.text)
    CompareStr                               0x0800243f   Thumb Code    62  str.o(.text)
    IntToString                              0x0800247d   Thumb Code    84  str.o(.text)
    FloatToString                            0x080024d1   Thumb Code   248  str.o(.text)
    StrToInt                                 0x080025c9   Thumb Code   132  str.o(.text)
    StrToFloat                               0x0800264d   Thumb Code   316  str.o(.text)
    OLED_IIC_Init                            0x08002799   Thumb Code    50  oled.o(.text)
    OLED_SDA_OUT                             0x080027cb   Thumb Code    30  oled.o(.text)
    OLED_SDA_IN                              0x080027e9   Thumb Code    30  oled.o(.text)
    OLED_IIC_Start                           0x08002807   Thumb Code    36  oled.o(.text)
    OLED_IIC_Stop                            0x0800282b   Thumb Code    32  oled.o(.text)
    OLED_IIC_Wait_Ack                        0x0800284b   Thumb Code    58  oled.o(.text)
    OLED_IIC_Ack                             0x08002885   Thumb Code    36  oled.o(.text)
    OLED_IIC_NAck                            0x080028a9   Thumb Code    34  oled.o(.text)
    OLED_IIC_Send_Byte                       0x080028cb   Thumb Code    54  oled.o(.text)
    OLED_IIC_Read_Byte                       0x08002901   Thumb Code    68  oled.o(.text)
    OLED_Write                               0x08002945   Thumb Code    50  oled.o(.text)
    WriteCmd                                 0x08002977   Thumb Code    14  oled.o(.text)
    WriteDat                                 0x08002985   Thumb Code    14  oled.o(.text)
    OLED_Init                                0x08002993   Thumb Code   182  oled.o(.text)
    OLED_SetPos                              0x08002a49   Thumb Code    40  oled.o(.text)
    OLED_Fill                                0x08002a71   Thumb Code    58  oled.o(.text)
    OLED_ClearContent                        0x08002aab   Thumb Code    58  oled.o(.text)
    OLED_ClearLine                           0x08002ae5   Thumb Code    46  oled.o(.text)
    OLED_ON                                  0x08002b13   Thumb Code    22  oled.o(.text)
    OLED_OFF                                 0x08002b29   Thumb Code    22  oled.o(.text)
    OLED_ShowStr                             0x08002b3f   Thumb Code   244  oled.o(.text)
    OLED_ShowCN                              0x08002c33   Thumb Code    88  oled.o(.text)
    OLED_DrawBMP                             0x08002c8b   Thumb Code   116  oled.o(.text)
    OLED_ShowCNS                             0x08002cff   Thumb Code   108  oled.o(.text)
    DisplayInfo                              0x08002d6b   Thumb Code   274  oled.o(.text)
    DHT11_Init                               0x08002ec9   Thumb Code    12  dht11.o(.text)
    DatLineOut                               0x08002ed5   Thumb Code    42  dht11.o(.text)
    DatLineIn                                0x08002eff   Thumb Code    26  dht11.o(.text)
    DHT11_Start                              0x08002f19   Thumb Code   106  dht11.o(.text)
    DHT11_ReadData                           0x08002fdb   Thumb Code   262  dht11.o(.text)
    TIM2_Int_Init                            0x080030f5   Thumb Code    92  timer.o(.text)
    TIM2_IRQHandler                          0x08003151   Thumb Code    22  timer.o(.text)
    TIM3_PWM_Init                            0x08003169   Thumb Code   138  pwm.o(.text)
    iwdg_task                                0x080031fd   Thumb Code    16  systask.o(.text)
    led_task                                 0x0800320d   Thumb Code    32  systask.o(.text)
    display_task                             0x0800322d   Thumb Code    14  systask.o(.text)
    handle_task                              0x0800323b   Thumb Code    52  systask.o(.text)
    start_task                               0x0800326f   Thumb Code    88  systask.o(.text)
    Iwdg_Init                                0x080032ed   Thumb Code    32  iwdg.o(.text)
    Key_Init                                 0x0800330d   Thumb Code    40  key.o(.text)
    ScanKey                                  0x08003335   Thumb Code    56  key.o(.text)
    OS_TaskStatStkChk                        0x08003375   Thumb Code    54  os_core.o(.text)
    OS_TaskStat                              0x080033ab   Thumb Code   116  os_core.o(.text)
    OS_TaskIdle                              0x08003453   Thumb Code    34  os_core.o(.text)
    OS_MemClr                                0x080034a9   Thumb Code    18  os_core.o(.text)
    OSInit                                   0x080035b9   Thumb Code    44  os_core.o(.text)
    OSIntEnter                               0x080035e5   Thumb Code    28  os_core.o(.text)
    OSIntExit                                0x0800361b   Thumb Code   112  os_core.o(.text)
    OSSchedLock                              0x0800368b   Thumb Code    50  os_core.o(.text)
    OS_Sched                                 0x080036bd   Thumb Code    88  os_core.o(.text)
    OSSchedUnlock                            0x08003715   Thumb Code   232  os_core.o(.text)
    OSStart                                  0x080037fd   Thumb Code    48  os_core.o(.text)
    OSStatInit                               0x0800382d   Thumb Code    62  os_core.o(.text)
    OSTimeTick                               0x0800386b   Thumb Code   210  os_core.o(.text)
    OSVersion                                0x0800393d   Thumb Code     6  os_core.o(.text)
    OS_Dummy                                 0x08003943   Thumb Code     2  os_core.o(.text)
    OS_EventTaskRemove                       0x08003945   Thumb Code    42  os_core.o(.text)
    OS_EventTaskRdy                          0x0800396f   Thumb Code   114  os_core.o(.text)
    OS_EventTaskWait                         0x080039e1   Thumb Code   112  os_core.o(.text)
    OS_EventWaitListInit                     0x08003a51   Thumb Code    28  os_core.o(.text)
    OS_MemCopy                               0x08003a6d   Thumb Code    20  os_core.o(.text)
    OS_StrLen                                0x08003a81   Thumb Code    20  os_core.o(.text)
    OS_TCBInit                               0x08003a95   Thumb Code   280  os_core.o(.text)
    OSFlagAccept                             0x08003bf1   Thumb Code   252  os_flag.o(.text)
    OSFlagCreate                             0x08003ced   Thumb Code    86  os_flag.o(.text)
    OS_FlagUnlink                            0x08003d43   Thumb Code    36  os_flag.o(.text)
    OSFlagDel                                0x08003db9   Thumb Code   214  os_flag.o(.text)
    OSFlagNameGet                            0x08003e8f   Thumb Code    80  os_flag.o(.text)
    OSFlagNameSet                            0x08003edf   Thumb Code    66  os_flag.o(.text)
    OSFlagPend                               0x08003fb9   Thumb Code   614  os_flag.o(.text)
    OSFlagPendGetFlagsRdy                    0x0800421f   Thumb Code    26  os_flag.o(.text)
    OSFlagPost                               0x08004239   Thumb Code   312  os_flag.o(.text)
    OSFlagQuery                              0x08004371   Thumb Code    48  os_flag.o(.text)
    OS_FlagInit                              0x080043a1   Thumb Code    78  os_flag.o(.text)
    OSQAccept                                0x080043fd   Thumb Code    88  os_q.o(.text)
    OSQCreate                                0x08004455   Thumb Code   140  os_q.o(.text)
    OSQDel                                   0x080044e1   Thumb Code   236  os_q.o(.text)
    OSQFlush                                 0x080045cd   Thumb Code    36  os_q.o(.text)
    OSQPend                                  0x080045f1   Thumb Code   272  os_q.o(.text)
    OSQPendAbort                             0x08004701   Thumb Code   128  os_q.o(.text)
    OSQPost                                  0x08004781   Thumb Code   114  os_q.o(.text)
    OSQPostFront                             0x080047f3   Thumb Code   136  os_q.o(.text)
    OSQPostOpt                               0x0800487b   Thumb Code   182  os_q.o(.text)
    OSQQuery                                 0x08004931   Thumb Code    98  os_q.o(.text)
    OS_QInit                                 0x08004993   Thumb Code    72  os_q.o(.text)
    OSTaskChangePrio                         0x080049e5   Thumb Code   308  os_task.o(.text)
    OSTaskCreate                             0x08004b19   Thumb Code   148  os_task.o(.text)
    OS_TaskStkClr                            0x08004bad   Thumb Code    26  os_task.o(.text)
    OSTaskCreateExt                          0x08004bc7   Thumb Code   170  os_task.o(.text)
    OSTaskDel                                0x08004c71   Thumb Code   294  os_task.o(.text)
    OSTaskDelReq                             0x08004d97   Thumb Code   144  os_task.o(.text)
    OSTaskNameGet                            0x08004e27   Thumb Code   114  os_task.o(.text)
    OSTaskNameSet                            0x08004e99   Thumb Code    98  os_task.o(.text)
    OSTaskResume                             0x08004efb   Thumb Code   154  os_task.o(.text)
    OSTaskStkChk                             0x08004f95   Thumb Code   132  os_task.o(.text)
    OSTaskSuspend                            0x08005019   Thumb Code   152  os_task.o(.text)
    OSTaskQuery                              0x080050b1   Thumb Code    82  os_task.o(.text)
    OSTaskRegGet                             0x08005103   Thumb Code    60  os_task.o(.text)
    OSTaskRegSet                             0x0800513f   Thumb Code    62  os_task.o(.text)
    OS_TaskReturn                            0x0800517d   Thumb Code    18  os_task.o(.text)
    OSTimeDly                                0x080051a9   Thumb Code   100  os_time.o(.text)
    OSTimeDlyHMSM                            0x0800520d   Thumb Code    86  os_time.o(.text)
    OSTimeDlyResume                          0x08005263   Thumb Code   168  os_time.o(.text)
    OSTimeGet                                0x0800530b   Thumb Code    24  os_time.o(.text)
    OSTimeSet                                0x08005323   Thumb Code    24  os_time.o(.text)
    OS_CPU_SR_Save                           0x08005359   Thumb Code     0  os_cpu_a.o(.text)
    OS_CPU_SR_Restore                        0x08005361   Thumb Code     0  os_cpu_a.o(.text)
    OSStartHighRdy                           0x08005367   Thumb Code     0  os_cpu_a.o(.text)
    OSCtxSw                                  0x08005389   Thumb Code     0  os_cpu_a.o(.text)
    OSIntCtxSw                               0x08005397   Thumb Code     0  os_cpu_a.o(.text)
    PendSV_Handler                           0x080053a7   Thumb Code     0  os_cpu_a.o(.text)
    OSInitHookBegin                          0x0800540d   Thumb Code     2  os_cpu_c.o(.text)
    OSInitHookEnd                            0x0800540f   Thumb Code     2  os_cpu_c.o(.text)
    OSTaskCreateHook                         0x08005411   Thumb Code     2  os_cpu_c.o(.text)
    OSTaskDelHook                            0x08005413   Thumb Code     2  os_cpu_c.o(.text)
    OSTaskIdleHook                           0x08005415   Thumb Code     2  os_cpu_c.o(.text)
    OSTaskStatHook                           0x08005417   Thumb Code     2  os_cpu_c.o(.text)
    OSTaskStkInit                            0x08005419   Thumb Code   154  os_cpu_c.o(.text)
    OSTaskSwHook                             0x080054b3   Thumb Code     2  os_cpu_c.o(.text)
    OSTCBInitHook                            0x080054b5   Thumb Code     2  os_cpu_c.o(.text)
    OSTimeTickHook                           0x080054b7   Thumb Code     2  os_cpu_c.o(.text)
    OSTaskReturnHook                         0x080054b9   Thumb Code     2  os_cpu_c.o(.text)
    __aeabi_memclr4                          0x080054bb   Thumb Code     0  rt_memclr_w.o(.text)
    __aeabi_memclr8                          0x080054bb   Thumb Code     0  rt_memclr_w.o(.text)
    __rt_memclr_w                            0x080054bb   Thumb Code    78  rt_memclr_w.o(.text)
    _memset_w                                0x080054bf   Thumb Code     0  rt_memclr_w.o(.text)
    __use_two_region_memory                  0x08005509   Thumb Code     2  heapauxi.o(.text)
    __rt_heap_escrow$2region                 0x0800550b   Thumb Code     2  heapauxi.o(.text)
    __rt_heap_expand$2region                 0x0800550d   Thumb Code     2  heapauxi.o(.text)
    __user_setup_stackheap                   0x0800550f   Thumb Code    74  sys_stackheap_outer.o(.text)
    exit                                     0x08005559   Thumb Code    18  exit.o(.text)
    __user_libspace                          0x0800556d   Thumb Code     8  libspace.o(.text)
    __user_perproc_libspace                  0x0800556d   Thumb Code     0  libspace.o(.text)
    __user_perthread_libspace                0x0800556d   Thumb Code     0  libspace.o(.text)
    _sys_exit                                0x08005575   Thumb Code     8  sys_exit.o(.text)
    __I$use$semihosting                      0x08005581   Thumb Code     0  use_no_semi.o(.text)
    __use_no_semihosting_swi                 0x08005581   Thumb Code     2  use_no_semi.o(.text)
    __semihosting_library_function           0x08005583   Thumb Code     0  indicate_semi.o(.text)
    __aeabi_d2f                              0x08005585   Thumb Code     0  d2f.o(x$fpl$d2f)
    _d2f                                     0x08005585   Thumb Code    98  d2f.o(x$fpl$d2f)
    __aeabi_dadd                             0x080055e9   Thumb Code     0  daddsub_clz.o(x$fpl$dadd)
    _dadd                                    0x080055e9   Thumb Code   332  daddsub_clz.o(x$fpl$dadd)
    __fpl_dcmp_Inf                           0x08005739   Thumb Code    24  dcmpi.o(x$fpl$dcmpinf)
    __aeabi_ddiv                             0x08005751   Thumb Code     0  ddiv.o(x$fpl$ddiv)
    _ddiv                                    0x08005751   Thumb Code   552  ddiv.o(x$fpl$ddiv)
    __aeabi_d2iz                             0x08005a01   Thumb Code     0  dfix.o(x$fpl$dfix)
    _dfix                                    0x08005a01   Thumb Code    94  dfix.o(x$fpl$dfix)
    __aeabi_i2d                              0x08005a5f   Thumb Code     0  dflt_clz.o(x$fpl$dflt)
    _dflt                                    0x08005a5f   Thumb Code    46  dflt_clz.o(x$fpl$dflt)
    __aeabi_ui2d                             0x08005a8d   Thumb Code     0  dflt_clz.o(x$fpl$dfltu)
    _dfltu                                   0x08005a8d   Thumb Code    38  dflt_clz.o(x$fpl$dfltu)
    __aeabi_cdcmple                          0x08005ab5   Thumb Code     0  dleqf.o(x$fpl$dleqf)
    _dcmple                                  0x08005ab5   Thumb Code   120  dleqf.o(x$fpl$dleqf)
    __fpl_dcmple_InfNaN                      0x08005b17   Thumb Code     0  dleqf.o(x$fpl$dleqf)
    __aeabi_dmul                             0x08005b2d   Thumb Code     0  dmul.o(x$fpl$dmul)
    _dmul                                    0x08005b2d   Thumb Code   332  dmul.o(x$fpl$dmul)
    __fpl_dnaninf                            0x08005c81   Thumb Code   156  dnaninf.o(x$fpl$dnaninf)
    __fpl_dretinf                            0x08005d1d   Thumb Code    12  dretinf.o(x$fpl$dretinf)
    __aeabi_drsub                            0x08005d29   Thumb Code     0  daddsub_clz.o(x$fpl$drsb)
    _drsb                                    0x08005d29   Thumb Code    22  daddsub_clz.o(x$fpl$drsb)
    __aeabi_dsub                             0x08005d41   Thumb Code     0  daddsub_clz.o(x$fpl$dsub)
    _dsub                                    0x08005d41   Thumb Code   464  daddsub_clz.o(x$fpl$dsub)
    __aeabi_f2uiz                            0x08005f15   Thumb Code     0  ffixu.o(x$fpl$ffixu)
    _ffixu                                   0x08005f15   Thumb Code    62  ffixu.o(x$fpl$ffixu)
    __aeabi_fmul                             0x08005f55   Thumb Code     0  fmul.o(x$fpl$fmul)
    _fmul                                    0x08005f55   Thumb Code   258  fmul.o(x$fpl$fmul)
    __fpl_fnaninf                            0x08006057   Thumb Code   140  fnaninf.o(x$fpl$fnaninf)
    __fpl_fretinf                            0x080060e3   Thumb Code    10  fretinf.o(x$fpl$fretinf)
    F16x16                                   0x080060ec   Data         160  oled.o(.constdata)
    __I$use$fp                               0x080060ec   Number         0  usenofp.o(x$fpl$usenofp)
    F6x8                                     0x0800618c   Data         552  oled.o(.constdata)
    F8X16                                    0x080063b4   Data        1520  oled.o(.constdata)
    OSUnMapTbl                               0x080069a4   Data         256  os_core.o(.constdata)
    Region$$Table$$Base                      0x08006aa4   Number         0  anon$$obj.o(Region$$Table)
    Region$$Table$$Limit                     0x08006ac4   Number         0  anon$$obj.o(Region$$Table)
    Title                                    0x20000000   Data         224  main.o(.data)
    QFKP                                     0x200000e0   Data         128  main.o(.data)
    CZCG                                     0x20000160   Data         128  main.o(.data)
    XFCG                                     0x200001e0   Data         128  main.o(.data)
    WZCGKP                                   0x20000260   Data         192  main.o(.data)
    DKCW                                     0x20000320   Data         128  main.o(.data)
    DQYE                                     0x200003a0   Data         128  main.o(.data)
    SK                                       0x20000420   Data          64  main.o(.data)
    HQL                                      0x20000460   Data          96  main.o(.data)
    KK                                       0x200004c0   Data          64  main.o(.data)
    LL                                       0x20000500   Data          64  main.o(.data)
    ZS                                       0x20000540   Data          64  main.o(.data)
    SH                                       0x20000580   Data          64  main.o(.data)
    YBZ                                      0x200005c0   Data          96  main.o(.data)
    Connection                               0x20000620   Data         192  main.o(.data)
    Temperature                              0x200006e0   Data           2  main.o(.data)
    Humidty                                  0x200006e2   Data           2  main.o(.data)
    white                                    0x200006e4   Data           1  main.o(.data)
    yellow                                   0x200006e5   Data           1  main.o(.data)
    steer                                    0x200006e6   Data           1  main.o(.data)
    SystemCoreClock                          0x200006e8   Data           4  system_stm32f10x.o(.data)
    AHBPrescTable                            0x200006ec   Data          16  system_stm32f10x.o(.data)
    OSCtxSwCtr                               0x20000718   Data           4  os_core.o(.data)
    OSEventFreeList                          0x2000071c   Data           4  os_core.o(.data)
    OSFlagFreeList                           0x20000720   Data           4  os_core.o(.data)
    OSCPUUsage                               0x20000724   Data           1  os_core.o(.data)
    OSIdleCtrMax                             0x20000728   Data           4  os_core.o(.data)
    OSIdleCtrRun                             0x2000072c   Data           4  os_core.o(.data)
    OSStatRdy                                0x20000730   Data           1  os_core.o(.data)
    OSIntNesting                             0x20000731   Data           1  os_core.o(.data)
    OSLockNesting                            0x20000732   Data           1  os_core.o(.data)
    OSPrioCur                                0x20000733   Data           1  os_core.o(.data)
    OSPrioHighRdy                            0x20000734   Data           1  os_core.o(.data)
    OSRdyGrp                                 0x20000735   Data           1  os_core.o(.data)
    OSRdyTbl                                 0x20000736   Data           3  os_core.o(.data)
    OSRunning                                0x20000739   Data           1  os_core.o(.data)
    OSTaskCtr                                0x2000073a   Data           1  os_core.o(.data)
    OSIdleCtr                                0x2000073c   Data           4  os_core.o(.data)
    OSTCBCur                                 0x20000740   Data           4  os_core.o(.data)
    OSTCBFreeList                            0x20000744   Data           4  os_core.o(.data)
    OSTCBHighRdy                             0x20000748   Data           4  os_core.o(.data)
    OSTCBList                                0x2000074c   Data           4  os_core.o(.data)
    OSTickStepState                          0x20000750   Data           1  os_core.o(.data)
    OSQFreeList                              0x20000754   Data           4  os_core.o(.data)
    OSTime                                   0x20000758   Data           4  os_core.o(.data)
    SendBuff                                 0x2000075c   Data         128  uart.o(.bss)
    RecBuff                                  0x200007dc   Data         128  uart.o(.bss)
    START_TASK_STK                           0x20000884   Data         512  systask.o(.bss)
    HANDLE_TASK_STK                          0x20000a84   Data         512  systask.o(.bss)
    DISPLAY_TASK_STK                         0x20000c84   Data         512  systask.o(.bss)
    LED_TASK_STK                             0x20000e84   Data         512  systask.o(.bss)
    IWDG_TASK_STK                            0x20001084   Data         512  systask.o(.bss)
    OSEventTbl                               0x20001284   Data         160  os_core.o(.bss)
    OSFlagTbl                                0x20001324   Data          80  os_core.o(.bss)
    OSTaskStatStk                            0x20001374   Data         512  os_core.o(.bss)
    OSTaskIdleStk                            0x20001574   Data         512  os_core.o(.bss)
    OSTCBPrioTbl                             0x20001774   Data          72  os_core.o(.bss)
    OSTCBTbl                                 0x200017bc   Data        1008  os_core.o(.bss)
    OSQTbl                                   0x20001bac   Data         120  os_core.o(.bss)
    __libspace_start                         0x20001c24   Data          96  libspace.o(.bss)
    __temporary_stack_top$libspace           0x20001c84   Data           0  libspace.o(.bss)



==============================================================================

Memory Map of the image

  Image Entry point : 0x080000ed

  Load Region LR_IROM1 (Base: 0x08000000, Size: 0x00007220, Max: 0x00008000, ABSOLUTE, COMPRESSED[0x00006ed4])

    Execution Region ER_IROM1 (Exec base: 0x08000000, Load base: 0x08000000, Size: 0x00006ac4, Max: 0x00008000, ABSOLUTE)

    Exec Addr    Load Addr    Size         Type   Attr      Idx    E Section Name        Object

    0x08000000   0x08000000   0x000000ec   Data   RO          253    RESET               startup_stm32f10x_ld.o
    0x080000ec   0x080000ec   0x00000008   Code   RO          763  * !!!main             c_w.l(__main.o)
    0x080000f4   0x080000f4   0x00000034   Code   RO          967    !!!scatter          c_w.l(__scatter.o)
    0x08000128   0x08000128   0x00000064   Code   RO          965    !!dclz77c           c_w.l(__dclz77c.o)
    0x0800018c   0x0800018c   0x0000001c   Code   RO          969    !!handler_zi        c_w.l(__scatter_zi.o)
    0x080001a8   0x080001a8   0x00000002   Code   RO          833    .ARM.Collect$$libinit$$00000000  c_w.l(libinit.o)
    0x080001aa   0x080001aa   0x00000000   Code   RO          840    .ARM.Collect$$libinit$$00000002  c_w.l(libinit2.o)
    0x080001aa   0x080001aa   0x00000000   Code   RO          842    .ARM.Collect$$libinit$$00000004  c_w.l(libinit2.o)
    0x080001aa   0x080001aa   0x00000000   Code   RO          845    .ARM.Collect$$libinit$$0000000A  c_w.l(libinit2.o)
    0x080001aa   0x080001aa   0x00000000   Code   RO          847    .ARM.Collect$$libinit$$0000000C  c_w.l(libinit2.o)
    0x080001aa   0x080001aa   0x00000000   Code   RO          849    .ARM.Collect$$libinit$$0000000E  c_w.l(libinit2.o)
    0x080001aa   0x080001aa   0x00000000   Code   RO          852    .ARM.Collect$$libinit$$00000011  c_w.l(libinit2.o)
    0x080001aa   0x080001aa   0x00000000   Code   RO          854    .ARM.Collect$$libinit$$00000013  c_w.l(libinit2.o)
    0x080001aa   0x080001aa   0x00000000   Code   RO          856    .ARM.Collect$$libinit$$00000015  c_w.l(libinit2.o)
    0x080001aa   0x080001aa   0x00000000   Code   RO          858    .ARM.Collect$$libinit$$00000017  c_w.l(libinit2.o)
    0x080001aa   0x080001aa   0x00000000   Code   RO          860    .ARM.Collect$$libinit$$00000019  c_w.l(libinit2.o)
    0x080001aa   0x080001aa   0x00000000   Code   RO          862    .ARM.Collect$$libinit$$0000001B  c_w.l(libinit2.o)
    0x080001aa   0x080001aa   0x00000000   Code   RO          864    .ARM.Collect$$libinit$$0000001D  c_w.l(libinit2.o)
    0x080001aa   0x080001aa   0x00000000   Code   RO          866    .ARM.Collect$$libinit$$0000001F  c_w.l(libinit2.o)
    0x080001aa   0x080001aa   0x00000000   Code   RO          868    .ARM.Collect$$libinit$$00000021  c_w.l(libinit2.o)
    0x080001aa   0x080001aa   0x00000000   Code   RO          870    .ARM.Collect$$libinit$$00000023  c_w.l(libinit2.o)
    0x080001aa   0x080001aa   0x00000000   Code   RO          872    .ARM.Collect$$libinit$$00000025  c_w.l(libinit2.o)
    0x080001aa   0x080001aa   0x00000000   Code   RO          876    .ARM.Collect$$libinit$$0000002C  c_w.l(libinit2.o)
    0x080001aa   0x080001aa   0x00000000   Code   RO          878    .ARM.Collect$$libinit$$0000002E  c_w.l(libinit2.o)
    0x080001aa   0x080001aa   0x00000000   Code   RO          880    .ARM.Collect$$libinit$$00000030  c_w.l(libinit2.o)
    0x080001aa   0x080001aa   0x00000000   Code   RO          882    .ARM.Collect$$libinit$$00000032  c_w.l(libinit2.o)
    0x080001aa   0x080001aa   0x00000002   Code   RO          883    .ARM.Collect$$libinit$$00000033  c_w.l(libinit2.o)
    0x080001ac   0x080001ac   0x00000002   Code   RO          903    .ARM.Collect$$libshutdown$$00000000  c_w.l(libshutdown.o)
    0x080001ae   0x080001ae   0x00000000   Code   RO          916    .ARM.Collect$$libshutdown$$00000002  c_w.l(libshutdown2.o)
    0x080001ae   0x080001ae   0x00000000   Code   RO          918    .ARM.Collect$$libshutdown$$00000004  c_w.l(libshutdown2.o)
    0x080001ae   0x080001ae   0x00000000   Code   RO          920    .ARM.Collect$$libshutdown$$00000006  c_w.l(libshutdown2.o)
    0x080001ae   0x080001ae   0x00000000   Code   RO          923    .ARM.Collect$$libshutdown$$00000009  c_w.l(libshutdown2.o)
    0x080001ae   0x080001ae   0x00000000   Code   RO          926    .ARM.Collect$$libshutdown$$0000000C  c_w.l(libshutdown2.o)
    0x080001ae   0x080001ae   0x00000000   Code   RO          928    .ARM.Collect$$libshutdown$$0000000E  c_w.l(libshutdown2.o)
    0x080001ae   0x080001ae   0x00000000   Code   RO          931    .ARM.Collect$$libshutdown$$00000011  c_w.l(libshutdown2.o)
    0x080001ae   0x080001ae   0x00000002   Code   RO          932    .ARM.Collect$$libshutdown$$00000012  c_w.l(libshutdown2.o)
    0x080001b0   0x080001b0   0x00000000   Code   RO          797    .ARM.Collect$$rtentry$$00000000  c_w.l(__rtentry.o)
    0x080001b0   0x080001b0   0x00000000   Code   RO          810    .ARM.Collect$$rtentry$$00000002  c_w.l(__rtentry2.o)
    0x080001b0   0x080001b0   0x00000006   Code   RO          822    .ARM.Collect$$rtentry$$00000004  c_w.l(__rtentry4.o)
    0x080001b6   0x080001b6   0x00000000   Code   RO          812    .ARM.Collect$$rtentry$$00000009  c_w.l(__rtentry2.o)
    0x080001b6   0x080001b6   0x00000004   Code   RO          813    .ARM.Collect$$rtentry$$0000000A  c_w.l(__rtentry2.o)
    0x080001ba   0x080001ba   0x00000000   Code   RO          815    .ARM.Collect$$rtentry$$0000000C  c_w.l(__rtentry2.o)
    0x080001ba   0x080001ba   0x00000008   Code   RO          816    .ARM.Collect$$rtentry$$0000000D  c_w.l(__rtentry2.o)
    0x080001c2   0x080001c2   0x00000002   Code   RO          837    .ARM.Collect$$rtexit$$00000000  c_w.l(rtexit.o)
    0x080001c4   0x080001c4   0x00000000   Code   RO          885    .ARM.Collect$$rtexit$$00000002  c_w.l(rtexit2.o)
    0x080001c4   0x080001c4   0x00000004   Code   RO          886    .ARM.Collect$$rtexit$$00000003  c_w.l(rtexit2.o)
    0x080001c8   0x080001c8   0x00000006   Code   RO          887    .ARM.Collect$$rtexit$$00000004  c_w.l(rtexit2.o)
    0x080001ce   0x080001ce   0x00000002   PAD
    0x080001d0   0x080001d0   0x000000b0   Code   RO            1    .text               main.o
    0x08000280   0x08000280   0x00000016   Code   RO          181    .text               stm32f10x_it.o
    0x08000296   0x08000296   0x00000002   PAD
    0x08000298   0x08000298   0x000001e0   Code   RO          222    .text               system_stm32f10x.o
    0x08000478   0x08000478   0x00000040   Code   RO          254    .text               startup_stm32f10x_ld.o
    0x080004b8   0x080004b8   0x000000dc   Code   RO          258    .text               misc.o
    0x08000594   0x08000594   0x0000035c   Code   RO          270    .text               stm32f10x_gpio.o
    0x080008f0   0x080008f0   0x000003a4   Code   RO          282    .text               stm32f10x_rcc.o
    0x08000c94   0x08000c94   0x00000408   Code   RO          308    .text               stm32f10x_usart.o
    0x0800109c   0x0800109c   0x00000e1a   Code   RO          332    .text               stm32f10x_tim.o
    0x08001eb6   0x08001eb6   0x00000002   PAD
    0x08001eb8   0x08001eb8   0x00000040   Code   RO          356    .text               stm32f10x_iwdg.o
    0x08001ef8   0x08001ef8   0x00000130   Code   RO          380    .text               delay.o
    0x08002028   0x08002028   0x000000ac   Code   RO          410    .text               led.o
    0x080020d4   0x080020d4   0x000002e0   Code   RO          422    .text               uart.o
    0x080023b4   0x080023b4   0x000003e4   Code   RO          439    .text               str.o
    0x08002798   0x08002798   0x00000730   Code   RO          452    .text               oled.o
    0x08002ec8   0x08002ec8   0x0000022c   Code   RO          473    .text               dht11.o
    0x080030f4   0x080030f4   0x00000072   Code   RO          485    .text               timer.o
    0x08003166   0x08003166   0x00000002   PAD
    0x08003168   0x08003168   0x00000094   Code   RO          501    .text               pwm.o
    0x080031fc   0x080031fc   0x000000f0   Code   RO          513    .text               systask.o
    0x080032ec   0x080032ec   0x00000020   Code   RO          574    .text               iwdg.o
    0x0800330c   0x0800330c   0x00000068   Code   RO          604    .text               key.o
    0x08003374   0x08003374   0x0000087c   Code   RO          616    .text               os_core.o
    0x08003bf0   0x08003bf0   0x0000080c   Code   RO          636    .text               os_flag.o
    0x080043fc   0x080043fc   0x000005e8   Code   RO          678    .text               os_q.o
    0x080049e4   0x080049e4   0x000007c4   Code   RO          702    .text               os_task.o
    0x080051a8   0x080051a8   0x000001b0   Code   RO          714    .text               os_time.o
    0x08005358   0x08005358   0x000000b4   Code   RO          732    .text               os_cpu_a.o
    0x0800540c   0x0800540c   0x000000ae   Code   RO          735    .text               os_cpu_c.o
    0x080054ba   0x080054ba   0x0000004e   Code   RO          759    .text               c_w.l(rt_memclr_w.o)
    0x08005508   0x08005508   0x00000006   Code   RO          761    .text               c_w.l(heapauxi.o)
    0x0800550e   0x0800550e   0x0000004a   Code   RO          824    .text               c_w.l(sys_stackheap_outer.o)
    0x08005558   0x08005558   0x00000012   Code   RO          826    .text               c_w.l(exit.o)
    0x0800556a   0x0800556a   0x00000002   PAD
    0x0800556c   0x0800556c   0x00000008   Code   RO          834    .text               c_w.l(libspace.o)
    0x08005574   0x08005574   0x0000000c   Code   RO          895    .text               c_w.l(sys_exit.o)
    0x08005580   0x08005580   0x00000002   Code   RO          906    .text               c_w.l(use_no_semi.o)
    0x08005582   0x08005582   0x00000000   Code   RO          908    .text               c_w.l(indicate_semi.o)
    0x08005582   0x08005582   0x00000002   PAD
    0x08005584   0x08005584   0x00000062   Code   RO          765    x$fpl$d2f           fz_ws.l(d2f.o)
    0x080055e6   0x080055e6   0x00000002   PAD
    0x080055e8   0x080055e8   0x00000150   Code   RO          767    x$fpl$dadd          fz_ws.l(daddsub_clz.o)
    0x08005738   0x08005738   0x00000018   Code   RO          798    x$fpl$dcmpinf       fz_ws.l(dcmpi.o)
    0x08005750   0x08005750   0x000002b0   Code   RO          774    x$fpl$ddiv          fz_ws.l(ddiv.o)
    0x08005a00   0x08005a00   0x0000005e   Code   RO          777    x$fpl$dfix          fz_ws.l(dfix.o)
    0x08005a5e   0x08005a5e   0x0000002e   Code   RO          782    x$fpl$dflt          fz_ws.l(dflt_clz.o)
    0x08005a8c   0x08005a8c   0x00000026   Code   RO          781    x$fpl$dfltu         fz_ws.l(dflt_clz.o)
    0x08005ab2   0x08005ab2   0x00000002   PAD
    0x08005ab4   0x08005ab4   0x00000078   Code   RO          787    x$fpl$dleqf         fz_ws.l(dleqf.o)
    0x08005b2c   0x08005b2c   0x00000154   Code   RO          789    x$fpl$dmul          fz_ws.l(dmul.o)
    0x08005c80   0x08005c80   0x0000009c   Code   RO          800    x$fpl$dnaninf       fz_ws.l(dnaninf.o)
    0x08005d1c   0x08005d1c   0x0000000c   Code   RO          802    x$fpl$dretinf       fz_ws.l(dretinf.o)
    0x08005d28   0x08005d28   0x00000016   Code   RO          768    x$fpl$drsb          fz_ws.l(daddsub_clz.o)
    0x08005d3e   0x08005d3e   0x00000002   PAD
    0x08005d40   0x08005d40   0x000001d4   Code   RO          769    x$fpl$dsub          fz_ws.l(daddsub_clz.o)
    0x08005f14   0x08005f14   0x0000003e   Code   RO          791    x$fpl$ffixu         fz_ws.l(ffixu.o)
    0x08005f52   0x08005f52   0x00000002   PAD
    0x08005f54   0x08005f54   0x00000102   Code   RO          795    x$fpl$fmul          fz_ws.l(fmul.o)
    0x08006056   0x08006056   0x0000008c   Code   RO          804    x$fpl$fnaninf       fz_ws.l(fnaninf.o)
    0x080060e2   0x080060e2   0x0000000a   Code   RO          806    x$fpl$fretinf       fz_ws.l(fretinf.o)
    0x080060ec   0x080060ec   0x00000000   Code   RO          808    x$fpl$usenofp       fz_ws.l(usenofp.o)
    0x080060ec   0x080060ec   0x000008b8   Data   RO          453    .constdata          oled.o
    0x080069a4   0x080069a4   0x00000100   Data   RO          618    .constdata          os_core.o
    0x08006aa4   0x08006aa4   0x00000020   Data   RO          963    Region$$Table       anon$$obj.o


    Execution Region RW_IRAM1 (Exec base: 0x20000000, Load base: 0x08006ac4, Size: 0x00002288, Max: 0x00002800, ABSOLUTE, COMPRESSED[0x00000410])

    Exec Addr    Load Addr    Size         Type   Attr      Idx    E Section Name        Object

    0x20000000   COMPRESSED   0x000006e7   Data   RW            2    .data               main.o
    0x200006e7   COMPRESSED   0x00000001   PAD
    0x200006e8   COMPRESSED   0x00000014   Data   RW          223    .data               system_stm32f10x.o
    0x200006fc   COMPRESSED   0x00000014   Data   RW          283    .data               stm32f10x_rcc.o
    0x20000710   COMPRESSED   0x00000004   Data   RW          381    .data               delay.o
    0x20000714   COMPRESSED   0x00000001   Data   RW          424    .data               uart.o
    0x20000715   COMPRESSED   0x00000001   Data   RW          454    .data               oled.o
    0x20000716   COMPRESSED   0x00000001   Data   RW          515    .data               systask.o
    0x20000717   COMPRESSED   0x00000001   PAD
    0x20000718   COMPRESSED   0x00000044   Data   RW          619    .data               os_core.o
    0x2000075c        -       0x00000100   Zero   RW          423    .bss                uart.o
    0x2000085c        -       0x00000028   Zero   RW          440    .bss                str.o
    0x20000884        -       0x00000a00   Zero   RW          514    .bss                systask.o
    0x20001284        -       0x000009a0   Zero   RW          617    .bss                os_core.o
    0x20001c24        -       0x00000060   Zero   RW          835    .bss                c_w.l(libspace.o)
    0x20001c84   COMPRESSED   0x00000004   PAD
    0x20001c88        -       0x00000200   Zero   RW          252    HEAP                startup_stm32f10x_ld.o
    0x20001e88        -       0x00000400   Zero   RW          251    STACK               startup_stm32f10x_ld.o


==============================================================================

Image component sizes


      Code (inc. data)   RO Data    RW Data    ZI Data      Debug   Object Name

         0          0          0          0          0         32   core_cm3.o
       304         24          0          4          0       1725   delay.o
       556         20          0          0          0       1925   dht11.o
        32          0          0          0          0        416   iwdg.o
       104          8          0          0          0        683   key.o
       172         20          0          0          0        503   led.o
       176         20          0       1767          0     260461   main.o
       220         22          0          0          0       1697   misc.o
      1840         92       2232          1          0       7076   oled.o
      2172        216        256         68       2464      14863   os_core.o
       180         36          0          0          0        308   os_cpu_a.o
       174          0          0          0          0      10286   os_cpu_c.o
      2060         42          0          0          0       7052   os_flag.o
      1512         30          0          0          0       5717   os_q.o
      1988         70          0          0          0       7737   os_task.o
       432         30          0          0          0       1822   os_time.o
       148         10          0          0          0        696   pwm.o
        64         26        236          0       1536        776   startup_stm32f10x_ld.o
       860         38          0          0          0       5633   stm32f10x_gpio.o
        22          0          0          0          0        971   stm32f10x_it.o
        64          6          0          0          0       1233   stm32f10x_iwdg.o
       932         36          0         20          0       8776   stm32f10x_rcc.o
      3610         88          0          0          0      22740   stm32f10x_tim.o
      1032         22          0          0          0       8356   stm32f10x_usart.o
       996         16          0          0         40       3635   str.o
       240         38          0          1       2560       2040   systask.o
       480         38          0         20          0       1659   system_stm32f10x.o
       114          0          0          0          0        744   timer.o
       736         42          0          1        256       3258   uart.o

    ----------------------------------------------------------------------
     21226        990       2756       1884       6856     382820   Object Totals
         0          0         32          0          0          0   (incl. Generated)
         6          0          0          2          0          0   (incl. Padding)

    ----------------------------------------------------------------------

      Code (inc. data)   RO Data    RW Data    ZI Data      Debug   Library Member Name

       100          0          0          0          0          0   __dclz77c.o
         8          0          0          0          0         68   __main.o
         0          0          0          0          0          0   __rtentry.o
        12          0          0          0          0          0   __rtentry2.o
         6          0          0          0          0          0   __rtentry4.o
        52          8          0          0          0          0   __scatter.o
        28          0          0          0          0          0   __scatter_zi.o
        18          0          0          0          0         80   exit.o
         6          0          0          0          0        152   heapauxi.o
         0          0          0          0          0          0   indicate_semi.o
         2          0          0          0          0          0   libinit.o
         2          0          0          0          0          0   libinit2.o
         2          0          0          0          0          0   libshutdown.o
         2          0          0          0          0          0   libshutdown2.o
         8          4          0          0         96         68   libspace.o
        78          0          0          0          0         80   rt_memclr_w.o
         2          0          0          0          0          0   rtexit.o
        10          0          0          0          0          0   rtexit2.o
        12          4          0          0          0         68   sys_exit.o
        74          0          0          0          0         80   sys_stackheap_outer.o
         2          0          0          0          0         68   use_no_semi.o
        98          4          0          0          0         92   d2f.o
       826         16          0          0          0        348   daddsub_clz.o
        24          0          0          0          0         68   dcmpi.o
       688        140          0          0          0        208   ddiv.o
        94          4          0          0          0         92   dfix.o
        84          0          0          0          0        136   dflt_clz.o
       120          4          0          0          0         92   dleqf.o
       340         12          0          0          0        104   dmul.o
       156          4          0          0          0         92   dnaninf.o
        12          0          0          0          0         68   dretinf.o
        62          4          0          0          0         84   ffixu.o
       258          4          0          0          0         84   fmul.o
       140          4          0          0          0         84   fnaninf.o
        10          0          0          0          0         68   fretinf.o
         0          0          0          0          0          0   usenofp.o

    ----------------------------------------------------------------------
      3350        212          0          0        100       2284   Library Totals
        14          0          0          0          4          0   (incl. Padding)

    ----------------------------------------------------------------------

      Code (inc. data)   RO Data    RW Data    ZI Data      Debug   Library Name

       424         16          0          0         96        664   c_w.l
      2912        196          0          0          0       1620   fz_ws.l

    ----------------------------------------------------------------------
      3350        212          0          0        100       2284   Library Totals

    ----------------------------------------------------------------------

==============================================================================


      Code (inc. data)   RO Data    RW Data    ZI Data      Debug   

     24576       1202       2756       1884       6956     381928   Grand Totals
     24576       1202       2756       1040       6956     381928   ELF Image Totals (compressed)
     24576       1202       2756       1040          0          0   ROM Totals

==============================================================================

    Total RO  Size (Code + RO Data)                27332 (  26.69kB)
    Total RW  Size (RW Data + ZI Data)              8840 (   8.63kB)
    Total ROM Size (Code + RO Data + RW Data)      28372 (  27.71kB)

==============================================================================

