Component: ARM Compiler 5.06 update 7 (build 960) Tool: armlink [4d3601]

==============================================================================

Section Cross References

    main.o(.text) refers to misc.o(.text) for NVIC_SetVectorTable
    main.o(.text) refers to delay.o(.text) for delay_init
    main.o(.text) refers to uart.o(.text) for UART_Init
    main.o(.text) refers to led.o(.text) for LED_Init
    main.o(.text) refers to key.o(.text) for Key_Init
    main.o(.text) refers to rc522.o(.text) for RC522_Init
    main.o(.text) refers to dht11.o(.text) for DHT11_Init
    main.o(.text) refers to pwm.o(.text) for TIM3_PWM_Init
    main.o(.text) refers to iwdg.o(.text) for Iwdg_Init
    main.o(.text) refers to os_core.o(.text) for OSInit
    main.o(.text) refers to os_task.o(.text) for OSTaskCreate
    main.o(.text) refers to systask.o(.bss) for START_TASK_STK
    main.o(.text) refers to systask.o(.text) for start_task
    system_stm32f10x.o(.text) refers to system_stm32f10x.o(.data) for SystemCoreClock
    startup_stm32f10x_md.o(STACK) refers (Special) to heapauxi.o(.text) for __use_two_region_memory
    startup_stm32f10x_md.o(HEAP) refers (Special) to heapauxi.o(.text) for __use_two_region_memory
    startup_stm32f10x_md.o(RESET) refers (Special) to heapauxi.o(.text) for __use_two_region_memory
    startup_stm32f10x_md.o(RESET) refers to startup_stm32f10x_md.o(STACK) for __initial_sp
    startup_stm32f10x_md.o(RESET) refers to startup_stm32f10x_md.o(.text) for Reset_Handler
    startup_stm32f10x_md.o(RESET) refers to stm32f10x_it.o(.text) for NMI_Handler
    startup_stm32f10x_md.o(RESET) refers to os_cpu_a.o(.text) for PendSV_Handler
    startup_stm32f10x_md.o(RESET) refers to delay.o(.text) for SysTick_Handler
    startup_stm32f10x_md.o(RESET) refers to timer.o(.text) for TIM2_IRQHandler
    startup_stm32f10x_md.o(RESET) refers to uart.o(.text) for USART1_IRQHandler
    startup_stm32f10x_md.o(.text) refers (Special) to heapauxi.o(.text) for __use_two_region_memory
    startup_stm32f10x_md.o(.text) refers to system_stm32f10x.o(.text) for SystemInit
    startup_stm32f10x_md.o(.text) refers to __main.o(!!!main) for __main
    startup_stm32f10x_md.o(.text) refers to startup_stm32f10x_md.o(HEAP) for Heap_Mem
    startup_stm32f10x_md.o(.text) refers to startup_stm32f10x_md.o(STACK) for Stack_Mem
    stm32f10x_gpio.o(.text) refers to stm32f10x_rcc.o(.text) for RCC_APB2PeriphResetCmd
    stm32f10x_rcc.o(.text) refers to stm32f10x_rcc.o(.data) for APBAHBPrescTable
    stm32f10x_i2c.o(.text) refers to stm32f10x_rcc.o(.text) for RCC_APB1PeriphResetCmd
    stm32f10x_usart.o(.text) refers to stm32f10x_rcc.o(.text) for RCC_APB2PeriphResetCmd
    stm32f10x_adc.o(.text) refers to stm32f10x_rcc.o(.text) for RCC_APB2PeriphResetCmd
    stm32f10x_tim.o(.text) refers to stm32f10x_rcc.o(.text) for RCC_APB2PeriphResetCmd
    delay.o(.text) refers to os_core.o(.text) for OSSchedLock
    delay.o(.text) refers to os_time.o(.text) for OSTimeDly
    delay.o(.text) refers to misc.o(.text) for SysTick_CLKSourceConfig
    delay.o(.text) refers to os_core.o(.data) for OSRunning
    delay.o(.text) refers to system_stm32f10x.o(.data) for SystemCoreClock
    delay.o(.text) refers to delay.o(.data) for fac_us
    led.o(.text) refers to stm32f10x_rcc.o(.text) for RCC_APB2PeriphClockCmd
    led.o(.text) refers to stm32f10x_gpio.o(.text) for GPIO_Init
    uart.o(.text) refers (Special) to use_no_semi_2.o(.text) for __use_no_semihosting
    uart.o(.text) refers to stm32f10x_rcc.o(.text) for RCC_APB2PeriphClockCmd
    uart.o(.text) refers to stm32f10x_gpio.o(.text) for GPIO_Init
    uart.o(.text) refers to misc.o(.text) for NVIC_Init
    uart.o(.text) refers to stm32f10x_usart.o(.text) for USART_Init
    uart.o(.text) refers to stmflash.o(.text) for STMFLASH_Write
    uart.o(.text) refers to str.o(.text) for FloatToString
    uart.o(.text) refers to uart.o(.bss) for SendBuff
    uart.o(.text) refers to uart.o(.data) for buffCounter
    uart.o(.bss) refers (Special) to use_no_semi_2.o(.text) for __use_no_semihosting
    uart.o(.data) refers (Special) to use_no_semi_2.o(.text) for __use_no_semihosting
    timer.o(.text) refers to stm32f10x_rcc.o(.text) for RCC_APB1PeriphClockCmd
    timer.o(.text) refers to stm32f10x_tim.o(.text) for TIM_TimeBaseInit
    timer.o(.text) refers to misc.o(.text) for NVIC_Init
    pwm.o(.text) refers to stm32f10x_rcc.o(.text) for RCC_APB1PeriphClockCmd
    pwm.o(.text) refers to stm32f10x_gpio.o(.text) for GPIO_Init
    pwm.o(.text) refers to stm32f10x_tim.o(.text) for TIM_TimeBaseInit
    systask.o(.text) refers to _printf_percent.o(.ARM.Collect$$_printf_percent$$00000000) for _printf_percent
    systask.o(.text) refers to _printf_x.o(.ARM.Collect$$_printf_percent$$0000000C) for _printf_x
    systask.o(.text) refers to _printf_hex_int.o(.text) for _printf_longlong_hex
    systask.o(.text) refers to stm32f10x_iwdg.o(.text) for IWDG_ReloadCounter
    systask.o(.text) refers to delay.o(.text) for delay_ms
[...]
    .text                                    0x080048a4   Section        0  stm32f10x_rcc.o(.text)
    .text                                    0x08004c48   Section        0  stm32f10x_usart.o(.text)
    .text                                    0x08005050   Section        0  stm32f10x_tim.o(.text)
    TI4_Config                               0x080054f7   Thumb Code   130  stm32f10x_tim.o(.text)
    TI3_Config                               0x0800558b   Thumb Code   122  stm32f10x_tim.o(.text)
    TI2_Config                               0x0800561f   Thumb Code   130  stm32f10x_tim.o(.text)
    TI1_Config                               0x080056b3   Thumb Code   108  stm32f10x_tim.o(.text)
    .text                                    0x08005e6c   Section        0  stm32f10x_flash.o(.text)
    .text                                    0x08006428   Section        0  stm32f10x_iwdg.o(.text)
    .text                                    0x08006468   Section        0  delay.o(.text)
    .text                                    0x08006598   Section        0  led.o(.text)
    .text                                    0x080065d0   Section        0  uart.o(.text)
    NVIC_SystemReset                         0x080068a3   Thumb Code    26  uart.o(.text)
    .text                                    0x080068e0   Section        0  timer.o(.text)
    .text                                    0x08006954   Section        0  pwm.o(.text)
    .text                                    0x080069e0   Section        0  systask.o(.text)
    .text                                    0x08006e48   Section        0  stmflash.o(.text)
    .text                                    0x08006f8c   Section        0  rc522.o(.text)
    RC522_SPI_Config                         0x0800761d   Thumb Code   168  rc522.o(.text)
    .text                                    0x080077bc   Section        0  iwdg.o(.text)
    .text                                    0x080077e0   Section        0  key.o(.text)
    .text                                    0x08007960   Section        0  dht11.o(.text)
    GetOneByte                               0x08007a0b   Thumb Code    84  dht11.o(.text)
    .text                                    0x08007b7c   Section        0  str.o(.text)
    .text                                    0x08007fa8   Section        0  os_core.o(.text)
    OS_InitTaskStat                          0x08008053   Thumb Code    52  os_core.o(.text)
    OS_InitTaskIdle                          0x080080a9   Thumb Code    52  os_core.o(.text)
    OS_InitEventList                         0x080080ef   Thumb Code    62  os_core.o(.text)
    OS_InitTCBList                           0x0800812d   Thumb Code   104  os_core.o(.text)
    OS_InitRdyList                           0x08008195   Thumb Code    44  os_core.o(.text)
    OS_InitMisc                              0x080081c1   Thumb Code    44  os_core.o(.text)
    OS_SchedNew                              0x08008235   Thumb Code    26  os_core.o(.text)
    .text                                    0x08008824   Section        0  os_flag.o(.text)
    OS_FlagTaskRdy                           0x0800899b   Thumb Code    82  os_flag.o(.text)
    OS_FlagBlock                             0x08008b55   Thumb Code   152  os_flag.o(.text)
    .text                                    0x08009030   Section        0  os_q.o(.text)
    .text                                    0x08009618   Section        0  os_task.o(.text)
    .text                                    0x08009ddc   Section        0  os_time.o(.text)
    .text                                    0x08009f8c   Section      180  os_cpu_a.o(.text)
    .text                                    0x0800a040   Section        0  os_cpu_c.o(.text)
    .text                                    0x0800a0ee   Section        2  use_no_semi_2.o(.text)
    .text                                    0x0800a0f0   Section        0  noretval__2printf.o(.text)
    .text                                    0x0800a108   Section        0  __printf.o(.text)
    .text                                    0x0800a170   Section        0  _printf_hex_int.o(.text)
    .text                                    0x0800a1c8   Section        0  heapauxi.o(.text)
    .text                                    0x0800a1ce   Section        2  use_no_semi.o(.text)
    .text                                    0x0800a1d0   Section        0  _printf_intcommon.o(.text)
    .text                                    0x0800a284   Section        0  _printf_char_file.o(.text)
    .text                                    0x0800a2a8   Section        0  _printf_char_common.o(.text)
    _printf_input_char                       0x0800a2a9   Thumb Code    10  _printf_char_common.o(.text)
    .text                                    0x0800a2d8   Section        0  ferror.o(.text)
    .text                                    0x0800a2e0   Section       74  sys_stackheap_outer.o(.text)
    .text                                    0x0800a32a   Section        0  exit.o(.text)
    .text                                    0x0800a33c   Section        8  libspace.o(.text)
    x$fpl$d2f                                0x0800a344   Section       98  d2f.o(x$fpl$d2f)
    x$fpl$dadd                               0x0800a3a8   Section      336  daddsub_clz.o(x$fpl$dadd)
    _dadd1                                   0x0800a3b9   Thumb Code     0  daddsub_clz.o(x$fpl$dadd)
    x$fpl$dcmpinf                            0x0800a4f8   Section       24  dcmpi.o(x$fpl$dcmpinf)
    x$fpl$ddiv                               0x0800a510   Section      688  ddiv.o(x$fpl$ddiv)
    ddiv_entry                               0x0800a517   Thumb Code     0  ddiv.o(x$fpl$ddiv)
    x$fpl$dfix                               0x0800a7c0   Section       94  dfix.o(x$fpl$dfix)
    x$fpl$dflt                               0x0800a81e   Section       46  dflt_clz.o(x$fpl$dflt)
    x$fpl$dfltu                              0x0800a84c   Section       38  dflt_clz.o(x$fpl$dfltu)
    x$fpl$dleqf                              0x0800a874   Section      120  dleqf.o(x$fpl$dleqf)
    x$fpl$dmul                               0x0800a8ec   Section      340  dmul.o(x$fpl$dmul)
    x$fpl$dnaninf                            0x0800aa40   Section      156  dnaninf.o(x$fpl$dnaninf)
    x$fpl$dretinf                            0x0800aadc   Section       12  dretinf.o(x$fpl$dretinf)
    x$fpl$drsb                               0x0800aae8   Section       22  daddsub_clz.o(x$fpl$drsb)
    x$fpl$dsub                               0x0800ab00   Section      468  daddsub_clz.o(x$fpl$dsub)
    _dsub1                                   0x0800ab11   Thumb Code     0  daddsub_clz.o(x$fpl$dsub)
    x$fpl$ffixu                              0x0800acd4   Section       62  ffixu.o(x$fpl$ffixu)
    x$fpl$fmul                               0x0800ad14   Section      258  fmul.o(x$fpl$fmul)
    x$fpl$fnaninf                            0x0800ae16   Section      140  fnaninf.o(x$fpl$fnaninf)
    x$fpl$fretinf                            0x0800aea2   Section       10  fretinf.o(x$fpl$fretinf)
    .constdata                               0x0800aeac   Section      256  os_core.o(.constdata)
    x$fpl$usenofp                            0x0800aeac   Section        0  usenofp.o(x$fpl$usenofp)
    .constdata                               0x0800afac   Section       40  _printf_hex_int.o(.constdata)
    uc_hextab                                0x0800afac   Data          20  _printf_hex_int.o(.constdata)
    lc_hextab                                0x0800afc0   Data          20  _printf_hex_int.o(.constdata)
    .data                                    0x20000000   Section       20  system_stm32f10x.o(.data)
    .data                                    0x20000014   Section       20  stm32f10x_rcc.o(.data)
    APBAHBPrescTable                         0x20000014   Data          16  stm32f10x_rcc.o(.data)
    ADCPrescTable                            0x20000024   Data           4  stm32f10x_rcc.o(.data)
    .data                                    0x20000028   Section        4  delay.o(.data)
    fac_us                                   0x20000028   Data           1  delay.o(.data)
    fac_ms                                   0x2000002a   Data           2  delay.o(.data)
    .data                                    0x2000002c   Section       10  uart.o(.data)
    buffCounter                              0x20000034   Data           2  uart.o(.data)
    .data                                    0x20000036   Section        6  systask.o(.data)
    .data                                    0x2000003c   Section      518  rc522.o(.data)
    .data                                    0x20000242   Section        4  dht11.o(.data)
    .data                                    0x20000248   Section       68  os_core.o(.data)
    .bss                                     0x2000028c   Section      256  uart.o(.bss)
    .bss                                     0x2000038c   Section     3084  systask.o(.bss)
    .bss                                     0x20000f98   Section     1024  stmflash.o(.bss)
    .bss                                     0x20001398   Section       32  rc522.o(.bss)
    .bss                                     0x200013b8   Section       60  str.o(.bss)
    str                                      0x200013b8   Data          20  str.o(.bss)
    str                                      0x200013cc   Data          20  str.o(.bss)
    str                                      0x200013e0   Data          20  str.o(.bss)
    .bss                                     0x200013f4   Section     2464  os_core.o(.bss)
    .bss                                     0x20001d94   Section       96  libspace.o(.bss)
    HEAP                                     0x20001df8   Section      512  startup_stm32f10x_md.o(HEAP)
    Heap_Mem                                 0x20001df8   Data         512  startup_stm32f10x_md.o(HEAP)
    STACK                                    0x20001ff8   Section     1024  startup_stm32f10x_md.o(STACK)
    Stack_Mem                                0x20001ff8   Data        1024  startup_stm32f10x_md.o(STACK)
    __initial_sp                             0x200023f8   Data           0  startup_stm32f10x_md.o(STACK)

    Global Symbols

    Symbol Name                              Value     Ov Type        Size  Object(Section)

    BuildAttributes$$THM_ISAv4$P$D$K$B$S$PE$A:L22UL41UL21$X:L11$S22US41US21$IEEE1$IW$USESV6$~STKCKD$USESV7$~SHL$OSPACE$ROPI$EBA8$UX$STANDARDLIB$REQ8$PRES8$EABIv2 0x00000000   Number         0  anon$$obj.o ABSOLUTE
    __ARM_use_no_argv                        0x00000000   Number         0  main.o ABSOLUTE
    __ARM_exceptions_init                     - Undefined Weak Reference
    __alloca_initialize                       - Undefined Weak Reference
    __arm_fini_                               - Undefined Weak Reference
    __arm_preinit_                            - Undefined Weak Reference
    __cpp_initialize__aeabi_                  - Undefined Weak Reference
    __cxa_finalize                            - Undefined Weak Reference
    __rt_locale                               - Undefined Weak Reference
    __sigvec_lookup                           - Undefined Weak Reference
    _atexit_init                              - Undefined Weak Reference
    _call_atexit_fns                          - Undefined Weak Reference
    _clock_init                               - Undefined Weak Reference
    _fp_trap_init                             - Undefined Weak Reference
    _fp_trap_shutdown                         - Undefined Weak Reference
    _get_lc_collate                           - Undefined Weak Reference
    _get_lc_ctype                             - Undefined Weak Reference
    _get_lc_monetary                          - Undefined Weak Reference
    _get_lc_numeric                           - Undefined Weak Reference
    _get_lc_time                              - Undefined Weak Reference
    _getenv_init                              - Undefined Weak Reference
    _handle_redirection                       - Undefined Weak Reference
    _init_alloc                               - Undefined Weak Reference
    _init_user_alloc                          - Undefined Weak Reference
    _initio                                   - Undefined Weak Reference
    _mutex_acquire                            - Undefined Weak Reference
    _mutex_release                            - Undefined Weak Reference
    _printf_post_padding                      - Undefined Weak Reference
    _printf_pre_padding                       - Undefined Weak Reference
    _printf_truncate_unsigned                 - Undefined Weak Reference
    _rand_init                                - Undefined Weak Reference
    _signal_finish                            - Undefined Weak Reference
    _signal_init                              - Undefined Weak Reference
    _terminate_alloc                          - Undefined Weak Reference
    _terminate_user_alloc                     - Undefined Weak Reference
    _terminateio                              - Undefined Weak Reference
    __Vectors_Size                           0x000000ec   Number         0  startup_stm32f10x_md.o ABSOLUTE
    __Vectors                                0x08004000   Data           4  startup_stm32f10x_md.o(RESET)
    __Vectors_End                            0x080040ec   Data           0  startup_stm32f10x_md.o(RESET)
    __main                                   0x080040ed   Thumb Code     8  __main.o(!!!main)
    __scatterload                            0x080040f5   Thumb Code     0  __scatter.o(!!!scatter)
    __scatterload_rt2                        0x080040f5   Thumb Code    44  __scatter.o(!!!scatter)
    __scatterload_rt2_thumb_only             0x080040f5   Thumb Code     0  __scatter.o(!!!scatter)
    __scatterload_null                       0x08004103   Thumb Code     0  __scatter.o(!!!scatter)
    __decompress                             0x08004129   Thumb Code    90  __dczerorl2.o(!!dczerorl2)
    __decompress1                            0x08004129   Thumb Code     0  __dczerorl2.o(!!dczerorl2)
    __scatterload_zeroinit                   0x08004185   Thumb Code    28  __scatter_zi.o(!!handler_zi)
    _printf_percent                          0x080041a1   Thumb Code     0  _printf_percent.o(.ARM.Collect$$_printf_percent$$00000000)
    _printf_x                                0x080041a1   Thumb Code     0  _printf_x.o(.ARM.Collect$$_printf_percent$$0000000C)
    _printf_percent_end                      0x080041a7   Thumb Code     0  _printf_percent_end.o(.ARM.Collect$$_printf_percent$$00000017)
    __rt_lib_init                            0x080041ab   Thumb Code     0  libinit.o(.ARM.Collect$$libinit$$00000000)
    __rt_lib_init_alloca_1                   0x080041ad   Thumb Code     0  libinit2.o(.ARM.Collect$$libinit$$0000002E)
    __rt_lib_init_argv_1                     0x080041ad   Thumb Code     0  libinit2.o(.ARM.Collect$$libinit$$0000002C)
    __rt_lib_init_atexit_1                   0x080041ad   Thumb Code     0  libinit2.o(.ARM.Collect$$libinit$$0000001B)
    __rt_lib_init_clock_1                    0x080041ad   Thumb Code     0  libinit2.o(.ARM.Collect$$libinit$$00000021)
    __rt_lib_init_cpp_1                      0x080041ad   Thumb Code     0  libinit2.o(.ARM.Collect$$libinit$$00000032)
    __rt_lib_init_exceptions_1               0x080041ad   Thumb Code     0  libinit2.o(.ARM.Collect$$libinit$$00000030)
    __rt_lib_init_fp_1                       0x080041ad   Thumb Code     0  libinit2.o(.ARM.Collect$$libinit$$00000002)
    __rt_lib_init_fp_trap_1                  0x080041ad   Thumb Code     0  libinit2.o(.ARM.Collect$$libinit$$0000001F)
    __rt_lib_init_getenv_1                   0x080041ad   Thumb Code     0  libinit2.o(.ARM.Collect$$libinit$$00000023)
    __rt_lib_init_heap_1                     0x080041ad   Thumb Code     0  libinit2.o(.ARM.Collect$$libinit$$0000000A)
    __rt_lib_init_lc_collate_1               0x080041ad   Thumb Code     0  libinit2.o(.ARM.Collect$$libinit$$00000011)
    __rt_lib_init_lc_ctype_1                 0x080041ad   Thumb Code     0  libinit2.o(.ARM.Collect$$libinit$$00000013)
    __rt_lib_init_lc_monetary_1              0x080041ad   Thumb Code     0  libinit2.o(.ARM.Collect$$libinit$$00000015)
    __rt_lib_init_lc_numeric_1               0x080041ad   Thumb Code     0  libinit2.o(.ARM.Collect$$libinit$$00000017)
    __rt_lib_init_lc_time_1                  0x080041ad   Thumb Code     0  libinit2.o(.ARM.Collect$$libinit$$00000019)
    __rt_lib_init_preinit_1                  0x080041ad   Thumb Code     0  libinit2.o(.ARM.Collect$$libinit$$00000004)
    __rt_lib_init_rand_1                     0x080041ad   Thumb Code     0  libinit2.o(.ARM.Collect$$libinit$$0000000E)
    __rt_lib_init_return                     0x080041ad   Thumb Code     0  libinit2.o(.ARM.Collect$$libinit$$00000033)
    __rt_lib_init_signal_1                   0x080041ad   Thumb Code     0  libinit2.o(.ARM.Collect$$libinit$$0000001D)
    __rt_lib_init_stdio_1                    0x080041ad   Thumb Code     0  libinit2.o(.ARM.Collect$$libinit$$00000025)
    __rt_lib_init_user_alloc_1               0x080041ad   Thumb Code     0  libinit2.o(.ARM.Collect$$libinit$$0000000C)
    __rt_lib_shutdown                        0x080041af   Thumb Code     0  libshutdown.o(.ARM.Collect$$libshutdown$$00000000)
    __rt_lib_shutdown_cpp_1                  0x080041b1   Thumb Code     0  libshutdown2.o(.ARM.Collect$$libshutdown$$00000004)
    __rt_lib_shutdown_fini_1                 0x080041b1   Thumb Code     0  libshutdown2.o(.ARM.Collect$$libshutdown$$00000002)
    __rt_lib_shutdown_fp_trap_1              0x080041b1   Thumb Code     0  libshutdown2.o(.ARM.Collect$$libshutdown$$00000009)
    __rt_lib_shutdown_heap_1                 0x080041b1   Thumb Code     0  libshutdown2.o(.ARM.Collect$$libshutdown$$00000011)
    __rt_lib_shutdown_return                 0x080041b1   Thumb Code     0  libshutdown2.o(.ARM.Collect$$libshutdown$$00000012)
    __rt_lib_shutdown_signal_1               0x080041b1   Thumb Code     0  libshutdown2.o(.ARM.Collect$$libshutdown$$0000000C)
    __rt_lib_shutdown_stdio_1                0x080041b1   Thumb Code     0  libshutdown2.o(.ARM.Collect$$libshutdown$$00000006)
    __rt_lib_shutdown_user_alloc_1           0x080041b1   Thumb Code     0  libshutdown2.o(.ARM.Collect$$libshutdown$$0000000E)
    __rt_entry                               0x080041b3   Thumb Code     0  __rtentry.o(.ARM.Collect$$rtentry$$00000000)
    __rt_entry_presh_1                       0x080041b3   Thumb Code     0  __rtentry2.o(.ARM.Collect$$rtentry$$00000002)
    __rt_entry_sh                            0x080041b3   Thumb Code     0  __rtentry4.o(.ARM.Collect$$rtentry$$00000004)
    __rt_entry_li                            0x080041b9   Thumb Code     0  __rtentry2.o(.ARM.Collect$$rtentry$$0000000A)
    __rt_entry_postsh_1                      0x080041b9   Thumb Code     0  __rtentry2.o(.ARM.Collect$$rtentry$$00000009)
    __rt_entry_main                          0x080041bd   Thumb Code     0  __rtentry2.o(.ARM.Collect$$rtentry$$0000000D)
    __rt_entry_postli_1                      0x080041bd   Thumb Code     0  __rtentry2.o(.ARM.Collect$$rtentry$$0000000C)
    __rt_exit                                0x080041c5   Thumb Code     0  rtexit.o(.ARM.Collect$$rtexit$$00000000)
    __rt_exit_ls                             0x080041c7   Thumb Code     0  rtexit2.o(.ARM.Collect$$rtexit$$00000003)
    __rt_exit_prels_1                        0x080041c7   Thumb Code     0  rtexit2.o(.ARM.Collect$$rtexit$$00000002)
    __rt_exit_exit                           0x080041cb   Thumb Code     0  rtexit2.o(.ARM.Collect$$rtexit$$00000004)
    main                                     0x080041d1   Thumb Code    92  main.o(.text)
    NMI_Handler                              0x08004235   Thumb Code     2  stm32f10x_it.o(.text)
    HardFault_Handler                        0x08004237   Thumb Code     4  stm32f10x_it.o(.text)
    MemManage_Handler                        0x0800423b   Thumb Code     4  stm32f10x_it.o(.text)
    BusFault_Handler                         0x0800423f   Thumb Code     4  stm32f10x_it.o(.text)
    UsageFault_Handler                       0x08004243   Thumb Code     4  stm32f10x_it.o(.text)
    SVC_Handler                              0x08004247   Thumb Code     2  stm32f10x_it.o(.text)
    DebugMon_Handler                         0x08004249   Thumb Code     2  stm32f10x_it.o(.text)
    SystemInit                               0x0800432b   Thumb Code    78  system_stm32f10x.o(.text)
    SystemCoreClockUpdate                    0x08004379   Thumb Code   142  system_stm32f10x.o(.text)
    Reset_Handler                            0x0800442d   Thumb Code     8  startup_stm32f10x_md.o(.text)
    ADC1_2_IRQHandler                        0x08004447   Thumb Code     0  startup_stm32f10x_md.o(.text)
    CAN1_RX1_IRQHandler                      0x08004447   Thumb Code     0  startup_stm32f10x_md.o(.text)
    CAN1_SCE_IRQHandler                      0x08004447   Thumb Code     0  startup_stm32f10x_md.o(.text)
    DMA1_Channel1_IRQHandler                 0x08004447   Thumb Code     0  startup_stm32f10x_md.o(.text)
    DMA1_Channel2_IRQHandler                 0x08004447   Thumb Code     0  startup_stm32f10x_md.o(.text)
    DMA1_Channel3_IRQHandler                 0x08004447   Thumb Code     0  startup_stm32f10x_md.o(.text)
    DMA1_Channel4_IRQHandler                 0x08004447   Thumb Code     0  startup_stm32f10x_md.o(.text)
    DMA1_Channel5_IRQHandler                 0x08004447   Thumb Code     0  startup_stm32f10x_md.o(.text)
    DMA1_Channel6_IRQHandler                 0x08004447   Thumb Code     0  startup_stm32f10x_md.o(.text)
    DMA1_Channel7_IRQHandler                 0x08004447   Thumb Code     0  startup_stm32f10x_md.o(.text)
    EXTI0_IRQHandler                         0x08004447   Thumb Code     0  startup_stm32f10x_md.o(.text)
    EXTI15_10_IRQHandler                     0x08004447   Thumb Code     0  startup_stm32f10x_md.o(.text)
    EXTI1_IRQHandler                         0x08004447   Thumb Code     0  startup_stm32f10x_md.o(.text)
    EXTI2_IRQHandler                         0x08004447   Thumb Code     0  startup_stm32f10x_md.o(.text)
    EXTI3_IRQHandler                         0x08004447   Thumb Code     0  startup_stm32f10x_md.o(.text)
    EXTI4_IRQHandler                         0x08004447   Thumb Code     0  startup_stm32f10x_md.o(.text)
    EXTI9_5_IRQHandler                       0x08004447   Thumb Code     0  startup_stm32f10x_md.o(.text)
    FLASH_IRQHandler                         0x08004447   Thumb Code     0  startup_stm32f10x_md.o(.text)
    I2C1_ER_IRQHandler                       0x08004447   Thumb Code     0  startup_stm32f10x_md.o(.text)
    I2C1_EV_IRQHandler                       0x08004447   Thumb Code     0  startup_stm32f10x_md.o(.text)
    I2C2_ER_IRQHandler                       0x08004447   Thumb Code     0  startup_stm32f10x_md.o(.text)
    I2C2_EV_IRQHandler                       0x08004447   Thumb Code     0  startup_stm32f10x_md.o(.text)
    PVD_IRQHandler                           0x08004447   Thumb Code     0  startup_stm32f10x_md.o(.text)
    RCC_IRQHandler                           0x08004447   Thumb Code     0  startup_stm32f10x_md.o(.text)
    RTCAlarm_IRQHandler                      0x08004447   Thumb Code     0  startup_stm32f10x_md.o(.text)
    RTC_IRQHandler                           0x08004447   Thumb Code     0  startup_stm32f10x_md.o(.text)
    SPI1_IRQHandler                          0x08004447   Thumb Code     0  startup_stm32f10x_md.o(.text)
    SPI2_IRQHandler                          0x08004447   Thumb Code     0  startup_stm32f10x_md.o(.text)
    TAMPER_IRQHandler                        0x08004447   Thumb Code     0  startup_stm32f10x_md.o(.text)
    TIM1_BRK_IRQHandler                      0x08004447   Thumb Code     0  startup_stm32f10x_md.o(.text)
    TIM1_CC_IRQHandler                       0x08004447   Thumb Code     0  startup_stm32f10x_md.o(.text)
    TIM1_TRG_COM_IRQHandler                  0x08004447   Thumb Code     0  startup_stm32f10x_md.o(.text)
    TIM1_UP_IRQHandler                       0x08004447   Thumb Code     0  startup_stm32f10x_md.o(.text)
    TIM3_IRQHandler                          0x08004447   Thumb Code     0  startup_stm32f10x_md.o(.text)
    TIM4_IRQHandler                          0x08004447   Thumb Code     0  startup_stm32f10x_md.o(.text)
    USART2_IRQHandler                        0x08004447   Thumb Code     0  startup_stm32f10x_md.o(.text)
    USART3_IRQHandler                        0x08004447   Thumb Code     0  startup_stm32f10x_md.o(.text)
    USBWakeUp_IRQHandler                     0x08004447   Thumb Code     0  startup_stm32f10x_md.o(.text)
    USB_HP_CAN1_TX_IRQHandler                0x08004447   Thumb Code     0  startup_stm32f10x_md.o(.text)
    USB_LP_CAN1_RX0_IRQHandler               0x08004447   Thumb Code     0  startup_stm32f10x_md.o(.text)
    WWDG_IRQHandler                          0x08004447   Thumb Code     0  startup_stm32f10x_md.o(.text)
    __user_initial_stackheap                 0x08004449   Thumb Code     0  startup_stm32f10x_md.o(.text)
    NVIC_PriorityGroupConfig                 0x0800446d   Thumb Code    10  misc.o(.text)
    NVIC_Init                                0x08004477   Thumb Code   100  misc.o(.text)
    NVIC_SetVectorTable                      0x080044db   Thumb Code    14  misc.o(.text)
    NVIC_SystemLPConfig                      0x080044e9   Thumb Code    34  misc.o(.text)
    SysTick_CLKSourceConfig                  0x0800450b   Thumb Code    40  misc.o(.text)
    GPIO_DeInit                              0x08004549   Thumb Code   172  stm32f10x_gpio.o(.text)
    GPIO_AFIODeInit                          0x080045f5   Thumb Code    20  stm32f10x_gpio.o(.text)
    GPIO_Init                                0x08004609   Thumb Code   278  stm32f10x_gpio.o(.text)
    GPIO_StructInit                          0x0800471f   Thumb Code    16  stm32f10x_gpio.o(.text)
    GPIO_ReadInputDataBit                    0x0800472f   Thumb Code    18  stm32f10x_gpio.o(.text)
    GPIO_ReadInputData                       0x08004741   Thumb Code     8  stm32f10x_gpio.o(.text)
    GPIO_ReadOutputDataBit                   0x08004749   Thumb Code    18  stm32f10x_gpio.o(.text)
    GPIO_ReadOutputData                      0x0800475b   Thumb Code     8  stm32f10x_gpio.o(.text)
    GPIO_SetBits                             0x08004763   Thumb Code     4  stm32f10x_gpio.o(.text)
    GPIO_ResetBits                           0x08004767   Thumb Code     4  stm32f10x_gpio.o(.text)
    GPIO_WriteBit                            0x0800476b   Thumb Code    10  stm32f10x_gpio.o(.text)
    GPIO_Write                               0x08004775   Thumb Code     4  stm32f10x_gpio.o(.text)
    GPIO_PinLockConfig                       0x08004779   Thumb Code    18  stm32f10x_gpio.o(.text)
    GPIO_EventOutputConfig                   0x0800478b   Thumb Code    26  stm32f10x_gpio.o(.text)
    GPIO_EventOutputCmd                      0x080047a5   Thumb Code     6  stm32f10x_gpio.o(.text)
    GPIO_PinRemapConfig                      0x080047ab   Thumb Code   138  stm32f10x_gpio.o(.text)
    GPIO_EXTILineConfig                      0x08004835   Thumb Code    66  stm32f10x_gpio.o(.text)
    GPIO_ETH_MediaInterfaceConfig            0x08004877   Thumb Code     8  stm32f10x_gpio.o(.text)
    RCC_DeInit                               0x080048a5   Thumb Code    64  stm32f10x_rcc.o(.text)
    RCC_HSEConfig                            0x080048e5   Thumb Code    70  stm32f10x_rcc.o(.text)
    RCC_GetFlagStatus                        0x0800492b   Thumb Code    56  stm32f10x_rcc.o(.text)
    RCC_WaitForHSEStartUp                    0x08004963   Thumb Code    56  stm32f10x_rcc.o(.text)
    RCC_AdjustHSICalibrationValue            0x0800499b   Thumb Code    20  stm32f10x_rcc.o(.text)
    RCC_HSICmd                               0x080049af   Thumb Code     6  stm32f10x_rcc.o(.text)
    RCC_PLLConfig                            0x080049b5   Thumb Code    24  stm32f10x_rcc.o(.text)
    RCC_PLLCmd                               0x080049cd   Thumb Code     6  stm32f10x_rcc.o(.text)
    RCC_SYSCLKConfig                         0x080049d3   Thumb Code    18  stm32f10x_rcc.o(.text)
    RCC_GetSYSCLKSource                      0x080049e5   Thumb Code    10  stm32f10x_rcc.o(.text)
    RCC_HCLKConfig                           0x080049ef   Thumb Code    18  stm32f10x_rcc.o(.text)
    RCC_PCLK1Config                          0x08004a01   Thumb Code    18  stm32f10x_rcc.o(.text)
    RCC_PCLK2Config                          0x08004a13   Thumb Code    20  stm32f10x_rcc.o(.text)
    RCC_ITConfig                             0x08004a27   Thumb Code    26  stm32f10x_rcc.o(.text)
    RCC_USBCLKConfig                         0x08004a41   Thumb Code     8  stm32f10x_rcc.o(.text)
    RCC_ADCCLKConfig                         0x08004a49   Thumb Code    18  stm32f10x_rcc.o(.text)
    RCC_LSEConfig                            0x08004a5b   Thumb Code    50  stm32f10x_rcc.o(.text)
    RCC_LSICmd                               0x08004a8d   Thumb Code     6  stm32f10x_rcc.o(.text)
    RCC_RTCCLKConfig                         0x08004a93   Thumb Code    12  stm32f10x_rcc.o(.text)
    RCC_RTCCLKCmd                            0x08004a9f   Thumb Code     8  stm32f10x_rcc.o(.text)
    RCC_GetClocksFreq                        0x08004aa7   Thumb Code   192  stm32f10x_rcc.o(.text)
    RCC_AHBPeriphClockCmd                    0x08004b67   Thumb Code    26  stm32f10x_rcc.o(.text)
    RCC_APB2PeriphClockCmd                   0x08004b81   Thumb Code    26  stm32f10x_rcc.o(.text)
    RCC_APB1PeriphClockCmd                   0x08004b9b   Thumb Code    26  stm32f10x_rcc.o(.text)
    RCC_APB2PeriphResetCmd                   0x08004bb5   Thumb Code    26  stm32f10x_rcc.o(.text)
    RCC_APB1PeriphResetCmd                   0x08004bcf   Thumb Code    26  stm32f10x_rcc.o(.text)
    RCC_BackupResetCmd                       0x08004be9   Thumb Code     8  stm32f10x_rcc.o(.text)
    RCC_ClockSecuritySystemCmd               0x08004bf1   Thumb Code     6  stm32f10x_rcc.o(.text)
    RCC_MCOConfig                            0x08004bf7   Thumb Code     6  stm32f10x_rcc.o(.text)
    RCC_ClearFlag                            0x08004bfd   Thumb Code    14  stm32f10x_rcc.o(.text)
    RCC_GetITStatus                          0x08004c0b   Thumb Code    20  stm32f10x_rcc.o(.text)
    RCC_ClearITPendingBit                    0x08004c1f   Thumb Code     6  stm32f10x_rcc.o(.text)
    USART_DeInit                             0x08004c49   Thumb Code   134  stm32f10x_usart.o(.text)
    USART_Init                               0x08004ccf   Thumb Code   210  stm32f10x_usart.o(.text)
    USART_StructInit                         0x08004da1   Thumb Code    24  stm32f10x_usart.o(.text)
    USART_ClockInit                          0x08004db9   Thumb Code    34  stm32f10x_usart.o(.text)
    USART_ClockStructInit                    0x08004ddb   Thumb Code    12  stm32f10x_usart.o(.text)
    USART_Cmd                                0x08004de7   Thumb Code    24  stm32f10x_usart.o(.text)
    USART_ITConfig                           0x08004dff   Thumb Code    74  stm32f10x_usart.o(.text)
    USART_DMACmd                             0x08004e49   Thumb Code    18  stm32f10x_usart.o(.text)
    USART_SetAddress                         0x08004e5b   Thumb Code    18  stm32f10x_usart.o(.text)
    USART_WakeUpConfig                       0x08004e6d   Thumb Code    18  stm32f10x_usart.o(.text)
    USART_ReceiverWakeUpCmd                  0x08004e7f   Thumb Code    24  stm32f10x_usart.o(.text)
    USART_LINBreakDetectLengthConfig         0x08004e97   Thumb Code    18  stm32f10x_usart.o(.text)
    USART_LINCmd                             0x08004ea9   Thumb Code    24  stm32f10x_usart.o(.text)
    USART_SendData                           0x08004ec1   Thumb Code     8  stm32f10x_usart.o(.text)
    USART_ReceiveData                        0x08004ec9   Thumb Code    10  stm32f10x_usart.o(.text)
    USART_SendBreak                          0x08004ed3   Thumb Code    10  stm32f10x_usart.o(.text)
    USART_SetGuardTime                       0x08004edd   Thumb Code    16  stm32f10x_usart.o(.text)
    USART_SetPrescaler                       0x08004eed   Thumb Code    16  stm32f10x_usart.o(.text)
    USART_SmartCardCmd                       0x08004efd   Thumb Code    24  stm32f10x_usart.o(.text)
    USART_SmartCardNACKCmd                   0x08004f15   Thumb Code    24  stm32f10x_usart.o(.text)
    USART_HalfDuplexCmd                      0x08004f2d   Thumb Code    24  stm32f10x_usart.o(.text)
    USART_OverSampling8Cmd                   0x08004f45   Thumb Code    22  stm32f10x_usart.o(.text)
    USART_OneBitMethodCmd                    0x08004f5b   Thumb Code    24  stm32f10x_usart.o(.text)
    USART_IrDAConfig                         0x08004f73   Thumb Code    18  stm32f10x_usart.o(.text)
    USART_IrDACmd                            0x08004f85   Thumb Code    24  stm32f10x_usart.o(.text)
    USART_GetFlagStatus                      0x08004f9d   Thumb Code    26  stm32f10x_usart.o(.text)
    USART_ClearFlag                          0x08004fb7   Thumb Code    18  stm32f10x_usart.o(.text)
    USART_GetITStatus                        0x08004fc9   Thumb Code    84  stm32f10x_usart.o(.text)
    USART_ClearITPendingBit                  0x0800501d   Thumb Code    52  stm32f10x_usart.o(.text)
    TIM_DeInit                               0x08005051   Thumb Code   424  stm32f10x_tim.o(.text)
    TIM_TimeBaseInit                         0x080051f9   Thumb Code   122  stm32f10x_tim.o(.text)
    TIM_OC1Init                              0x08005273   Thumb Code   132  stm32f10x_tim.o(.text)
    TIM_OC2Init                              0x080052f7   Thumb Code   154  stm32f10x_tim.o(.text)
    TIM_OC3Init                              0x08005391   Thumb Code   150  stm32f10x_tim.o(.text)
    TIM_OC4Init                              0x08005427   Thumb Code   182  stm32f10x_tim.o(.text)
    TIM_SetIC4Prescaler                      0x080054dd   Thumb Code    26  stm32f10x_tim.o(.text)
    TIM_SetIC3Prescaler                      0x08005579   Thumb Code    18  stm32f10x_tim.o(.text)
    TIM_SetIC2Prescaler                      0x08005605   Thumb Code    26  stm32f10x_tim.o(.text)
    TIM_SetIC1Prescaler                      0x080056a1   Thumb Code    18  stm32f10x_tim.o(.text)
    TIM_ICInit                               0x0800571f   Thumb Code   150  stm32f10x_tim.o(.text)
    TIM_PWMIConfig                           0x080057b5   Thumb Code   124  stm32f10x_tim.o(.text)
    TIM_BDTRConfig                           0x08005831   Thumb Code    32  stm32f10x_tim.o(.text)
    TIM_TimeBaseStructInit                   0x08005851   Thumb Code    18  stm32f10x_tim.o(.text)
    TIM_OCStructInit                         0x08005863   Thumb Code    20  stm32f10x_tim.o(.text)
    TIM_ICStructInit                         0x08005877   Thumb Code    18  stm32f10x_tim.o(.text)
    TIM_BDTRStructInit                       0x08005889   Thumb Code    40  stm32f10x_tim.o(.text)
    TIM_Cmd                                  0x080058b1   Thumb Code    24  stm32f10x_tim.o(.text)
    TIM_CtrlPWMOutputs                       0x080058c9   Thumb Code    30  stm32f10x_tim.o(.text)
    TIM_ITConfig                             0x080058e7   Thumb Code    18  stm32f10x_tim.o(.text)
    TIM_GenerateEvent                        0x080058f9   Thumb Code     4  stm32f10x_tim.o(.text)
    TIM_DMAConfig                            0x080058fd   Thumb Code    10  stm32f10x_tim.o(.text)
    TIM_DMACmd                               0x08005907   Thumb Code    18  stm32f10x_tim.o(.text)
    TIM_InternalClockConfig                  0x08005919   Thumb Code    12  stm32f10x_tim.o(.text)
    TIM_SelectInputTrigger                   0x08005925   Thumb Code    18  stm32f10x_tim.o(.text)
    TIM_ITRxExternalClockConfig              0x08005937   Thumb Code    24  stm32f10x_tim.o(.text)
    TIM_TIxExternalClockConfig               0x0800594f   Thumb Code    62  stm32f10x_tim.o(.text)
    TIM_ETRConfig                            0x0800598d   Thumb Code    28  stm32f10x_tim.o(.text)
    TIM_ETRClockMode1Config                  0x080059a9   Thumb Code    54  stm32f10x_tim.o(.text)
    TIM_ETRClockMode2Config                  0x080059df   Thumb Code    32  stm32f10x_tim.o(.text)
    TIM_PrescalerConfig                      0x080059ff   Thumb Code     6  stm32f10x_tim.o(.text)
    TIM_CounterModeConfig                    0x08005a05   Thumb Code    18  stm32f10x_tim.o(.text)
    TIM_EncoderInterfaceConfig               0x08005a17   Thumb Code    66  stm32f10x_tim.o(.text)
    TIM_ForcedOC1Config                      0x08005a59   Thumb Code    18  stm32f10x_tim.o(.text)
    TIM_ForcedOC2Config                      0x08005a6b   Thumb Code    26  stm32f10x_tim.o(.text)
    TIM_ForcedOC3Config                      0x08005a85   Thumb Code    18  stm32f10x_tim.o(.text)
    TIM_ForcedOC4Config                      0x08005a97   Thumb Code    26  stm32f10x_tim.o(.text)
    TIM_ARRPreloadConfig                     0x08005ab1   Thumb Code    24  stm32f10x_tim.o(.text)
    TIM_SelectCOM                            0x08005ac9   Thumb Code    24  stm32f10x_tim.o(.text)
    TIM_SelectCCDMA                          0x08005ae1   Thumb Code    24  stm32f10x_tim.o(.text)
    TIM_CCPreloadControl                     0x08005af9   Thumb Code    24  stm32f10x_tim.o(.text)
    TIM_OC1PreloadConfig                     0x08005b11   Thumb Code    18  stm32f10x_tim.o(.text)
    TIM_OC2PreloadConfig                     0x08005b23   Thumb Code    26  stm32f10x_tim.o(.text)
    TIM_OC3PreloadConfig                     0x08005b3d   Thumb Code    18  stm32f10x_tim.o(.text)
    TIM_OC4PreloadConfig                     0x08005b4f   Thumb Code    26  stm32f10x_tim.o(.text)
    TIM_OC1FastConfig                        0x08005b69   Thumb Code    18  stm32f10x_tim.o(.text)
    TIM_OC2FastConfig                        0x08005b7b   Thumb Code    26  stm32f10x_tim.o(.text)
    TIM_OC3FastConfig                        0x08005b95   Thumb Code    18  stm32f10x_tim.o(.text)
    TIM_OC4FastConfig                        0x08005ba7   Thumb Code    26  stm32f10x_tim.o(.text)
    TIM_ClearOC1Ref                          0x08005bc1   Thumb Code    18  stm32f10x_tim.o(.text)
    TIM_ClearOC2Ref                          0x08005bd3   Thumb Code    24  stm32f10x_tim.o(.text)
    TIM_ClearOC3Ref                          0x08005beb   Thumb Code    18  stm32f10x_tim.o(.text)
    TIM_ClearOC4Ref                          0x08005bfd   Thumb Code    24  stm32f10x_tim.o(.text)
    TIM_OC1PolarityConfig                    0x08005c15   Thumb Code    18  stm32f10x_tim.o(.text)
    TIM_OC1NPolarityConfig                   0x08005c27   Thumb Code    18  stm32f10x_tim.o(.text)
    TIM_OC2PolarityConfig                    0x08005c39   Thumb Code    26  stm32f10x_tim.o(.text)
    TIM_OC2NPolarityConfig                   0x08005c53   Thumb Code    26  stm32f10x_tim.o(.text)
    TIM_OC3PolarityConfig                    0x08005c6d   Thumb Code    26  stm32f10x_tim.o(.text)
    TIM_OC3NPolarityConfig                   0x08005c87   Thumb Code    26  stm32f10x_tim.o(.text)
    TIM_OC4PolarityConfig                    0x08005ca1   Thumb Code    26  stm32f10x_tim.o(.text)
    TIM_CCxCmd                               0x08005cbb   Thumb Code    30  stm32f10x_tim.o(.text)
    TIM_CCxNCmd                              0x08005cd9   Thumb Code    30  stm32f10x_tim.o(.text)
    TIM_SelectOCxM                           0x08005cf7   Thumb Code    82  stm32f10x_tim.o(.text)
    TIM_UpdateDisableConfig                  0x08005d49   Thumb Code    24  stm32f10x_tim.o(.text)
    TIM_UpdateRequestConfig                  0x08005d61   Thumb Code    24  stm32f10x_tim.o(.text)
    TIM_SelectHallSensor                     0x08005d79   Thumb Code    24  stm32f10x_tim.o(.text)
    TIM_SelectOnePulseMode                   0x08005d91   Thumb Code    18  stm32f10x_tim.o(.text)
    TIM_SelectOutputTrigger                  0x08005da3   Thumb Code    18  stm32f10x_tim.o(.text)
    TIM_SelectSlaveMode                      0x08005db5   Thumb Code    18  stm32f10x_tim.o(.text)
    TIM_SelectMasterSlaveMode                0x08005dc7   Thumb Code    18  stm32f10x_tim.o(.text)
    TIM_SetCounter                           0x08005dd9   Thumb Code     4  stm32f10x_tim.o(.text)
    TIM_SetAutoreload                        0x08005ddd   Thumb Code     4  stm32f10x_tim.o(.text)
    TIM_SetCompare1                          0x08005de1   Thumb Code     4  stm32f10x_tim.o(.text)
    TIM_SetCompare2                          0x08005de5   Thumb Code     4  stm32f10x_tim.o(.text)
    TIM_SetCompare3                          0x08005de9   Thumb Code     4  stm32f10x_tim.o(.text)
    TIM_SetCompare4                          0x08005ded   Thumb Code     6  stm32f10x_tim.o(.text)
    TIM_SetClockDivision                     0x08005df3   Thumb Code    18  stm32f10x_tim.o(.text)
    TIM_GetCapture1                          0x08005e05   Thumb Code     6  stm32f10x_tim.o(.text)
    TIM_GetCapture2                          0x08005e0b   Thumb Code     6  stm32f10x_tim.o(.text)
    TIM_GetCapture3                          0x08005e11   Thumb Code     6  stm32f10x_tim.o(.text)
    TIM_GetCapture4                          0x08005e17   Thumb Code     8  stm32f10x_tim.o(.text)
    TIM_GetCounter                           0x08005e1f   Thumb Code     6  stm32f10x_tim.o(.text)
    TIM_GetPrescaler                         0x08005e25   Thumb Code     6  stm32f10x_tim.o(.text)
    TIM_GetFlagStatus                        0x08005e2b   Thumb Code    18  stm32f10x_tim.o(.text)
    TIM_ClearFlag                            0x08005e3d   Thumb Code     6  stm32f10x_tim.o(.text)
    TIM_GetITStatus                          0x08005e43   Thumb Code    34  stm32f10x_tim.o(.text)
    TIM_ClearITPendingBit                    0x08005e65   Thumb Code     6  stm32f10x_tim.o(.text)
    FLASH_SetLatency                         0x08005e6d   Thumb Code    18  stm32f10x_flash.o(.text)
    FLASH_HalfCycleAccessCmd                 0x08005e7f   Thumb Code    22  stm32f10x_flash.o(.text)
    FLASH_PrefetchBufferCmd                  0x08005e95   Thumb Code    22  stm32f10x_flash.o(.text)
    FLASH_Unlock                             0x08005eab   Thumb Code    12  stm32f10x_flash.o(.text)
    FLASH_UnlockBank1                        0x08005eb7   Thumb Code    12  stm32f10x_flash.o(.text)
    FLASH_Lock                               0x08005ec3   Thumb Code    14  stm32f10x_flash.o(.text)
    FLASH_LockBank1                          0x08005ed1   Thumb Code    14  stm32f10x_flash.o(.text)
    FLASH_GetBank1Status                     0x08005edf   Thumb Code    48  stm32f10x_flash.o(.text)
    FLASH_WaitForLastOperation               0x08005f0f   Thumb Code    38  stm32f10x_flash.o(.text)
    FLASH_ErasePage                          0x08005f35   Thumb Code    72  stm32f10x_flash.o(.text)
    FLASH_EraseAllPages                      0x08005f7d   Thumb Code    68  stm32f10x_flash.o(.text)
    FLASH_WaitForLastBank1Operation          0x08005fc1   Thumb Code    38  stm32f10x_flash.o(.text)
    FLASH_EraseAllBank1Pages                 0x08005fe7   Thumb Code    68  stm32f10x_flash.o(.text)
    FLASH_GetReadOutProtectionStatus         0x0800602b   Thumb Code    20  stm32f10x_flash.o(.text)
    FLASH_EraseOptionBytes                   0x0800603f   Thumb Code   150  stm32f10x_flash.o(.text)
    FLASH_ProgramWord                        0x080060d5   Thumb Code   102  stm32f10x_flash.o(.text)
    FLASH_ProgramHalfWord                    0x0800613b   Thumb Code    60  stm32f10x_flash.o(.text)
    FLASH_ProgramOptionByteData              0x08006177   Thumb Code    72  stm32f10x_flash.o(.text)
    FLASH_EnableWriteProtection              0x080061bf   Thumb Code   200  stm32f10x_flash.o(.text)
    FLASH_ReadOutProtection                  0x08006287   Thumb Code   156  stm32f10x_flash.o(.text)
    FLASH_UserOptionByteConfig               0x08006323   Thumb Code    88  stm32f10x_flash.o(.text)
    FLASH_GetUserOptionByte                  0x0800637b   Thumb Code     8  stm32f10x_flash.o(.text)
    FLASH_GetWriteProtectionOptionByte       0x08006383   Thumb Code     6  stm32f10x_flash.o(.text)
    FLASH_GetPrefetchBufferStatus            0x08006389   Thumb Code    20  stm32f10x_flash.o(.text)
    FLASH_ITConfig                           0x0800639d   Thumb Code    26  stm32f10x_flash.o(.text)
    FLASH_GetFlagStatus                      0x080063b7   Thumb Code    42  stm32f10x_flash.o(.text)
    FLASH_ClearFlag                          0x080063e1   Thumb Code     6  stm32f10x_flash.o(.text)
    FLASH_GetStatus                          0x080063e7   Thumb Code    48  stm32f10x_flash.o(.text)
    IWDG_WriteAccessCmd                      0x08006429   Thumb Code     6  stm32f10x_iwdg.o(.text)
    IWDG_SetPrescaler                        0x0800642f   Thumb Code     6  stm32f10x_iwdg.o(.text)
    IWDG_SetReload                           0x08006435   Thumb Code     6  stm32f10x_iwdg.o(.text)
    IWDG_ReloadCounter                       0x0800643b   Thumb Code    10  stm32f10x_iwdg.o(.text)
    IWDG_Enable                              0x08006445   Thumb Code    10  stm32f10x_iwdg.o(.text)
    IWDG_GetFlagStatus                       0x0800644f   Thumb Code    20  stm32f10x_iwdg.o(.text)
    delay_osschedlock                        0x08006469   Thumb Code     8  delay.o(.text)
    delay_osschedunlock                      0x08006471   Thumb Code     8  delay.o(.text)
    delay_ostimedly                          0x08006479   Thumb Code    12  delay.o(.text)
    SysTick_Handler                          0x08006485   Thumb Code    24  delay.o(.text)
    delay_init                               0x0800649d   Thumb Code    76  delay.o(.text)
    delay_us                                 0x080064e9   Thumb Code    86  delay.o(.text)
    delay_ms                                 0x0800653f   Thumb Code    66  delay.o(.text)
    LED_Init                                 0x08006599   Thumb Code    50  led.o(.text)
    _sys_exit                                0x080065d1   Thumb Code     4  uart.o(.text)
    _ttywrch                                 0x080065d5   Thumb Code     4  uart.o(.text)
    fputc                                    0x080065d9   Thumb Code    24  uart.o(.text)
    UART_Init                                0x080065f1   Thumb Code   152  uart.o(.text)
    SendByte                                 0x08006689   Thumb Code    28  uart.o(.text)
    CRCCheckout                              0x080066a5   Thumb Code    64  uart.o(.text)
    SendData                                 0x080066e5   Thumb Code    84  uart.o(.text)
    USART1_IRQHandler                        0x08006739   Thumb Code   250  uart.o(.text)
    PrintFloat                               0x08006833   Thumb Code    48  uart.o(.text)
    PrintInt                                 0x08006863   Thumb Code    36  uart.o(.text)
    PrintText                                0x08006887   Thumb Code    28  uart.o(.text)
    TIM2_Int_Init                            0x080068e1   Thumb Code    92  timer.o(.text)
    TIM2_IRQHandler                          0x0800693d   Thumb Code    22  timer.o(.text)
    TIM3_PWM_Init                            0x08006955   Thumb Code   130  pwm.o(.text)
    iwdg_task                                0x080069e1   Thumb Code    32  systask.o(.text)
    led_task                                 0x08006a01   Thumb Code    12  systask.o(.text)
    watch_task                               0x08006a0d   Thumb Code   118  systask.o(.text)
    display_task                             0x08006a83   Thumb Code   136  systask.o(.text)
    OpenDoor                                 0x08006b0b   Thumb Code    72  systask.o(.text)
    handle_task                              0x08006b53   Thumb Code   462  systask.o(.text)
    start_task                               0x08006d21   Thumb Code   102  systask.o(.text)
    STMFLASH_ReadHalfWord                    0x08006e49   Thumb Code     6  stmflash.o(.text)
    STMFLASH_Write_NoCheck                   0x08006e4f   Thumb Code    38  stmflash.o(.text)
    STMFLASH_Read                            0x08006e75   Thumb Code    34  stmflash.o(.text)
    STMFLASH_Write                           0x08006e97   Thumb Code   222  stmflash.o(.text)
    Test_Write                               0x08006f75   Thumb Code    16  stmflash.o(.text)
    SPI_RC522_SendByte                       0x08006f8d   Thumb Code    62  rc522.o(.text)
    WriteRawRC                               0x08006fcb   Thumb Code    42  rc522.o(.text)
    SPI_RC522_ReadByte                       0x08006ff5   Thumb Code    54  rc522.o(.text)
    ReadRawRC                                0x0800702b   Thumb Code    46  rc522.o(.text)
    SetBitMask                               0x08007059   Thumb Code    26  rc522.o(.text)
    ClearBitMask                             0x08007073   Thumb Code    26  rc522.o(.text)
    PcdComMF522                              0x0800708d   Thumb Code   306  rc522.o(.text)
    CalulateCRC                              0x080071bf   Thumb Code   108  rc522.o(.text)
    PcdSelect                                0x0800722b   Thumb Code   114  rc522.o(.text)
    PcdAnticoll                              0x0800729d   Thumb Code   114  rc522.o(.text)
    PcdRequest                               0x0800730f   Thumb Code    86  rc522.o(.text)
    PrepareOperateCard                       0x08007365   Thumb Code    52  rc522.o(.text)
    PcdHalt                                  0x08007399   Thumb Code    50  rc522.o(.text)
    GetICID                                  0x080073cb   Thumb Code    24  rc522.o(.text)
    PcdRead                                  0x080073e3   Thumb Code    86  rc522.o(.text)
    PcdAuthState                             0x08007439   Thumb Code   112  rc522.o(.text)
    ReadBlock                                0x080074a9   Thumb Code    48  rc522.o(.text)
    PcdWrite                                 0x080074d9   Thumb Code   152  rc522.o(.text)
    WriteBlock                               0x08007571   Thumb Code    48  rc522.o(.text)
    PcdReset                                 0x080075a1   Thumb Code   124  rc522.o(.text)
    RC522_Init                               0x080076c5   Thumb Code    28  rc522.o(.text)
    PcdAntennaOn                             0x080076e1   Thumb Code    26  rc522.o(.text)
    PcdAntennaOff                            0x080076fb   Thumb Code    12  rc522.o(.text)
    M500PcdConfigISOType                     0x08007707   Thumb Code    84  rc522.o(.text)
    IC_CMT                                   0x0800775b   Thumb Code    72  rc522.o(.text)
    Iwdg_Init                                0x080077bd   Thumb Code    34  iwdg.o(.text)
    Key_Init                                 0x080077e1   Thumb Code   148  key.o(.text)
    ScanKey                                  0x08007875   Thumb Code   196  key.o(.text)
    DHT11_Init                               0x08007961   Thumb Code    12  dht11.o(.text)
    DatLineOut                               0x0800796d   Thumb Code    38  dht11.o(.text)
    DatLineIn                                0x08007993   Thumb Code    24  dht11.o(.text)
    DHT11_Start                              0x080079ab   Thumb Code    96  dht11.o(.text)
    DHT11_ReadData                           0x08007a5f   Thumb Code   258  dht11.o(.text)
    AddEndChar                               0x08007b7d   Thumb Code    30  str.o(.text)
    CutEndChar                               0x08007b9b   Thumb Code    24  str.o(.text)
    ClearStr                                 0x08007bb3   Thumb Code    22  str.o(.text)
    GetStrLen                                0x08007bc9   Thumb Code    20  str.o(.text)
    AddStr                                   0x08007bdd   Thumb Code    42  str.o(.text)
    CompareStr                               0x08007c07   Thumb Code    62  str.o(.text)
    IntToHex                                 0x08007c45   Thumb Code    70  str.o(.text)
    IntToString                              0x08007c8b   Thumb Code    80  str.o(.text)
    FloatToString                            0x08007cdb   Thumb Code   248  str.o(.text)
    StrToInt                                 0x08007dd3   Thumb Code   132  str.o(.text)
    StrToFloat                               0x08007e57   Thumb Code   316  str.o(.text)
    OS_TaskStatStkChk                        0x08007fa9   Thumb Code    54  os_core.o(.text)
    OS_TaskStat                              0x08007fdf   Thumb Code   116  os_core.o(.text)
    OS_TaskIdle                              0x08008087   Thumb Code    34  os_core.o(.text)
    OS_MemClr                                0x080080dd   Thumb Code    18  os_core.o(.text)
    OSInit                                   0x080081ed   Thumb Code    44  os_core.o(.text)
    OSIntEnter                               0x08008219   Thumb Code    28  os_core.o(.text)
    OSIntExit                                0x0800824f   Thumb Code   112  os_core.o(.text)
    OSSchedLock                              0x080082bf   Thumb Code    50  os_core.o(.text)
    OS_Sched                                 0x080082f1   Thumb Code    88  os_core.o(.text)
    OSSchedUnlock                            0x08008349   Thumb Code   232  os_core.o(.text)
    OSStart                                  0x08008431   Thumb Code    48  os_core.o(.text)
    OSStatInit                               0x08008461   Thumb Code    62  os_core.o(.text)
    OSTimeTick                               0x0800849f   Thumb Code   210  os_core.o(.text)
    OSVersion                                0x08008571   Thumb Code     6  os_core.o(.text)
    OS_Dummy                                 0x08008577   Thumb Code     2  os_core.o(.text)
    OS_EventTaskRemove                       0x08008579   Thumb Code    42  os_core.o(.text)
    OS_EventTaskRdy                          0x080085a3   Thumb Code   114  os_core.o(.text)
    OS_EventTaskWait                         0x08008615   Thumb Code   112  os_core.o(.text)
    OS_EventWaitListInit                     0x08008685   Thumb Code    28  os_core.o(.text)
    OS_MemCopy                               0x080086a1   Thumb Code    20  os_core.o(.text)
    OS_StrLen                                0x080086b5   Thumb Code    20  os_core.o(.text)
    OS_TCBInit                               0x080086c9   Thumb Code   280  os_core.o(.text)
    OSFlagAccept                             0x08008825   Thumb Code   252  os_flag.o(.text)
    OSFlagCreate                             0x08008921   Thumb Code    86  os_flag.o(.text)
    OS_FlagUnlink                            0x08008977   Thumb Code    36  os_flag.o(.text)
    OSFlagDel                                0x080089ed   Thumb Code   214  os_flag.o(.text)
    OSFlagNameGet                            0x08008ac3   Thumb Code    80  os_flag.o(.text)
    OSFlagNameSet                            0x08008b13   Thumb Code    66  os_flag.o(.text)
    OSFlagPend                               0x08008bed   Thumb Code   614  os_flag.o(.text)
    OSFlagPendGetFlagsRdy                    0x08008e53   Thumb Code    26  os_flag.o(.text)
    OSFlagPost                               0x08008e6d   Thumb Code   312  os_flag.o(.text)
    OSFlagQuery                              0x08008fa5   Thumb Code    48  os_flag.o(.text)
    OS_FlagInit                              0x08008fd5   Thumb Code    78  os_flag.o(.text)
    OSQAccept                                0x08009031   Thumb Code    88  os_q.o(.text)
    OSQCreate                                0x08009089   Thumb Code   140  os_q.o(.text)
    OSQDel                                   0x08009115   Thumb Code   236  os_q.o(.text)
    OSQFlush                                 0x08009201   Thumb Code    36  os_q.o(.text)
    OSQPend                                  0x08009225   Thumb Code   272  os_q.o(.text)
    OSQPendAbort                             0x08009335   Thumb Code   128  os_q.o(.text)
    OSQPost                                  0x080093b5   Thumb Code   114  os_q.o(.text)
    OSQPostFront                             0x08009427   Thumb Code   136  os_q.o(.text)
    OSQPostOpt                               0x080094af   Thumb Code   182  os_q.o(.text)
    OSQQuery                                 0x08009565   Thumb Code    98  os_q.o(.text)
    OS_QInit                                 0x080095c7   Thumb Code    72  os_q.o(.text)
    OSTaskChangePrio                         0x08009619   Thumb Code   308  os_task.o(.text)
    OSTaskCreate                             0x0800974d   Thumb Code   148  os_task.o(.text)
    OS_TaskStkClr                            0x080097e1   Thumb Code    26  os_task.o(.text)
    OSTaskCreateExt                          0x080097fb   Thumb Code   170  os_task.o(.text)
    OSTaskDel                                0x080098a5   Thumb Code   294  os_task.o(.text)
    OSTaskDelReq                             0x080099cb   Thumb Code   144  os_task.o(.text)
    OSTaskNameGet                            0x08009a5b   Thumb Code   114  os_task.o(.text)
    OSTaskNameSet                            0x08009acd   Thumb Code    98  os_task.o(.text)
    OSTaskResume                             0x08009b2f   Thumb Code   154  os_task.o(.text)
    OSTaskStkChk                             0x08009bc9   Thumb Code   132  os_task.o(.text)
    OSTaskSuspend                            0x08009c4d   Thumb Code   152  os_task.o(.text)
    OSTaskQuery                              0x08009ce5   Thumb Code    82  os_task.o(.text)
    OSTaskRegGet                             0x08009d37   Thumb Code    60  os_task.o(.text)
    OSTaskRegSet                             0x08009d73   Thumb Code    62  os_task.o(.text)
    OS_TaskReturn                            0x08009db1   Thumb Code    18  os_task.o(.text)
    OSTimeDly                                0x08009ddd   Thumb Code   100  os_time.o(.text)
    OSTimeDlyHMSM                            0x08009e41   Thumb Code    86  os_time.o(.text)
    OSTimeDlyResume                          0x08009e97   Thumb Code   168  os_time.o(.text)
    OSTimeGet                                0x08009f3f   Thumb Code    24  os_time.o(.text)
    OSTimeSet                                0x08009f57   Thumb Code    24  os_time.o(.text)
    OS_CPU_SR_Save                           0x08009f8d   Thumb Code     0  os_cpu_a.o(.text)
    OS_CPU_SR_Restore                        0x08009f95   Thumb Code     0  os_cpu_a.o(.text)
    OSStartHighRdy                           0x08009f9b   Thumb Code     0  os_cpu_a.o(.text)
    OSCtxSw                                  0x08009fbd   Thumb Code     0  os_cpu_a.o(.text)
    OSIntCtxSw                               0x08009fcb   Thumb Code     0  os_cpu_a.o(.text)
    PendSV_Handler                           0x08009fdb   Thumb Code     0  os_cpu_a.o(.text)
    OSInitHookBegin                          0x0800a041   Thumb Code     2  os_cpu_c.o(.text)
    OSInitHookEnd                            0x0800a043   Thumb Code     2  os_cpu_c.o(.text)
    OSTaskCreateHook                         0x0800a045   Thumb Code     2  os_cpu_c.o(.text)
    OSTaskDelHook                            0x0800a047   Thumb Code     2  os_cpu_c.o(.text)
    OSTaskIdleHook                           0x0800a049   Thumb Code     2  os_cpu_c.o(.text)
    OSTaskStatHook                           0x0800a04b   Thumb Code     2  os_cpu_c.o(.text)
    OSTaskStkInit                            0x0800a04d   Thumb Code   154  os_cpu_c.o(.text)
    OSTaskSwHook                             0x0800a0e7   Thumb Code     2  os_cpu_c.o(.text)
    OSTCBInitHook                            0x0800a0e9   Thumb Code     2  os_cpu_c.o(.text)
    OSTimeTickHook                           0x0800a0eb   Thumb Code     2  os_cpu_c.o(.text)
    OSTaskReturnHook                         0x0800a0ed   Thumb Code     2  os_cpu_c.o(.text)
    __use_no_semihosting                     0x0800a0ef   Thumb Code     2  use_no_semi_2.o(.text)
    __2printf                                0x0800a0f1   Thumb Code    20  noretval__2printf.o(.text)
    __printf                                 0x0800a109   Thumb Code   104  __printf.o(.text)
    _printf_int_hex                          0x0800a171   Thumb Code    84  _printf_hex_int.o(.text)
    _printf_longlong_hex                     0x0800a171   Thumb Code     0  _printf_hex_int.o(.text)
    __use_two_region_memory                  0x0800a1c9   Thumb Code     2  heapauxi.o(.text)
    __rt_heap_escrow$2region                 0x0800a1cb   Thumb Code     2  heapauxi.o(.text)
    __rt_heap_expand$2region                 0x0800a1cd   Thumb Code     2  heapauxi.o(.text)
    __I$use$semihosting                      0x0800a1cf   Thumb Code     0  use_no_semi.o(.text)
    __use_no_semihosting_swi                 0x0800a1cf   Thumb Code     2  use_no_semi.o(.text)
    _printf_int_common                       0x0800a1d1   Thumb Code   178  _printf_intcommon.o(.text)
    _printf_char_file                        0x0800a285   Thumb Code    32  _printf_char_file.o(.text)
    _printf_char_common                      0x0800a2b3   Thumb Code    32  _printf_char_common.o(.text)
    ferror                                   0x0800a2d9   Thumb Code     8  ferror.o(.text)
    __user_setup_stackheap                   0x0800a2e1   Thumb Code    74  sys_stackheap_outer.o(.text)
    exit                                     0x0800a32b   Thumb Code    18  exit.o(.text)
    __user_libspace                          0x0800a33d   Thumb Code     8  libspace.o(.text)
    __user_perproc_libspace                  0x0800a33d   Thumb Code     0  libspace.o(.text)
    __user_perthread_libspace                0x0800a33d   Thumb Code     0  libspace.o(.text)
    __aeabi_d2f                              0x0800a345   Thumb Code     0  d2f.o(x$fpl$d2f)
    _d2f                                     0x0800a345   Thumb Code    98  d2f.o(x$fpl$d2f)
    __aeabi_dadd                             0x0800a3a9   Thumb Code     0  daddsub_clz.o(x$fpl$dadd)
    _dadd                                    0x0800a3a9   Thumb Code   332  daddsub_clz.o(x$fpl$dadd)
    __fpl_dcmp_Inf                           0x0800a4f9   Thumb Code    24  dcmpi.o(x$fpl$dcmpinf)
    __aeabi_ddiv                             0x0800a511   Thumb Code     0  ddiv.o(x$fpl$ddiv)
    _ddiv                                    0x0800a511   Thumb Code   552  ddiv.o(x$fpl$ddiv)
    __aeabi_d2iz                             0x0800a7c1   Thumb Code     0  dfix.o(x$fpl$dfix)
    _dfix                                    0x0800a7c1   Thumb Code    94  dfix.o(x$fpl$dfix)
    __aeabi_i2d                              0x0800a81f   Thumb Code     0  dflt_clz.o(x$fpl$dflt)
    _dflt                                    0x0800a81f   Thumb Code    46  dflt_clz.o(x$fpl$dflt)
    __aeabi_ui2d                             0x0800a84d   Thumb Code     0  dflt_clz.o(x$fpl$dfltu)
    _dfltu                                   0x0800a84d   Thumb Code    38  dflt_clz.o(x$fpl$dfltu)
    __aeabi_cdcmple                          0x0800a875   Thumb Code     0  dleqf.o(x$fpl$dleqf)
    _dcmple                                  0x0800a875   Thumb Code   120  dleqf.o(x$fpl$dleqf)
    __fpl_dcmple_InfNaN                      0x0800a8d7   Thumb Code     0  dleqf.o(x$fpl$dleqf)
    __aeabi_dmul                             0x0800a8ed   Thumb Code     0  dmul.o(x$fpl$dmul)
    _dmul                                    0x0800a8ed   Thumb Code   332  dmul.o(x$fpl$dmul)
    __fpl_dnaninf                            0x0800aa41   Thumb Code   156  dnaninf.o(x$fpl$dnaninf)
    __fpl_dretinf                            0x0800aadd   Thumb Code    12  dretinf.o(x$fpl$dretinf)
    __aeabi_drsub                            0x0800aae9   Thumb Code     0  daddsub_clz.o(x$fpl$drsb)
    _drsb                                    0x0800aae9   Thumb Code    22  daddsub_clz.o(x$fpl$drsb)
    __aeabi_dsub                             0x0800ab01   Thumb Code     0  daddsub_clz.o(x$fpl$dsub)
    _dsub                                    0x0800ab01   Thumb Code   464  daddsub_clz.o(x$fpl$dsub)
    __aeabi_f2uiz                            0x0800acd5   Thumb Code     0  ffixu.o(x$fpl$ffixu)
    _ffixu                                   0x0800acd5   Thumb Code    62  ffixu.o(x$fpl$ffixu)
    __aeabi_fmul                             0x0800ad15   Thumb Code     0  fmul.o(x$fpl$fmul)
    _fmul                                    0x0800ad15   Thumb Code   258  fmul.o(x$fpl$fmul)
    __fpl_fnaninf                            0x0800ae17   Thumb Code   140  fnaninf.o(x$fpl$fnaninf)
    __fpl_fretinf                            0x0800aea3   Thumb Code    10  fretinf.o(x$fpl$fretinf)
    OSUnMapTbl                               0x0800aeac   Data         256  os_core.o(.constdata)
    __I$use$fp                               0x0800aeac   Number         0  usenofp.o(x$fpl$usenofp)
    Region$$Table$$Base                      0x0800afd4   Number         0  anon$$obj.o(Region$$Table)
    Region$$Table$$Limit                     0x0800aff4   Number         0  anon$$obj.o(Region$$Table)
    SystemCoreClock                          0x20000000   Data           4  system_stm32f10x.o(.data)
    AHBPrescTable                            0x20000004   Data          16  system_stm32f10x.o(.data)
    __stdout                                 0x2000002c   Data           4  uart.o(.data)
    FunCode                                  0x20000030   Data           1  uart.o(.data)
    Progress                                 0x20000032   Data           2  uart.o(.data)
    CurrentState                             0x20000036   Data           1  systask.o(.data)
    CurrentUser                              0x20000038   Data           4  systask.o(.data)
    sectorKeyA                               0x2000003c   Data         256  rc522.o(.data)
    sectorNewsectorKeyA                      0x2000013c   Data         256  rc522.o(.data)
    ICID                                     0x2000023c   Data           4  rc522.o(.data)
    ReadFlag                                 0x20000240   Data           1  rc522.o(.data)
    WriteFlag                                0x20000241   Data           1  rc522.o(.data)
    Temperature                              0x20000242   Data           2  dht11.o(.data)
    Humidity                                 0x20000244   Data           2  dht11.o(.data)
    OSCtxSwCtr                               0x20000248   Data           4  os_core.o(.data)
    OSEventFreeList                          0x2000024c   Data           4  os_core.o(.data)
    OSFlagFreeList                           0x20000250   Data           4  os_core.o(.data)
    OSCPUUsage                               0x20000254   Data           1  os_core.o(.data)
    OSIdleCtrMax                             0x20000258   Data           4  os_core.o(.data)
    OSIdleCtrRun                             0x2000025c   Data           4  os_core.o(.data)
    OSStatRdy                                0x20000260   Data           1  os_core.o(.data)
    OSIntNesting                             0x20000261   Data           1  os_core.o(.data)
    OSLockNesting                            0x20000262   Data           1  os_core.o(.data)
    OSPrioCur                                0x20000263   Data           1  os_core.o(.data)
    OSPrioHighRdy                            0x20000264   Data           1  os_core.o(.data)
    OSRdyGrp                                 0x20000265   Data           1  os_core.o(.data)
    OSRdyTbl                                 0x20000266   Data           3  os_core.o(.data)
    OSRunning                                0x20000269   Data           1  os_core.o(.data)
    OSTaskCtr                                0x2000026a   Data           1  os_core.o(.data)
    OSIdleCtr                                0x2000026c   Data           4  os_core.o(.data)
    OSTCBCur                                 0x20000270   Data           4  os_core.o(.data)
    OSTCBFreeList                            0x20000274   Data           4  os_core.o(.data)
    OSTCBHighRdy                             0x20000278   Data           4  os_core.o(.data)
    OSTCBList                                0x2000027c   Data           4  os_core.o(.data)
    OSTickStepState                          0x20000280   Data           1  os_core.o(.data)
    OSQFreeList                              0x20000284   Data           4  os_core.o(.data)
    OSTime                                   0x20000288   Data           4  os_core.o(.data)
    SendBuff                                 0x2000028c   Data         128  uart.o(.bss)
    RecBuff                                  0x2000030c   Data         128  uart.o(.bss)
    START_TASK_STK                           0x2000038c   Data         512  systask.o(.bss)
    HANDLE_TASK_STK                          0x2000058c   Data         512  systask.o(.bss)
    DISPLAY_TASK_STK                         0x2000078c   Data         512  systask.o(.bss)
    WATCH_TASK_STK                           0x2000098c   Data         512  systask.o(.bss)
    LED_TASK_STK                             0x20000b8c   Data         512  systask.o(.bss)
    IWDG_TASK_STK                            0x20000d8c   Data         512  systask.o(.bss)
    StoredUser                               0x20000f8c   Data          12  systask.o(.bss)
    STMFLASH_BUF                             0x20000f98   Data        1024  stmflash.o(.bss)
    ReadBuff                                 0x20001398   Data          16  rc522.o(.bss)
    WriteBuff                                0x200013a8   Data          16  rc522.o(.bss)
    OSEventTbl                               0x200013f4   Data         160  os_core.o(.bss)
    OSFlagTbl                                0x20001494   Data          80  os_core.o(.bss)
    OSTaskStatStk                            0x200014e4   Data         512  os_core.o(.bss)
    OSTaskIdleStk                            0x200016e4   Data         512  os_core.o(.bss)
    OSTCBPrioTbl                             0x200018e4   Data          72  os_core.o(.bss)
    OSTCBTbl                                 0x2000192c   Data        1008  os_core.o(.bss)
    OSQTbl                                   0x20001d1c   Data         120  os_core.o(.bss)
    __libspace_start                         0x20001d94   Data          96  libspace.o(.bss)
    __temporary_stack_top$libspace           0x20001df4   Data           0  libspace.o(.bss)



==============================================================================

Memory Map of the image

  Image Entry point : 0x080040ed

  Load Region LR_IROM1 (Base: 0x08004000, Size: 0x00007280, Max: 0x0001c000, ABSOLUTE, COMPRESSED[0x00007024])

    Execution Region ER_IROM1 (Exec base: 0x08004000, Load base: 0x08004000, Size: 0x00006ff4, Max: 0x0001c000, ABSOLUTE)

    Exec Addr    Load Addr    Size         Type   Attr      Idx    E Section Name        Object

    0x08004000   0x08004000   0x000000ec   Data   RO          302    RESET               startup_stm32f10x_md.o
    0x080040ec   0x080040ec   0x00000008   Code   RO         1009  * !!!main             c_w.l(__main.o)
    0x080040f4   0x080040f4   0x00000034   Code   RO         1222    !!!scatter          c_w.l(__scatter.o)
    0x08004128   0x08004128   0x0000005a   Code   RO         1220    !!dczerorl2         c_w.l(__dczerorl2.o)
    0x08004182   0x08004182   0x00000002   PAD
    0x08004184   0x08004184   0x0000001c   Code   RO         1224    !!handler_zi        c_w.l(__scatter_zi.o)
    0x080041a0   0x080041a0   0x00000000   Code   RO         1006    .ARM.Collect$$_printf_percent$$00000000  c_w.l(_printf_percent.o)
    0x080041a0   0x080041a0   0x00000006   Code   RO         1005    .ARM.Collect$$_printf_percent$$0000000C  c_w.l(_printf_x.o)
    0x080041a6   0x080041a6   0x00000004   Code   RO         1050    .ARM.Collect$$_printf_percent$$00000017  c_w.l(_printf_percent_end.o)
    0x080041aa   0x080041aa   0x00000002   Code   RO         1094    .ARM.Collect$$libinit$$00000000  c_w.l(libinit.o)
    0x080041ac   0x080041ac   0x00000000   Code   RO         1101    .ARM.Collect$$libinit$$00000002  c_w.l(libinit2.o)
    0x080041ac   0x080041ac   0x00000000   Code   RO         1103    .ARM.Collect$$libinit$$00000004  c_w.l(libinit2.o)
    0x080041ac   0x080041ac   0x00000000   Code   RO         1106    .ARM.Collect$$libinit$$0000000A  c_w.l(libinit2.o)
    0x080041ac   0x080041ac   0x00000000   Code   RO         1108    .ARM.Collect$$libinit$$0000000C  c_w.l(libinit2.o)
    0x080041ac   0x080041ac   0x00000000   Code   RO         1110    .ARM.Collect$$libinit$$0000000E  c_w.l(libinit2.o)
    0x080041ac   0x080041ac   0x00000000   Code   RO         1113    .ARM.Collect$$libinit$$00000011  c_w.l(libinit2.o)
    0x080041ac   0x080041ac   0x00000000   Code   RO         1115    .ARM.Collect$$libinit$$00000013  c_w.l(libinit2.o)
    0x080041ac   0x080041ac   0x00000000   Code   RO         1117    .ARM.Collect$$libinit$$00000015  c_w.l(libinit2.o)
    0x080041ac   0x080041ac   0x00000000   Code   RO         1119    .ARM.Collect$$libinit$$00000017  c_w.l(libinit2.o)
    0x080041ac   0x080041ac   0x00000000   Code   RO         1121    .ARM.Collect$$libinit$$00000019  c_w.l(libinit2.o)
    0x080041ac   0x080041ac   0x00000000   Code   RO         1123    .ARM.Collect$$libinit$$0000001B  c_w.l(libinit2.o)
    0x080041ac   0x080041ac   0x00000000   Code   RO         1125    .ARM.Collect$$libinit$$0000001D  c_w.l(libinit2.o)
    0x080041ac   0x080041ac   0x00000000   Code   RO         1127    .ARM.Collect$$libinit$$0000001F  c_w.l(libinit2.o)
    0x080041ac   0x080041ac   0x00000000   Code   RO         1129    .ARM.Collect$$libinit$$00000021  c_w.l(libinit2.o)
    0x080041ac   0x080041ac   0x00000000   Code   RO         1131    .ARM.Collect$$libinit$$00000023  c_w.l(libinit2.o)
    0x080041ac   0x080041ac   0x00000000   Code   RO         1133    .ARM.Collect$$libinit$$00000025  c_w.l(libinit2.o)
    0x080041ac   0x080041ac   0x00000000   Code   RO         1137    .ARM.Collect$$libinit$$0000002C  c_w.l(libinit2.o)
    0x080041ac   0x080041ac   0x00000000   Code   RO         1139    .ARM.Collect$$libinit$$0000002E  c_w.l(libinit2.o)
    0x080041ac   0x080041ac   0x00000000   Code   RO         1141    .ARM.Collect$$libinit$$00000030  c_w.l(libinit2.o)
    0x080041ac   0x080041ac   0x00000000   Code   RO         1143    .ARM.Collect$$libinit$$00000032  c_w.l(libinit2.o)
    0x080041ac   0x080041ac   0x00000002   Code   RO         1144    .ARM.Collect$$libinit$$00000033  c_w.l(libinit2.o)
    0x080041ae   0x080041ae   0x00000002   Code   RO         1162    .ARM.Collect$$libshutdown$$00000000  c_w.l(libshutdown.o)
    0x080041b0   0x080041b0   0x00000000   Code   RO         1172    .ARM.Collect$$libshutdown$$00000002  c_w.l(libshutdown2.o)
    0x080041b0   0x080041b0   0x00000000   Code   RO         1174    .ARM.Collect$$libshutdown$$00000004  c_w.l(libshutdown2.o)
    0x080041b0   0x080041b0   0x00000000   Code   RO         1176    .ARM.Collect$$libshutdown$$00000006  c_w.l(libshutdown2.o)
    0x080041b0   0x080041b0   0x00000000   Code   RO         1179    .ARM.Collect$$libshutdown$$00000009  c_w.l(libshutdown2.o)
    0x080041b0   0x080041b0   0x00000000   Code   RO         1182    .ARM.Collect$$libshutdown$$0000000C  c_w.l(libshutdown2.o)
    0x080041b0   0x080041b0   0x00000000   Code   RO         1184    .ARM.Collect$$libshutdown$$0000000E  c_w.l(libshutdown2.o)
    0x080041b0   0x080041b0   0x00000000   Code   RO         1187    .ARM.Collect$$libshutdown$$00000011  c_w.l(libshutdown2.o)
    0x080041b0   0x080041b0   0x00000002   Code   RO         1188    .ARM.Collect$$libshutdown$$00000012  c_w.l(libshutdown2.o)
    0x080041b2   0x080041b2   0x00000000   Code   RO         1045    .ARM.Collect$$rtentry$$00000000  c_w.l(__rtentry.o)
    0x080041b2   0x080041b2   0x00000000   Code   RO         1063    .ARM.Collect$$rtentry$$00000002  c_w.l(__rtentry2.o)
    0x080041b2   0x080041b2   0x00000006   Code   RO         1075    .ARM.Collect$$rtentry$$00000004  c_w.l(__rtentry4.o)
    0x080041b8   0x080041b8   0x00000000   Code   RO         1065    .ARM.Collect$$rtentry$$00000009  c_w.l(__rtentry2.o)
    0x080041b8   0x080041b8   0x00000004   Code   RO         1066    .ARM.Collect$$rtentry$$0000000A  c_w.l(__rtentry2.o)
    0x080041bc   0x080041bc   0x00000000   Code   RO         1068    .ARM.Collect$$rtentry$$0000000C  c_w.l(__rtentry2.o)
    0x080041bc   0x080041bc   0x00000008   Code   RO         1069    .ARM.Collect$$rtentry$$0000000D  c_w.l(__rtentry2.o)
    0x080041c4   0x080041c4   0x00000002   Code   RO         1098    .ARM.Collect$$rtexit$$00000000  c_w.l(rtexit.o)
    0x080041c6   0x080041c6   0x00000000   Code   RO         1146    .ARM.Collect$$rtexit$$00000002  c_w.l(rtexit2.o)
    0x080041c6   0x080041c6   0x00000004   Code   RO         1147    .ARM.Collect$$rtexit$$00000003  c_w.l(rtexit2.o)
    0x080041ca   0x080041ca   0x00000006   Code   RO         1148    .ARM.Collect$$rtexit$$00000004  c_w.l(rtexit2.o)
    0x080041d0   0x080041d0   0x00000064   Code   RO            1    .text               main.o
    0x08004234   0x08004234   0x00000016   Code   RO          173    .text               stm32f10x_it.o
    0x0800424a   0x0800424a   0x00000002   PAD
    0x0800424c   0x0800424c   0x000001e0   Code   RO          271    .text               system_stm32f10x.o
    0x0800442c   0x0800442c   0x00000040   Code   RO          303    .text               startup_stm32f10x_md.o
    0x0800446c   0x0800446c   0x000000dc   Code   RO          307    .text               misc.o
    0x08004548   0x08004548   0x0000035c   Code   RO          345    .text               stm32f10x_gpio.o
    0x080048a4   0x080048a4   0x000003a4   Code   RO          357    .text               stm32f10x_rcc.o
    0x08004c48   0x08004c48   0x00000408   Code   RO          383    .text               stm32f10x_usart.o
    0x08005050   0x08005050   0x00000e1a   Code   RO          407    .text               stm32f10x_tim.o
    0x08005e6a   0x08005e6a   0x00000002   PAD
    0x08005e6c   0x08005e6c   0x000005bc   Code   RO          419    .text               stm32f10x_flash.o
    0x08006428   0x08006428   0x00000040   Code   RO          431    .text               stm32f10x_iwdg.o
    0x08006468   0x08006468   0x00000130   Code   RO          455    .text               delay.o
    0x08006598   0x08006598   0x00000038   Code   RO          505    .text               led.o
    0x080065d0   0x080065d0   0x00000310   Code   RO          520    .text               uart.o
    0x080068e0   0x080068e0   0x00000072   Code   RO          550    .text               timer.o
    0x08006952   0x08006952   0x00000002   PAD
    0x08006954   0x08006954   0x0000008c   Code   RO          568    .text               pwm.o
    0x080069e0   0x080069e0   0x00000468   Code   RO          587    .text               systask.o
    0x08006e48   0x08006e48   0x00000144   Code   RO          606    .text               stmflash.o
    0x08006f8c   0x08006f8c   0x00000830   Code   RO          721    .text               rc522.o
    0x080077bc   0x080077bc   0x00000022   Code   RO          740    .text               iwdg.o
    0x080077de   0x080077de   0x00000002   PAD
    0x080077e0   0x080077e0   0x00000180   Code   RO          755    .text               key.o
    0x08007960   0x08007960   0x0000021c   Code   RO          779    .text               dht11.o
    0x08007b7c   0x08007b7c   0x0000042c   Code   RO          797    .text               str.o
    0x08007fa8   0x08007fa8   0x0000087c   Code   RO          813    .text               os_core.o
    0x08008824   0x08008824   0x0000080c   Code   RO          833    .text               os_flag.o
    0x08009030   0x08009030   0x000005e8   Code   RO          875    .text               os_q.o
    0x08009618   0x08009618   0x000007c4   Code   RO          899    .text               os_task.o
    0x08009ddc   0x08009ddc   0x000001b0   Code   RO          911    .text               os_time.o
    0x08009f8c   0x08009f8c   0x000000b4   Code   RO          929    .text               os_cpu_a.o
    0x0800a040   0x0800a040   0x000000ae   Code   RO          932    .text               os_cpu_c.o
    0x0800a0ee   0x0800a0ee   0x00000002   Code   RO          956    .text               c_w.l(use_no_semi_2.o)
    0x0800a0f0   0x0800a0f0   0x00000018   Code   RO          960    .text               c_w.l(noretval__2printf.o)
    0x0800a108   0x0800a108   0x00000068   Code   RO          962    .text               c_w.l(__printf.o)
    0x0800a170   0x0800a170   0x00000058   Code   RO          967    .text               c_w.l(_printf_hex_int.o)
    0x0800a1c8   0x0800a1c8   0x00000006   Code   RO         1007    .text               c_w.l(heapauxi.o)
    0x0800a1ce   0x0800a1ce   0x00000002   Code   RO         1043    .text               c_w.l(use_no_semi.o)
    0x0800a1d0   0x0800a1d0   0x000000b2   Code   RO         1046    .text               c_w.l(_printf_intcommon.o)
    0x0800a282   0x0800a282   0x00000002   PAD
    0x0800a284   0x0800a284   0x00000024   Code   RO         1048    .text               c_w.l(_printf_char_file.o)
    0x0800a2a8   0x0800a2a8   0x00000030   Code   RO         1077    .text               c_w.l(_printf_char_common.o)
    0x0800a2d8   0x0800a2d8   0x00000008   Code   RO         1079    .text               c_w.l(ferror.o)
    0x0800a2e0   0x0800a2e0   0x0000004a   Code   RO         1083    .text               c_w.l(sys_stackheap_outer.o)
    0x0800a32a   0x0800a32a   0x00000012   Code   RO         1087    .text               c_w.l(exit.o)
    0x0800a33c   0x0800a33c   0x00000008   Code   RO         1095    .text               c_w.l(libspace.o)
    0x0800a344   0x0800a344   0x00000062   Code   RO         1011    x$fpl$d2f           fz_ws.l(d2f.o)
    0x0800a3a6   0x0800a3a6   0x00000002   PAD
    0x0800a3a8   0x0800a3a8   0x00000150   Code   RO         1013    x$fpl$dadd          fz_ws.l(daddsub_clz.o)
    0x0800a4f8   0x0800a4f8   0x00000018   Code   RO         1051    x$fpl$dcmpinf       fz_ws.l(dcmpi.o)
    0x0800a510   0x0800a510   0x000002b0   Code   RO         1020    x$fpl$ddiv          fz_ws.l(ddiv.o)
    0x0800a7c0   0x0800a7c0   0x0000005e   Code   RO         1023    x$fpl$dfix          fz_ws.l(dfix.o)
    0x0800a81e   0x0800a81e   0x0000002e   Code   RO         1028    x$fpl$dflt          fz_ws.l(dflt_clz.o)
    0x0800a84c   0x0800a84c   0x00000026   Code   RO         1027    x$fpl$dfltu         fz_ws.l(dflt_clz.o)
    0x0800a872   0x0800a872   0x00000002   PAD
    0x0800a874   0x0800a874   0x00000078   Code   RO         1033    x$fpl$dleqf         fz_ws.l(dleqf.o)
    0x0800a8ec   0x0800a8ec   0x00000154   Code   RO         1035    x$fpl$dmul          fz_ws.l(dmul.o)
    0x0800aa40   0x0800aa40   0x0000009c   Code   RO         1053    x$fpl$dnaninf       fz_ws.l(dnaninf.o)
    0x0800aadc   0x0800aadc   0x0000000c   Code   RO         1055    x$fpl$dretinf       fz_ws.l(dretinf.o)
    0x0800aae8   0x0800aae8   0x00000016   Code   RO         1014    x$fpl$drsb          fz_ws.l(daddsub_clz.o)
    0x0800aafe   0x0800aafe   0x00000002   PAD
    0x0800ab00   0x0800ab00   0x000001d4   Code   RO         1015    x$fpl$dsub          fz_ws.l(daddsub_clz.o)
    0x0800acd4   0x0800acd4   0x0000003e   Code   RO         1037    x$fpl$ffixu         fz_ws.l(ffixu.o)
    0x0800ad12   0x0800ad12   0x00000002   PAD
    0x0800ad14   0x0800ad14   0x00000102   Code   RO         1041    x$fpl$fmul          fz_ws.l(fmul.o)
    0x0800ae16   0x0800ae16   0x0000008c   Code   RO         1057    x$fpl$fnaninf       fz_ws.l(fnaninf.o)
    0x0800aea2   0x0800aea2   0x0000000a   Code   RO         1059    x$fpl$fretinf       fz_ws.l(fretinf.o)
    0x0800aeac   0x0800aeac   0x00000000   Code   RO         1061    x$fpl$usenofp       fz_ws.l(usenofp.o)
    0x0800aeac   0x0800aeac   0x00000100   Data   RO          815    .constdata          os_core.o
    0x0800afac   0x0800afac   0x00000028   Data   RO          968    .constdata          c_w.l(_printf_hex_int.o)
    0x0800afd4   0x0800afd4   0x00000020   Data   RO         1218    Region$$Table       anon$$obj.o


    Execution Region RW_IRAM1 (Exec base: 0x20000000, Load base: 0x0800aff4, Size: 0x000023f8, Max: 0x00005000, ABSOLUTE, COMPRESSED[0x00000030])

    Exec Addr    Load Addr    Size         Type   Attr      Idx    E Section Name        Object

    0x20000000   COMPRESSED   0x00000014   Data   RW          272    .data               system_stm32f10x.o
    0x20000014   COMPRESSED   0x00000014   Data   RW          358    .data               stm32f10x_rcc.o
    0x20000028   COMPRESSED   0x00000004   Data   RW          456    .data               delay.o
    0x2000002c   COMPRESSED   0x0000000a   Data   RW          522    .data               uart.o
    0x20000036   COMPRESSED   0x00000006   Data   RW          589    .data               systask.o
    0x2000003c   COMPRESSED   0x00000206   Data   RW          723    .data               rc522.o
    0x20000242   COMPRESSED   0x00000004   Data   RW          780    .data               dht11.o
    0x20000246   COMPRESSED   0x00000002   PAD
    0x20000248   COMPRESSED   0x00000044   Data   RW          816    .data               os_core.o
    0x2000028c        -       0x00000100   Zero   RW          521    .bss                uart.o
    0x2000038c        -       0x00000c0c   Zero   RW          588    .bss                systask.o
    0x20000f98        -       0x00000400   Zero   RW          607    .bss                stmflash.o
    0x20001398        -       0x00000020   Zero   RW          722    .bss                rc522.o
    0x200013b8        -       0x0000003c   Zero   RW          798    .bss                str.o
    0x200013f4        -       0x000009a0   Zero   RW          814    .bss                os_core.o
    0x20001d94        -       0x00000060   Zero   RW         1096    .bss                c_w.l(libspace.o)
    0x20001df4   COMPRESSED   0x00000004   PAD
    0x20001df8        -       0x00000200   Zero   RW          301    HEAP                startup_stm32f10x_md.o
    0x20001ff8        -       0x00000400   Zero   RW          300    STACK               startup_stm32f10x_md.o


==============================================================================

Image component sizes


      Code (inc. data)   RO Data    RW Data    ZI Data      Debug   Object Name

         0          0          0          0          0         32   core_cm3.o
       304         24          0          4          0       9910   delay.o
       540         28          0          4          0       1772   dht11.o
        34          0          0          0          0        420   iwdg.o
       384         40          0          0          0        779   key.o
        56          6          0          0          0        451   led.o
       100          8          0          0          0     223440   main.o
       220         22          0          0          0     205017   misc.o
      2172        216        256         68       2464      14879   os_core.o
       180         36          0          0          0        312   os_cpu_a.o
       174          0          0          0          0      10302   os_cpu_c.o
      2060         42          0          0          0       7060   os_flag.o
      1512         30          0          0          0       5725   os_q.o
      1988         70          0          0          0       7745   os_task.o
       432         30          0          0          0       1826   os_time.o
       140         10          0          0          0        692   pwm.o
      2096         36          0        518         32       8671   rc522.o
        64         26        236          0       1536        780   startup_stm32f10x_md.o
      1468         34          0          0          0       8118   stm32f10x_flash.o
       860         38          0          0          0       5641   stm32f10x_gpio.o
        22          0          0          0          0      50627   stm32f10x_it.o
        64          6          0          0          0       1237   stm32f10x_iwdg.o
       932         36          0         20          0       8788   stm32f10x_rcc.o
      3610         88          0          0          0      22748   stm32f10x_tim.o
      1032         22          0          0          0       8364   stm32f10x_usart.o
       324          8          0          0       1024     204310   stmflash.o
      1068         22          0          0         60       3924   str.o
      1128        194          0          6       3084       3713   systask.o
       480         38          0         20          0       1671   system_stm32f10x.o
       114          0          0          0          0        748   timer.o
       784         36          0         10        256      20182   uart.o

    ----------------------------------------------------------------------
     24350       1146        524        652       8456     839884   Object Totals
         0          0         32          0          0          0   (incl. Generated)
         8          0          0          2          0          0   (incl. Padding)

    ----------------------------------------------------------------------

      Code (inc. data)   RO Data    RW Data    ZI Data      Debug   Library Member Name

        90          0          0          0          0          0   __dczerorl2.o
         8          0          0          0          0         68   __main.o
       104          0          0          0          0         84   __printf.o
         0          0          0          0          0          0   __rtentry.o
        12          0          0          0          0          0   __rtentry2.o
         6          0          0          0          0          0   __rtentry4.o
        52          8          0          0          0          0   __scatter.o
        28          0          0          0          0          0   __scatter_zi.o
        48          6          0          0          0         96   _printf_char_common.o
        36          4          0          0          0         80   _printf_char_file.o
        88          4         40          0          0         88   _printf_hex_int.o
       178          0          0          0          0         88   _printf_intcommon.o
         0          0          0          0          0          0   _printf_percent.o
         4          0          0          0          0          0   _printf_percent_end.o
         6          0          0          0          0          0   _printf_x.o
        18          0          0          0          0         80   exit.o
         8          0          0          0          0         68   ferror.o
         6          0          0          0          0        152   heapauxi.o
         2          0          0          0          0          0   libinit.o
         2          0          0          0          0          0   libinit2.o
         2          0          0          0          0          0   libshutdown.o
         2          0          0          0          0          0   libshutdown2.o
         8          4          0          0         96         68   libspace.o
        24          4          0          0          0         84   noretval__2printf.o
         2          0          0          0          0          0   rtexit.o
        10          0          0          0          0          0   rtexit2.o
        74          0          0          0          0         80   sys_stackheap_outer.o
         2          0          0          0          0         68   use_no_semi.o
         2          0          0          0          0         68   use_no_semi_2.o
        98          4          0          0          0         92   d2f.o
       826         16          0          0          0        348   daddsub_clz.o
        24          0          0          0          0         68   dcmpi.o
       688        140          0          0          0        208   ddiv.o
        94          4          0          0          0         92   dfix.o
        84          0          0          0          0        136   dflt_clz.o
       120          4          0          0          0         92   dleqf.o
       340         12          0          0          0        104   dmul.o
       156          4          0          0          0         92   dnaninf.o
        12          0          0          0          0         68   dretinf.o
        62          4          0          0          0         84   ffixu.o
       258          4          0          0          0         84   fmul.o
       140          4          0          0          0         84   fnaninf.o
        10          0          0          0          0         68   fretinf.o
         0          0          0          0          0          0   usenofp.o

    ----------------------------------------------------------------------
      3746        226         40          0        100       2792   Library Totals
        12          0          0          0          4          0   (incl. Padding)

    ----------------------------------------------------------------------

      Code (inc. data)   RO Data    RW Data    ZI Data      Debug   Library Name

       822         30         40          0         96       1172   c_w.l
      2912        196          0          0          0       1620   fz_ws.l

    ----------------------------------------------------------------------
      3746        226         40          0        100       2792   Library Totals

    ----------------------------------------------------------------------

==============================================================================


      Code (inc. data)   RO Data    RW Data    ZI Data      Debug   

     28096       1372        564        652       8556     838876   Grand Totals
     28096       1372        564         48       8556     838876   ELF Image Totals (compressed)
     28096       1372        564         48          0          0   ROM Totals

==============================================================================

    Total RO  Size (Code + RO Data)                28660 (  27.99kB)
    Total RW  Size (RW Data + ZI Data)              9208 (   8.99kB)
    Total ROM Size (Code + RO Data + RW Data)      28708 (  28.04kB)

==============================================================================

