<html>
<body>
<pre>
<h1>µVision Build Log</h1>
<h2>Tool Versions:</h2>
IDE-Version: ¦ÌVision V5.36.0.0
Copyright (C) 2021 ARM Ltd and ARM Germany GmbH. All rights reserved.
License Information: Huang Qianlong, 1, LIC=KRMW3-AZLY3-GKFBG-VFH13-UZXPV-2VW1Q
 
Tool Versions:
Toolchain:       MDK-ARM Plus  Version: 5.36.0.0
Toolchain Path:  C:\Keil_v5\ARM\ARMCC\Bin
C Compiler:      Armcc.exe V5.06 update 7 (build 960)
Assembler:       Armasm.exe V5.06 update 7 (build 960)
Linker/Locator:  ArmLink.exe V5.06 update 7 (build 960)
Library Manager: ArmAr.exe V5.06 update 7 (build 960)
Hex Converter:   FromElf.exe V5.06 update 7 (build 960)
CPU DLL:         SARMCM3.DLL V5.36.0.0
Dialog DLL:      DCM.DLL V1.17.3.0
Target DLL:      STLink\ST-LINKIII-KEIL_SWO.dll V3.0.9.0
Dialog DLL:      TCM.DLL V1.53.0.0
 
<h2>Project:</h2>
C:\Files\OpenDoor\STM32F103C6T6\USER\Template.uvprojx
Project File Date:  06/30/2023

<h2>Output:</h2>
*** Using Compiler 'V5.06 update 7 (build 960)', folder: 'C:\Keil_v5\ARM\ARMCC\Bin'
Build target 'Template'
assembling startup_stm32f10x_ld.s...
compiling core_cm3.c...
compiling stm32f10x_it.c...
compiling misc.c...
compiling system_stm32f10x.c...
compiling stm32f10x_gpio.c...
compiling stm32f10x_rcc.c...
compiling main.c...
compiling stm32f10x_i2c.c...
compiling stm32f10x_usart.c...
compiling stm32f10x_iwdg.c...
compiling stm32f10x_adc.c...
compiling stm32f10x_dma.c...
compiling stm32f10x_flash.c...
compiling delay.c...
compiling sys.c...
compiling stm32f10x_tim.c...
compiling led.c...
compiling str.c...
compiling uart.c...
compiling dht11.c...
compiling oled.c...
compiling timer.c...
compiling pwm.c...
compiling stmflash.c...
compiling systask.c...
compiling os_mem.c...
compiling os_flag.c...
compiling os_mbox.c...
compiling os_core.c...
compiling iwdg.c...
compiling os_mutex.c...
compiling os_sem.c...
compiling os_q.c...
compiling warning.c...
compiling os_task.c...
compiling key.c...
compiling rc522.c...
compiling os_tmr.c...
assembling os_cpu_a.asm...
compiling os_time.c...
compiling os_cpu_c.c...
linking...
Program Size: Code=24576 RO-data=2756 RW-data=1884 ZI-data=6956  
FromELF: creating hex file...
"..\OBJ\Template.axf" - 0 Error(s), 0 Warning(s).

<h2>Software Packages used:</h2>

Package Vendor: Keil
                http://www.keil.com/pack/Keil.STM32F1xx_DFP.2.3.0.pack
                Keil.STM32F1xx_DFP.2.3.0
                STMicroelectronics STM32F1 Series Device Support, Drivers and Examples

<h2>Collection of Component include folders:</h2>
  C:\Users\Long\AppData\Local\Arm\Packs\Keil\STM32F1xx_DFP\2.3.0\Device\Include

<h2>Collection of Component Files used:</h2>
Build Time Elapsed:  00:00:07
</pre>
</body>
</html>
